initialization of mpi, rank : 0 nprocs : 1
 
@@@@@@@@@@@@@@@@@@@@@@@@@@@@@@@@@@@@@@@@@@@@@@@@@@@@@@@@@@@@@@@@@@@@@@@@@@@@@@@@@@@@
@        ____  _____ _        _  _____ _____     _____ ____ _____ ___ ____         @
@       |  _ \| ____| |      / \|_   _|_ _\ \   / /_ _/ ___|_   _|_ _/ ___|        @
@       | |_) |  _| | |     / _ \ | |  | | \ \ / / | |\___ \ | |  | | |            @
@       |  _ <| |___| |___ / ___ \| |  | |  \ V /  | | ___) || |  | | |___         @
@       |_|_\_\_____|_____/_/___\_\_|_|___|_ \_/  |___|____/ |_| |___\____|        @
@                       / ___|  / \  / ___||  _ \_   _|___ \                       @
@                      | |     / _ \ \___ \| |_) || |   __) |                      @
@                      | |___ / ___ \ ___) |  __/ | |  / __/                       @
@                       \____/_/   \_\____/|_|    |_| |_____|                      @
@                                                                                  @
@       Developped by Kohei Noda, Yasuto Masuda, Sumika Iwamuro, Minori Abe        @
@               Hiroshima University & Tokyo Metropolitan Univeristy               @
@                     https://github.com/RQC-HU/dirac_caspt2                       @
@                                                                                  @
@@@@@@@@@@@@@@@@@@@@@@@@@@@@@@@@@@@@@@@@@@@@@@@@@@@@@@@@@@@@@@@@@@@@@@@@@@@@@@@@@@@@
@                                                                                  @
@                MMMN,                                    .MMp                     @
@               .#  ?YMa,                                dM\Tb                     @
@               .F    ,MMm,                             dM#  .W,                   @
@               (F      TMMp                           JMMt    7,                  @
@               J]       4MMp                      .dMM@       M[                  @
@               M\        ?MMh.                    .(MMMF       -N.                @
@              .M          qMMMN+.............(+gMMMMM@^ (((()  MN                 @
@              (F          .MT"^ _~?77?!~~???77"^ ``,!           JM!               @
@              M]                                                  TN,             @
@             .M}                                                  VMp             @
@             MM        .gMMMNJ.                 ..MMMMMa,          UM2            @
@            JP       .MMMMMMMMMN,              .M^MMMMN,TN,         UMp           @
@           Jb        M@.MMMMMM)?Mh           .M^ MMMMMM] ?h          MMb          @
@          .M^       .Hp 4MMMM!  .Mb          .M  (MMMM) ..9]      ...(MMNCASPT2   @
@         .Mh.(J.,     TMNMMMMNM"^ 7`         TWgJuMMNg&M"     .d"""777MM!~??`     @
@    ..gMMMM"^ .^          ?^                       ^^?                q@]         @
@  .MM#"` MF        ^^^               ......             ^^^           -b          @
@ , "     HN{                         WMMMM\   ..&,.           MNMNH96jM@          @
@         .Mh,                 .       /M@^        //              _7^WMMMMNg,.    @
@          dMugNMMMMMM9         .%      M:       ..M`                J@    74,     @
@        ..MMM&       ..        TMa....M9WNmQggN#^?          jQNgg+..MF            @
@      .M@^ .dMMo..gd ^`            `                          ?jM RASPT2.         @
@     dF      ~jMM#1.               .N,      .N=        `   ..g#      .7           @
@             .MMTTMMNm,.            -MMMWyM9-         ..+MMMT=)  dMM      mi      @
@           .dMF    7?W""9g...,                 ...J"=`y"D`         FFM            @
@          .MMF                 ^    """"""""   ^                      KK.         @
@                                                                                  @
@@@@@@@@@@@@@@@@@@@@@@@@@@@@@@@@@@@@@@@@@@@@@@@@@@@@@@@@@@@@@@@@@@@@@@@@@@@@@@@@@@@@
@                                                                                  @
@       This program is intended to be used after HF and MO transformation         @
@       calculations uisng the DIRAC software.                                     @
@       https://www.diracprogram.org/doku.php?id=start                             @
@                                                                                  @
@       You can use, redistribute and/or modify this program under the terms       @
@       of the GNU Lesser General Public License version 2.1 as published          @
@       by the Free Software Foundation.                                           @
@                                                                                  @
@       Please cite the following paper when you publish the data obtained         @
@       using this program.                                                        @
@       1. Y. Masuda, K. Noda, S. Iwamuro, M. Hada, N. Nakatani, M. Abe.           @
@          Relativistic CASPT2/RASPT2 Program along with DIRAC software.           @
@          J. Chem. Theory Comput. 2025, 21, 3, 1249â€“1258;                         @
@          https://doi.org/10.1021/acs.jctc.4c01589                                @
@                                                                                  @
@       We do not take any responsibility for the results produced                 @
@       by this program.                                                           @
@                                                                                  @
@@@@@@@@@@@@@@@@@@@@@@@@@@@@@@@@@@@@@@@@@@@@@@@@@@@@@@@@@@@@@@@@@@@@@@@@@@@@@@@@@@@@
 
 
 Input file:
 ```inp
 .ninact
 8
 .nact
 4
 .nsec
 42
 .nelec
 2
 .caspt2_ciroots
 2 1
 .eshift
 0.0
 .diracver
 23
 .subprograms
 CASCI
 CASPT2
 .end
 ```
 
  
 Reading MRCONEE (1-e integrals)
 filename = MRCONEE
 DIRAC seems to be compiled with 64-bit integer.
 Information from MRCONEE
 NMO, BREIT, ECORE
                   54 F   25.863406715400597     
  NSYMRP, (REPN(IRP),IRP=1,NSYMRP)
                    2   1A            2A          
  NSYMRPA, (REPNA(IRP),IRP=1,NSYMRPA*2)
                    1    A   a
 MULTB
  2  1
  1  2
  
----------------------------------------------------------------
        energy-order    Dirac     orbtal energy    irrep  irrep 
           index        index         (a.u.)       index  string
----------------------------------------------------------------
 inactive      1            1   -0.1100682004E+02      1       A
 inactive      2           28   -0.1100682004E+02      1       A
 inactive      3            2   -0.1191936185E+01      1       A
 inactive      4           29   -0.1191936185E+01      1       A
 inactive      5            3   -0.7234750572E+00      1       A
 inactive      6           30   -0.7234750572E+00      1       A
 inactive      7            4   -0.7203933063E+00      1       A
 inactive      8           31   -0.7203933063E+00      1       A
 active        9            5   -0.7173558079E+00      1       A
 active       10           32   -0.7173558079E+00      1       A
 active       11            6    0.3046855456E+00      1       A
 active       12           33    0.3046855456E+00      1       A
 secondary    13            7    0.4186752325E+00      1       A
 secondary    14           34    0.4186752325E+00      1       A
 secondary    15            8    0.4195384658E+00      1       A
 secondary    16           35    0.4195384658E+00      1       A
 secondary    17            9    0.4203929727E+00      1       A
 secondary    18           36    0.4203929727E+00      1       A
 secondary    19           10    0.8120615863E+00      1       A
 secondary    20           37    0.8120615863E+00      1       A
 secondary    21           11    0.8133938274E+00      1       A
 secondary    22           38    0.8133938274E+00      1       A
 secondary    23           12    0.8147261074E+00      1       A
 secondary    24           39    0.8147261074E+00      1       A
 secondary    25           13    0.1390065531E+01      1       A
 secondary    26           40    0.1390065531E+01      1       A
 secondary    27           14    0.1587227266E+01      1       A
 secondary    28           41    0.1587227266E+01      1       A
 secondary    29           15    0.1588760069E+01      1       A
 secondary    30           42    0.1588760069E+01      1       A
 secondary    31           16    0.1590250901E+01      1       A
 secondary    32           43    0.1590250901E+01      1       A
 secondary    33           17    0.2285562490E+01      1       A
 secondary    34           44    0.2285562490E+01      1       A
 secondary    35           18    0.4460186159E+01      1       A
 secondary    36           45    0.4460186159E+01      1       A
 secondary    37           19    0.4467991045E+01      1       A
 secondary    38           46    0.4467991045E+01      1       A
 secondary    39           20    0.4475979108E+01      1       A
 secondary    40           47    0.4475979108E+01      1       A
 secondary    41           21    0.5918148553E+01      1       A
 secondary    42           48    0.5918148553E+01      1       A
 secondary    43           22    0.6041941561E+01      1       A
 secondary    44           49    0.6041941561E+01      1       A
 secondary    45           23    0.6050361094E+01      1       A
 secondary    46           50    0.6050361094E+01      1       A
 secondary    47           24    0.6059358126E+01      1       A
 secondary    48           51    0.6059358126E+01      1       A
 secondary    49           25    0.7586417059E+01      1       A
 secondary    50           52    0.7586417059E+01      1       A
 secondary    51           26    0.2374963020E+02      1       A
 secondary    52           53    0.2374963020E+02      1       A
 secondary    53           27    0.1070653371E+03      1       A
 secondary    54           54    0.1070653371E+03      1       A
  
 MDCINT realonly =  F
 
@@@@@@@@@@@@@@@@@@@@@@@@@@@@@@@@@@@@@@@@@@@@@@@@@@@@@@@@@@@@@@@@@@@@@@@@@@@@@@@@@@@@
@        ____  _____ _        _  _____ _____     _____ ____ _____ ___ ____         @
@       |  _ \| ____| |      / \|_   _|_ _\ \   / /_ _/ ___|_   _|_ _/ ___|        @
@       | |_) |  _| | |     / _ \ | |  | | \ \ / / | |\___ \ | |  | | |            @
@       |  _ <| |___| |___ / ___ \| |  | |  \ V /  | | ___) || |  | | |___         @
@       |_|_\_\_____|_____/_/___\_\_|_|___|_ \_/  |___|____/ |_| |___\____|        @
@                         ____    _    ____   ____ ___                             @
@                        / ___|  / \  / ___| / ___|_ _|                            @
@                       | |     / _ \ \___ \| |    | |                             @
@                       | |___ / ___ \ ___) | |___ | |                             @
@                        \____/_/   \_\____/ \____|___|                            @
@                                                                                  @
@       Developped by Kohei Noda, Yasuto Masuda, Sumika Iwamuro, Minori Abe        @
@               Hiroshima University & Tokyo Metropolitan Univeristy               @
@                     https://github.com/RQC-HU/dirac_caspt2                       @
@                                                                                  @
@@@@@@@@@@@@@@@@@@@@@@@@@@@@@@@@@@@@@@@@@@@@@@@@@@@@@@@@@@@@@@@@@@@@@@@@@@@@@@@@@@@@
@                                                                                  @
@                MMMN,                                    .MMp                     @
@               .#  ?YMa,                                dM\Tb                     @
@               .F    ,MMm,                             dM#  .W,                   @
@               (F      TMMp                           JMMt    7,                  @
@               J]       4MMp                      .dMM@       M[                  @
@               M\        ?MMh.                    .(MMMF       -N.                @
@              .M          qMMMN+.............(+gMMMMM@^ (((()  MN                 @
@              (F          .MT"^ _~?77?!~~???77"^ ``,!           JM!               @
@              M]                                                  TN,             @
@             .M}                                                  VMp             @
@             MM        .gMMMNJ.                 ..MMMMMa,          UM2            @
@            JP       .MMMMMMMMMN,              .M^MMMMN,TN,         UMp           @
@           Jb        M@.MMMMMM)?Mh           .M^ MMMMMM] ?h          MMb          @
@          .M^       .Hp 4MMMM!  .Mb          .M  (MMMM) ..9]      ...(MMNCASPT2   @
@         .Mh.(J.,     TMNMMMMNM"^ 7`         TWgJuMMNg&M"     .d"""777MM!~??`     @
@    ..gMMMM"^ .^          ?^                       ^^?                q@]         @
@  .MM#"` MF        ^^^               ......             ^^^           -b          @
@ , "     HN{                         WMMMM\   ..&,.           MNMNH96jM@          @
@         .Mh,                 .       /M@^        //              _7^WMMMMNg,.    @
@          dMugNMMMMMM9         .%      M:       ..M`                J@    74,     @
@        ..MMM&       ..        TMa....M9WNmQggN#^?          jQNgg+..MF            @
@      .M@^ .dMMo..gd ^`            `                          ?jM RASPT2.         @
@     dF      ~jMM#1.               .N,      .N=        `   ..g#      .7           @
@             .MMTTMMNm,.            -MMMWyM9-         ..+MMMT=)  dMM      mi      @
@           .dMF    7?W""9g...,                 ...J"=`y"D`         FFM            @
@          .MMF                 ^    """"""""   ^                      KK.         @
@                                                                                  @
@@@@@@@@@@@@@@@@@@@@@@@@@@@@@@@@@@@@@@@@@@@@@@@@@@@@@@@@@@@@@@@@@@@@@@@@@@@@@@@@@@@@
@                                                                                  @
@       This program is intended to be used after HF and MO transformation         @
@       calculations uisng the DIRAC software.                                     @
@       https://www.diracprogram.org/doku.php?id=start                             @
@                                                                                  @
@       You can use, redistribute and/or modify this program under the terms       @
@       of the GNU Lesser General Public License version 2.1 as published          @
@       by the Free Software Foundation.                                           @
@                                                                                  @
@       Please cite the following paper when you publish the data obtained         @
@       using this program.                                                        @
@       1. Y. Masuda, K. Noda, S. Iwamuro, M. Hada, N. Nakatani, M. Abe.           @
@          Relativistic CASPT2/RASPT2 Program along with DIRAC software.           @
@          J. Chem. Theory Comput. 2025, 21, 3, 1249â€“1258;                         @
@          https://doi.org/10.1021/acs.jctc.4c01589                                @
@                                                                                  @
@       We do not take any responsibility for the results produced                 @
@       by this program.                                                           @
@                                                                                  @
@@@@@@@@@@@@@@@@@@@@@@@@@@@@@@@@@@@@@@@@@@@@@@@@@@@@@@@@@@@@@@@@@@@@@@@@@@@@@@@@@@@@
 
 
  ENTER RELATIVISTIC CASCI PROGRAM
 
Master rank allocated memory size:       0.00 bytes
Present time is
YEAR  = 2025 MONTH = 2 DATE  = 27
HOUR  = 12 MIN  = 56 SEC  = 40.676
 ninact        = 8
 nact          = 4
 nsec          = 42
 nelec         = 2
 nroot         = 10
 selectroot    = 1
 totsym        = 2
 eshift        = 0.0000000000E+00
 diracver      = 23
 scheme        = 4
 ras1_max_hole = 0
 ras3_max_elec = 0
 minholeras1   = 0
 debugprint    = F
 
computational time = 0 day 0 h 0 min 0.000 sec
 Start create_newmdcint
 End create_newmdcint
computational time = 0 day 0 h 0 min 0.492 sec
 Enter readint2_casci
Master rank allocated memory size:       8.16 MB
 end Read mdcint normal
 nmo        =                   54
Master rank allocated memory size:       8.07 MB
  
 *******************************
  
 IREP IS      a
  
 *******************************
  
 Number of candidates for configuration of CASCI =                     6
 total symmetry of CASCI configuration =                     2
 Number of CASCI configuration =                     6
 WARNING: ndet < nroot
Cannot print 10th RASCI/CASCI energy
because the number of CASCI configuration is 6 and it is less than 10
 Therefore, replace nroot with the number of CASCI configuration.
 new nroot =                     6
 Cas mat enter
 end casmat_complex
 Start mat diagonalization
 ndet before diagonalization                    6
 End mat diagonalization
computational time = 0 day 0 h 0 min 0.002 sec
CASCI ENERGY FOR 2 STATE
CASCI Total Energy ROOT1      -37.46039781353654518625 a.u.
CASCI Total Energy ROOT2      -36.76477536407107038485 a.u.
CASCI Total Energy ROOT3      -36.76476611397701788064 a.u.
CASCI Total Energy ROOT4      -36.76473618441328028439 a.u.
CASCI Total Energy ROOT5      -36.74434730991950459611 a.u.
CASCI Total Energy ROOT6      -35.73875359635226800492 a.u.
Root =    1
 T T F F
   1   -0.9999823E+00    0.8203405E-15 Weights  0.9999646E+00
Root =    2
 T F T F
   2    0.2481431E+00   -0.4453276E+00 Weights  0.2598917E+00
 F T T F
   3   -0.4663637E-03   -0.4900083E+00 Weights  0.2401083E+00
 T F F T
   4    0.4677505E-03   -0.4900083E+00 Weights  0.2401083E+00
 F T F T
   5    0.2481418E+00    0.4453283E+00 Weights  0.2598917E+00
Root =    3
 T F T F
   2    0.6169223E+00    0.3451246E+00 Weights  0.4997040E+00
 F T F T
   5    0.6169223E+00   -0.3451246E+00 Weights  0.4997040E+00
Root =    4
 T F T F
   2    0.2399878E+00   -0.4272175E+00 Weights  0.2401089E+00
 F T T F
   3   -0.8580376E-03    0.5097944E+00 Weights  0.2598911E+00
 T F F T
   4    0.8580376E-03    0.5097944E+00 Weights  0.2598911E+00
 F T F T
   5    0.2399878E+00    0.4272175E+00 Weights  0.2401089E+00
Root =    5
 F T T F
   3    0.7068979E+00    0.2652632E-03 Weights  0.4997047E+00
 T F F T
   4   -0.7068979E+00    0.2652632E-03 Weights  0.4997047E+00
Root =    6
 F F T T
   6    0.9999823E+00    0.0000000E+00 Weights  0.9999646E+00
 enter e0test
 core energy =   25.863406715400597     
 energyHF(1)              (-97.927485333086153,0.0000000000000000)
 energyHF(2)               (34.603741690978879,0.0000000000000000)
 energyHF =              (-37.460336926706674,0.0000000000000000)
 energyHF(MRCONEE) =  -37.460336925585366     
 energyHF(MRCONEE) - energyHF =         (1.12130749130301410E-009,0.0000000000000000)
 -------------------------------------------------------------------------
 NOTE:
 If DIRAC HF calculation was calculated with closed shell orbitals,
 the energyHF obtained from MRCONEE should be
 approximately the same as the energyHF.
 But if DIRAC HF calculation was calculated with open shell orbitals,
 the two energies may be different because DIRAC calculates the HF energy
 by AOC-HF method as default.
 -------------------------------------------------------------------------
selectroot 1
 energy 1 =              (-84.371255112330616,0.0000000000000000)
 energy 2 =               (23.175331397939942,0.0000000000000000)
 energy 3 =              (-2.8208456405582876,0.0000000000000000)
 energy 4 =        (0.69296482601187481,9.73584055368095510E-020)
 t-energy(1-4)        (-63.323804528937089,9.73584055368095510E-020)
 t-energy  -63.323804528937146     
 C the error  (-5.68434188608080149E-014,-9.73584055368095510E-020)
Master rank allocated memory size:       8.07 MB
Master rank allocated memory size:       0.00 bytes
computational time = 0 day 0 h 0 min 0.606 sec
 End r4dcasci part
 
@@@@@@@@@@@@@@@@@@@@@@@@@@@@@@@@@@@@@@@@@@@@@@@@@@@@@@@@@@@@@@@@@@@@@@@@@@@@@@@@@@@@
@        ____  _____ _        _  _____ _____     _____ ____ _____ ___ ____         @
@       |  _ \| ____| |      / \|_   _|_ _\ \   / /_ _/ ___|_   _|_ _/ ___|        @
@       | |_) |  _| | |     / _ \ | |  | | \ \ / / | |\___ \ | |  | | |            @
@       |  _ <| |___| |___ / ___ \| |  | |  \ V /  | | ___) || |  | | |___         @
@       |_|_\_\_____|_____/_/___\_\_|_|___|_ \_/  |___|____/ |_| |___\____|        @
@                       / ___|  / \  / ___||  _ \_   _|___ \                       @
@                      | |     / _ \ \___ \| |_) || |   __) |                      @
@                      | |___ / ___ \ ___) |  __/ | |  / __/                       @
@                       \____/_/   \_\____/|_|    |_| |_____|                      @
@                                                                                  @
@       Developped by Kohei Noda, Yasuto Masuda, Sumika Iwamuro, Minori Abe        @
@               Hiroshima University & Tokyo Metropolitan Univeristy               @
@                     https://github.com/RQC-HU/dirac_caspt2                       @
@                                                                                  @
@@@@@@@@@@@@@@@@@@@@@@@@@@@@@@@@@@@@@@@@@@@@@@@@@@@@@@@@@@@@@@@@@@@@@@@@@@@@@@@@@@@@
@                                                                                  @
@                MMMN,                                    .MMp                     @
@               .#  ?YMa,                                dM\Tb                     @
@               .F    ,MMm,                             dM#  .W,                   @
@               (F      TMMp                           JMMt    7,                  @
@               J]       4MMp                      .dMM@       M[                  @
@               M\        ?MMh.                    .(MMMF       -N.                @
@              .M          qMMMN+.............(+gMMMMM@^ (((()  MN                 @
@              (F          .MT"^ _~?77?!~~???77"^ ``,!           JM!               @
@              M]                                                  TN,             @
@             .M}                                                  VMp             @
@             MM        .gMMMNJ.                 ..MMMMMa,          UM2            @
@            JP       .MMMMMMMMMN,              .M^MMMMN,TN,         UMp           @
@           Jb        M@.MMMMMM)?Mh           .M^ MMMMMM] ?h          MMb          @
@          .M^       .Hp 4MMMM!  .Mb          .M  (MMMM) ..9]      ...(MMNCASPT2   @
@         .Mh.(J.,     TMNMMMMNM"^ 7`         TWgJuMMNg&M"     .d"""777MM!~??`     @
@    ..gMMMM"^ .^          ?^                       ^^?                q@]         @
@  .MM#"` MF        ^^^               ......             ^^^           -b          @
@ , "     HN{                         WMMMM\   ..&,.           MNMNH96jM@          @
@         .Mh,                 .       /M@^        //              _7^WMMMMNg,.    @
@          dMugNMMMMMM9         .%      M:       ..M`                J@    74,     @
@        ..MMM&       ..        TMa....M9WNmQggN#^?          jQNgg+..MF            @
@      .M@^ .dMMo..gd ^`            `                          ?jM RASPT2.         @
@     dF      ~jMM#1.               .N,      .N=        `   ..g#      .7           @
@             .MMTTMMNm,.            -MMMWyM9-         ..+MMMT=)  dMM      mi      @
@           .dMF    7?W""9g...,                 ...J"=`y"D`         FFM            @
@          .MMF                 ^    """"""""   ^                      KK.         @
@                                                                                  @
@@@@@@@@@@@@@@@@@@@@@@@@@@@@@@@@@@@@@@@@@@@@@@@@@@@@@@@@@@@@@@@@@@@@@@@@@@@@@@@@@@@@
@                                                                                  @
@       This program is intended to be used after HF and MO transformation         @
@       calculations uisng the DIRAC software.                                     @
@       https://www.diracprogram.org/doku.php?id=start                             @
@                                                                                  @
@       You can use, redistribute and/or modify this program under the terms       @
@       of the GNU Lesser General Public License version 2.1 as published          @
@       by the Free Software Foundation.                                           @
@                                                                                  @
@       Please cite the following paper when you publish the data obtained         @
@       using this program.                                                        @
@       1. Y. Masuda, K. Noda, S. Iwamuro, M. Hada, N. Nakatani, M. Abe.           @
@          Relativistic CASPT2/RASPT2 Program along with DIRAC software.           @
@          J. Chem. Theory Comput. 2025, 21, 3, 1249â€“1258;                         @
@          https://doi.org/10.1021/acs.jctc.4c01589                                @
@                                                                                  @
@       We do not take any responsibility for the results produced                 @
@       by this program.                                                           @
@                                                                                  @
@@@@@@@@@@@@@@@@@@@@@@@@@@@@@@@@@@@@@@@@@@@@@@@@@@@@@@@@@@@@@@@@@@@@@@@@@@@@@@@@@@@@
 
 
  START RELATIVISIC CASPT2 PROGRAM
 
Master rank allocated memory size:       0.00 bytes
Present time is
YEAR  = 2025 MONTH = 2 DATE  = 27
HOUR  = 12 MIN  = 56 SEC  = 41.282
 ninact        = 8
 nact          = 4
 nsec          = 42
 nelec         = 2
 nroot         = 6
 selectroot    = 1
 totsym        = 2
 eshift        = 0.0000000000E+00
 diracver      = 23
 scheme        = 4
 ras1_max_hole = 0
 ras3_max_elec = 0
 minholeras1   = 0
 debugprint    = F
 
 Reading MDCINT (2-e integrals)
Master rank allocated memory size:       0.00 bytes
 nmo        =                   54
 Enter readint2_casci
Master rank allocated memory size:       8.16 MB
 end Read mdcint normal
computational time = 0 day 0 h 0 min 0.234 sec
 end building fock
computational time = 0 day 0 h 0 min 0.002 sec
 cdiag0 start
 nsymrpa                    1
 cdiag0 start
 nsymrpa                    1
 cdiag0 start
 nsymrpa                    1
computational time = 0 day 0 h 0 min 0.000 sec
computational time = 0 day 0 h 0 min 0.000 sec
  
 *******************************
  
IRREP =    a
  
 *******************************
  
 selectroot =                     1
computational time = 0 day 0 h 0 min 0.001 sec
----------------------------------------------------------------
 Start calcultion of A subspace 2nd order energy
----------------------------------------------------------------
Master rank allocated memory size:       8.12 MB
Master rank allocated memory size:       8.15 MB
  
 e2a(isym)
 e2a(  1) =    -0.183415655349062E-07 a.u.
 e2a       =    -0.183415655349062E-07 a.u.
 sumc2,a  =     0.118745492610269E-07
  
 End calcultion of A subspace 2nd order energy
computational time = 0 day 0 h 0 min 0.009 sec
----------------------------------------------------------------
  
----------------------------------------------------------------
 Start calcultion of B subspace 2nd order energy
----------------------------------------------------------------
Master rank allocated memory size:       8.13 MB
  
 e2b(isym)
 e2b(  1)  =    -0.252379102333800E-03 a.u.
 e2b       =    -0.252379102333800E-03 a.u.
 sumc2,b   =     0.973101597557531E-04
  
 End calcuation of B subspace 2nd order energy
computational time = 0 day 0 h 0 min 0.003 sec
----------------------------------------------------------------
  
----------------------------------------------------------------
 Start calcultion of C subspace 2nd order energy
----------------------------------------------------------------
Master rank allocated memory size:       8.15 MB
Master rank allocated memory size:       8.28 MB
Master rank allocated memory size:       8.28 MB
  
 e2c(isym)
 e2c(  1) =    -0.136569356566459E-03 a.u.
 e2c      =    -0.136569356566459E-03 a.u.
 sumc2,c  =     0.389922224486590E-04
  
 End calcuation of C subspace 2nd order energy
computational time = 0 day 0 h 0 min 0.055 sec
----------------------------------------------------------------
  
----------------------------------------------------------------
 Start calcultion of D subspace 2nd order energy
----------------------------------------------------------------
Master rank allocated memory size:       8.20 MB
Master rank allocated memory size:       8.20 MB
Master rank allocated memory size:       8.44 MB
  
 e2d(isym)
 e2d(  1) =    -0.240921265291285E-02 a.u.
 e2d      =    -0.240921265291285E-02 a.u.
 sumc2,d  =     0.681765498285365E-03
  
 End calcuation of D subspace 2nd order energy
computational time = 0 day 0 h 0 min 0.067 sec
----------------------------------------------------------------
  
----------------------------------------------------------------
 Start calcultion of E subspace 2nd order energy
----------------------------------------------------------------
Master rank allocated memory size:       8.28 MB
  
 e2e(isym)
 e2e(  1) =    -0.513415986693871E-02 a.u.
 e2e      =    -0.513415986693871E-02 a.u.
 sumc2,e  =     0.133896840910508E-02
  
 End calcuation of E subspace 2nd order energy
computational time = 0 day 0 h 0 min 0.024 sec
----------------------------------------------------------------
  
----------------------------------------------------------------
 Start calcultion of F subspace 2nd order energy
----------------------------------------------------------------
Master rank allocated memory size:       8.54 MB
  
 e2f(isym)
 e2f(  1) =    -0.929205851761428E-02 a.u.
 e2f      =    -0.929205851761428E-02 a.u.
 sumc2,f  =     0.208341219392662E-02
  
 End calcuation of F subspace 2nd order energy
computational time = 0 day 0 h 0 min 0.063 sec
----------------------------------------------------------------
  
----------------------------------------------------------------
 Start calcultion of G subspace 2nd order energy
----------------------------------------------------------------
Master rank allocated memory size:       8.97 MB
  
 e2g(isym)
 e2g(  1) =    -0.375547863590659E-01 a.u.
 e2g      =    -0.375547863590659E-01 a.u.
 sumc2,g  =     0.761383970080181E-02
  
 End calcuation of G subspace 2nd order energy
computational time = 0 day 0 h 0 min 0.129 sec
----------------------------------------------------------------
  
----------------------------------------------------------------
 Start calcultion of H subspace 2nd order energy
----------------------------------------------------------------
Master rank allocated memory size:       9.84 MB
  
 e2h      =    -0.724952047733263E-01 a.u.
 sumc2,h  =     0.110952001597395E-01
  
 End calcuation of H subspace 2nd order energy
computational time = 0 day 0 h 0 min 0.217 sec
----------------------------------------------------------------
  
 CASPT2 ENERGY FOR 2 STATE, selectroot = 1
 c^2 is                                 0.02294950021861205669
 weight of 0th wave function is         0.97756536347717315483
 Total second order energy is          -0.12727438897032380960 a.u.
 Total energy is                      -37.58767220250686591498 a.u.
  
 END OF RELATIVISTIC CASPT2 PROGRAM

================= Standard error =================

================= Calculation finished ================
User Command : /workspace/build/dcaspt2 -i /workspace/test/unmarked/c1_methane_dirac23/active.inp -o /workspace/test/unmarked/c1_methane_dirac23/c1_methane_dirac23.caspt2.out --omp 1
Auto-created Command :  /workspace/build/r4dcaspt2exe
Scratch directory : /home/docker/dcaspt2_scratch/active_2025-02-27_12-56-40_l8ptdydm
Output file : /workspace/test/unmarked/c1_methane_dirac23/c1_methane_dirac23.caspt2.out
Calculation started at : 2025-02-27 12:56:40
Calculation finished at : 2025-02-27 12:56:42
Elapsed time (sec) : 1.4230 sec
Elapsed time : 0 day 0 hour 0 min 1 sec 422 millisecond
dirac-caspt2 version (commit hash) : e91dda0be404ad211985ff259698f8c040354219
NORMAL END OF dirac-caspt2 CALCULATION
