initialization of mpi, rank : 0 nprocs : 1
 
@@@@@@@@@@@@@@@@@@@@@@@@@@@@@@@@@@@@@@@@@@@@@@@@@@@@@@@@@@@@@@@@@@@@@@@@@@@@@@@@@@@@
@        ____  _____ _        _  _____ _____     _____ ____ _____ ___ ____         @
@       |  _ \| ____| |      / \|_   _|_ _\ \   / /_ _/ ___|_   _|_ _/ ___|        @
@       | |_) |  _| | |     / _ \ | |  | | \ \ / / | |\___ \ | |  | | |            @
@       |  _ <| |___| |___ / ___ \| |  | |  \ V /  | | ___) || |  | | |___         @
@       |_|_\_\_____|_____/_/___\_\_|_|___|_ \_/  |___|____/ |_| |___\____|        @
@                       / ___|  / \  / ___||  _ \_   _|___ \                       @
@                      | |     / _ \ \___ \| |_) || |   __) |                      @
@                      | |___ / ___ \ ___) |  __/ | |  / __/                       @
@                       \____/_/   \_\____/|_|    |_| |_____|                      @
@                                                                                  @
@       Developped by Kohei Noda, Yasuto Masuda, Sumika Iwamuro, Minori Abe        @
@               Hiroshima University & Tokyo Metropolitan Univeristy               @
@                     https://github.com/RQC-HU/dirac_caspt2                       @
@                                                                                  @
@@@@@@@@@@@@@@@@@@@@@@@@@@@@@@@@@@@@@@@@@@@@@@@@@@@@@@@@@@@@@@@@@@@@@@@@@@@@@@@@@@@@
@                                                                                  @
@                MMMN,                                    .MMp                     @
@               .#  ?YMa,                                dM\Tb                     @
@               .F    ,MMm,                             dM#  .W,                   @
@               (F      TMMp                           JMMt    7,                  @
@               J]       4MMp                      .dMM@       M[                  @
@               M\        ?MMh.                    .(MMMF       -N.                @
@              .M          qMMMN+.............(+gMMMMM@^ (((()  MN                 @
@              (F          .MT"^ _~?77?!~~???77"^ ``,!           JM!               @
@              M]                                                  TN,             @
@             .M}                                                  VMp             @
@             MM        .gMMMNJ.                 ..MMMMMa,          UM2            @
@            JP       .MMMMMMMMMN,              .M^MMMMN,TN,         UMp           @
@           Jb        M@.MMMMMM)?Mh           .M^ MMMMMM] ?h          MMb          @
@          .M^       .Hp 4MMMM!  .Mb          .M  (MMMM) ..9]      ...(MMNCASPT2   @
@         .Mh.(J.,     TMNMMMMNM"^ 7`         TWgJuMMNg&M"     .d"""777MM!~??`     @
@    ..gMMMM"^ .^          ?^                       ^^?                q@]         @
@  .MM#"` MF        ^^^               ......             ^^^           -b          @
@ , "     HN{                         WMMMM\   ..&,.           MNMNH96jM@          @
@         .Mh,                 .       /M@^        //              _7^WMMMMNg,.    @
@          dMugNMMMMMM9         .%      M:       ..M`                J@    74,     @
@        ..MMM&       ..        TMa....M9WNmQggN#^?          jQNgg+..MF            @
@      .M@^ .dMMo..gd ^`            `                          ?jM RASPT2.         @
@     dF      ~jMM#1.               .N,      .N=        `   ..g#      .7           @
@             .MMTTMMNm,.            -MMMWyM9-         ..+MMMT=)  dMM      mi      @
@           .dMF    7?W""9g...,                 ...J"=`y"D`         FFM            @
@          .MMF                 ^    """"""""   ^                      KK.         @
@                                                                                  @
@@@@@@@@@@@@@@@@@@@@@@@@@@@@@@@@@@@@@@@@@@@@@@@@@@@@@@@@@@@@@@@@@@@@@@@@@@@@@@@@@@@@
@                                                                                  @
@       This program is intended to be used after HF and MO transformation         @
@       calculations uisng the DIRAC software.                                     @
@       https://www.diracprogram.org/doku.php?id=start                             @
@                                                                                  @
@       You can use, redistribute and/or modify this program under the terms       @
@       of the GNU Lesser General Public License version 2.1 as published          @
@       by the Free Software Foundation.                                           @
@                                                                                  @
@       Please cite the following paper when you publish the data obtained         @
@       using this program.                                                        @
@       1. Y. Masuda, K. Noda, S. Iwamuro, M. Hada, N. Nakatani, M. Abe.           @
@          Relativistic CASPT2/RASPT2 Program along with DIRAC software.           @
@          J. Chem. Theory Comput. 2025, 21, 3, 1249â€“1258;                         @
@          https://doi.org/10.1021/acs.jctc.4c01589                                @
@                                                                                  @
@       We do not take any responsibility for the results produced                 @
@       by this program.                                                           @
@                                                                                  @
@@@@@@@@@@@@@@@@@@@@@@@@@@@@@@@@@@@@@@@@@@@@@@@@@@@@@@@@@@@@@@@@@@@@@@@@@@@@@@@@@@@@
 
 
 Input file:
 ```inp
 .ninact
 6
 .nact
 8
 .nsec
 40
 .nelec
 4
 .caspt2_ciroots
 2 1
 .eshift
 0.0
 .diracver
 22
 .subprograms
 CASCI
 CASPT2
 .end
 0
 ```
 
  
 Reading MRCONEE (1-e integrals)
 filename = MRCONEE
 DIRAC seems to be compiled with 64-bit integer.
 Information from MRCONEE
 NMO, BREIT, ECORE
                   54 F   25.863406715400597     
  NSYMRP, (REPN(IRP),IRP=1,NSYMRP)
                    2   1A            2A          
  NSYMRPA, (REPNA(IRP),IRP=1,NSYMRPA*2)
                    1    A   a
 MULTB
  2  1
  1  2
  
----------------------------------------------------------------
        energy-order    Dirac     orbtal energy    irrep  irrep 
           index        index         (a.u.)       index  string
----------------------------------------------------------------
 inactive      1            1   -0.1100682004E+02      1       A
 inactive      2           28   -0.1100682004E+02      1       A
 inactive      3            2   -0.1191936185E+01      1       A
 inactive      4           29   -0.1191936185E+01      1       A
 inactive      5            3   -0.7234750572E+00      1       A
 inactive      6           30   -0.7234750572E+00      1       A
 active        7            4   -0.7203933063E+00      1       A
 active        8           31   -0.7203933063E+00      1       A
 active        9            5   -0.7173558079E+00      1       A
 active       10           32   -0.7173558079E+00      1       A
 active       11            6    0.3046855456E+00      1       A
 active       12           33    0.3046855456E+00      1       A
 active       13            7    0.4186752325E+00      1       A
 active       14           34    0.4186752325E+00      1       A
 secondary    15            8    0.4195384658E+00      1       A
 secondary    16           35    0.4195384658E+00      1       A
 secondary    17            9    0.4203929727E+00      1       A
 secondary    18           36    0.4203929727E+00      1       A
 secondary    19           10    0.8120615863E+00      1       A
 secondary    20           37    0.8120615863E+00      1       A
 secondary    21           11    0.8133938274E+00      1       A
 secondary    22           38    0.8133938274E+00      1       A
 secondary    23           12    0.8147261074E+00      1       A
 secondary    24           39    0.8147261074E+00      1       A
 secondary    25           13    0.1390065531E+01      1       A
 secondary    26           40    0.1390065531E+01      1       A
 secondary    27           14    0.1587227266E+01      1       A
 secondary    28           41    0.1587227266E+01      1       A
 secondary    29           15    0.1588760069E+01      1       A
 secondary    30           42    0.1588760069E+01      1       A
 secondary    31           16    0.1590250901E+01      1       A
 secondary    32           43    0.1590250901E+01      1       A
 secondary    33           17    0.2285562490E+01      1       A
 secondary    34           44    0.2285562490E+01      1       A
 secondary    35           18    0.4460186159E+01      1       A
 secondary    36           45    0.4460186159E+01      1       A
 secondary    37           19    0.4467991045E+01      1       A
 secondary    38           46    0.4467991045E+01      1       A
 secondary    39           20    0.4475979108E+01      1       A
 secondary    40           47    0.4475979108E+01      1       A
 secondary    41           21    0.5918148553E+01      1       A
 secondary    42           48    0.5918148553E+01      1       A
 secondary    43           22    0.6041941561E+01      1       A
 secondary    44           49    0.6041941561E+01      1       A
 secondary    45           23    0.6050361094E+01      1       A
 secondary    46           50    0.6050361094E+01      1       A
 secondary    47           24    0.6059358126E+01      1       A
 secondary    48           51    0.6059358126E+01      1       A
 secondary    49           25    0.7586417059E+01      1       A
 secondary    50           52    0.7586417059E+01      1       A
 secondary    51           26    0.2374963020E+02      1       A
 secondary    52           53    0.2374963020E+02      1       A
 secondary    53           27    0.1070653371E+03      1       A
 secondary    54           54    0.1070653371E+03      1       A
  
 MDCINT realonly =  F
 
@@@@@@@@@@@@@@@@@@@@@@@@@@@@@@@@@@@@@@@@@@@@@@@@@@@@@@@@@@@@@@@@@@@@@@@@@@@@@@@@@@@@
@        ____  _____ _        _  _____ _____     _____ ____ _____ ___ ____         @
@       |  _ \| ____| |      / \|_   _|_ _\ \   / /_ _/ ___|_   _|_ _/ ___|        @
@       | |_) |  _| | |     / _ \ | |  | | \ \ / / | |\___ \ | |  | | |            @
@       |  _ <| |___| |___ / ___ \| |  | |  \ V /  | | ___) || |  | | |___         @
@       |_|_\_\_____|_____/_/___\_\_|_|___|_ \_/  |___|____/ |_| |___\____|        @
@                         ____    _    ____   ____ ___                             @
@                        / ___|  / \  / ___| / ___|_ _|                            @
@                       | |     / _ \ \___ \| |    | |                             @
@                       | |___ / ___ \ ___) | |___ | |                             @
@                        \____/_/   \_\____/ \____|___|                            @
@                                                                                  @
@       Developped by Kohei Noda, Yasuto Masuda, Sumika Iwamuro, Minori Abe        @
@               Hiroshima University & Tokyo Metropolitan Univeristy               @
@                     https://github.com/RQC-HU/dirac_caspt2                       @
@                                                                                  @
@@@@@@@@@@@@@@@@@@@@@@@@@@@@@@@@@@@@@@@@@@@@@@@@@@@@@@@@@@@@@@@@@@@@@@@@@@@@@@@@@@@@
@                                                                                  @
@                MMMN,                                    .MMp                     @
@               .#  ?YMa,                                dM\Tb                     @
@               .F    ,MMm,                             dM#  .W,                   @
@               (F      TMMp                           JMMt    7,                  @
@               J]       4MMp                      .dMM@       M[                  @
@               M\        ?MMh.                    .(MMMF       -N.                @
@              .M          qMMMN+.............(+gMMMMM@^ (((()  MN                 @
@              (F          .MT"^ _~?77?!~~???77"^ ``,!           JM!               @
@              M]                                                  TN,             @
@             .M}                                                  VMp             @
@             MM        .gMMMNJ.                 ..MMMMMa,          UM2            @
@            JP       .MMMMMMMMMN,              .M^MMMMN,TN,         UMp           @
@           Jb        M@.MMMMMM)?Mh           .M^ MMMMMM] ?h          MMb          @
@          .M^       .Hp 4MMMM!  .Mb          .M  (MMMM) ..9]      ...(MMNCASPT2   @
@         .Mh.(J.,     TMNMMMMNM"^ 7`         TWgJuMMNg&M"     .d"""777MM!~??`     @
@    ..gMMMM"^ .^          ?^                       ^^?                q@]         @
@  .MM#"` MF        ^^^               ......             ^^^           -b          @
@ , "     HN{                         WMMMM\   ..&,.           MNMNH96jM@          @
@         .Mh,                 .       /M@^        //              _7^WMMMMNg,.    @
@          dMugNMMMMMM9         .%      M:       ..M`                J@    74,     @
@        ..MMM&       ..        TMa....M9WNmQggN#^?          jQNgg+..MF            @
@      .M@^ .dMMo..gd ^`            `                          ?jM RASPT2.         @
@     dF      ~jMM#1.               .N,      .N=        `   ..g#      .7           @
@             .MMTTMMNm,.            -MMMWyM9-         ..+MMMT=)  dMM      mi      @
@           .dMF    7?W""9g...,                 ...J"=`y"D`         FFM            @
@          .MMF                 ^    """"""""   ^                      KK.         @
@                                                                                  @
@@@@@@@@@@@@@@@@@@@@@@@@@@@@@@@@@@@@@@@@@@@@@@@@@@@@@@@@@@@@@@@@@@@@@@@@@@@@@@@@@@@@
@                                                                                  @
@       This program is intended to be used after HF and MO transformation         @
@       calculations uisng the DIRAC software.                                     @
@       https://www.diracprogram.org/doku.php?id=start                             @
@                                                                                  @
@       You can use, redistribute and/or modify this program under the terms       @
@       of the GNU Lesser General Public License version 2.1 as published          @
@       by the Free Software Foundation.                                           @
@                                                                                  @
@       Please cite the following paper when you publish the data obtained         @
@       using this program.                                                        @
@       1. Y. Masuda, K. Noda, S. Iwamuro, M. Hada, N. Nakatani, M. Abe.           @
@          Relativistic CASPT2/RASPT2 Program along with DIRAC software.           @
@          J. Chem. Theory Comput. 2025, 21, 3, 1249â€“1258;                         @
@          https://doi.org/10.1021/acs.jctc.4c01589                                @
@                                                                                  @
@       We do not take any responsibility for the results produced                 @
@       by this program.                                                           @
@                                                                                  @
@@@@@@@@@@@@@@@@@@@@@@@@@@@@@@@@@@@@@@@@@@@@@@@@@@@@@@@@@@@@@@@@@@@@@@@@@@@@@@@@@@@@
 
 
  ENTER RELATIVISTIC CASCI PROGRAM
 
Master rank allocated memory size:       0.00 bytes
Present time is
YEAR  = 2025 MONTH = 2 DATE  = 27
HOUR  = 13 MIN  = 49 SEC  = 28.635
 ninact        = 6
 nact          = 8
 nsec          = 40
 nelec         = 4
 nroot         = 10
 selectroot    = 1
 totsym        = 2
 eshift        = 0.0000000000E+00
 diracver      = 22
 scheme        = 6
 ras1_max_hole = 0
 ras3_max_elec = 0
 minholeras1   = 0
 debugprint    = F
 
computational time = 0 day 0 h 0 min 0.000 sec
 Start create_newmdcint
 End create_newmdcint
computational time = 0 day 0 h 0 min 0.579 sec
 Enter readint2_casci
Master rank allocated memory size:      10.25 MB
 end Read mdcint normal
 nmo        =                   54
Master rank allocated memory size:      10.16 MB
  
 *******************************
  
 IREP IS      a
  
 *******************************
  
 Number of candidates for configuration of CASCI =                    70
 total symmetry of CASCI configuration =                     2
 Number of CASCI configuration =                    70
 Cas mat enter
 end casmat_complex
 Start mat diagonalization
 ndet before diagonalization                   70
 End mat diagonalization
computational time = 0 day 0 h 0 min 0.004 sec
CASCI ENERGY FOR 2 STATE
CASCI Total Energy ROOT1      -37.46054131303743872650 a.u.
CASCI Total Energy ROOT2      -36.76760005449237667108 a.u.
CASCI Total Energy ROOT3      -36.76759867307681872717 a.u.
CASCI Total Energy ROOT4      -36.76758841758490348184 a.u.
CASCI Total Energy ROOT5      -36.76476514938487127893 a.u.
CASCI Total Energy ROOT6      -36.76475406640068399611 a.u.
CASCI Total Energy ROOT7      -36.76473202396677208981 a.u.
CASCI Total Energy ROOT8      -36.74543945869793049042 a.u.
CASCI Total Energy ROOT9      -36.74256815075865745257 a.u.
CASCI Total Energy ROOT10      -36.64783719486594293357 a.u.
Root =    1
 T T T T F F F F
   1    0.9999450E+00    0.8950070E-16 Weights  0.9998899E+00
Root =    2
 T T T F T F F F
   2   -0.6058010E+00   -0.2833973E+00 Weights  0.4473089E+00
 T T F T T F F F
   3    0.1654165E-01   -0.2020360E+00 Weights  0.4109217E-01
 T T T F F T F F
   6   -0.1654165E-01   -0.2020360E+00 Weights  0.4109217E-01
 T T F T F T F F
   7   -0.6058010E+00    0.2833973E+00 Weights  0.4473089E+00
Root =    3
 T T T F T F F F
   2   -0.8620348E-01    0.5152547E+00 Weights  0.2729185E+00
 T T F T T F F F
   3   -0.2581416E-02   -0.4636206E+00 Weights  0.2149507E+00
 T T T F F T F F
   6    0.2581428E-02   -0.4636206E+00 Weights  0.2149507E+00
 T T F T F T F F
   7   -0.8620347E-01   -0.5152547E+00 Weights  0.2729185E+00
Root =    4
 T T T F T F F F
   2   -0.3373413E+00    0.3773355E+00 Weights  0.2561812E+00
 T T F T T F F F
   3    0.3168923E-02    0.4821053E+00 Weights  0.2324356E+00
 T T T F F T F F
   6   -0.3168923E-02    0.4821053E+00 Weights  0.2324356E+00
 T T F T F T F F
   7   -0.3373413E+00   -0.3773355E+00 Weights  0.2561812E+00
Root =    5
 T F T T T F F F
   4    0.3463269E+00    0.4089140E+00 Weights  0.2871530E+00
 F T T T T F F F
   5    0.4041893E+00   -0.1887870E+00 Weights  0.1990095E+00
 T F T T F T F F
   8   -0.4041893E+00   -0.1887870E+00 Weights  0.1990095E+00
 F T T T F T F F
   9    0.3463269E+00   -0.4089140E+00 Weights  0.2871530E+00
Root =    6
 T F T T T F F F
   4    0.5252719E+00   -0.4555094E+00 Weights  0.4833994E+00
 F T T T F T F F
   9    0.5252719E+00    0.4555094E+00 Weights  0.4833994E+00
 T T T F F F T F
  16   -0.9828060E-01   -0.4649938E-01 Weights  0.1182127E-01
 T T F T F F F T
  37   -0.9828060E-01    0.4649938E-01 Weights  0.1182127E-01
Root =    7
 T F T T T F F F
   4   -0.2991591E+00   -0.3316324E+00 Weights  0.1994762E+00
 F T T T T F F F
   5    0.4917885E+00   -0.2142502E+00 Weights  0.2877591E+00
 T F T T F T F F
   8   -0.4917885E+00   -0.2142502E+00 Weights  0.2877591E+00
 F T T T F T F F
   9   -0.2991591E+00    0.3316324E+00 Weights  0.1994762E+00
Root =    8
 T T F T T F F F
   3   -0.7026659E+00   -0.7065936E-03 Weights  0.4937399E+00
 T T T F F T F F
   6    0.7026659E+00   -0.7065936E-03 Weights  0.4937399E+00
Root =    9
 F T T T T F F F
   5    0.2856335E+00    0.6390713E+00 Weights  0.4899986E+00
 T F T T F T F F
   8   -0.2856335E+00    0.6390713E+00 Weights  0.4899986E+00
Root =   10
 T T T F F F T F
  16   -0.1462886E+00    0.4793099E+00 Weights  0.2511383E+00
 T T F T F F T F
  17   -0.4010633E-02   -0.4852859E+00 Weights  0.2355184E+00
 T T T F F F F T
  36    0.4010630E-02   -0.4852859E+00 Weights  0.2355184E+00
 T T F T F F F T
  37   -0.1462886E+00   -0.4793099E+00 Weights  0.2511383E+00
 enter e0test
 core energy =   25.863406715400597     
 energyHF(1)              (-97.927485333086182,0.0000000000000000)
 energyHF(2)               (34.603741690978794,0.0000000000000000)
 energyHF =              (-37.460336926706788,0.0000000000000000)
 energyHF(MRCONEE) =  -37.460336925585509     
 energyHF(MRCONEE) - energyHF =         (1.12127906959358370E-009,0.0000000000000000)
 -------------------------------------------------------------------------
 NOTE:
 If DIRAC HF calculation was calculated with closed shell orbitals,
 the energyHF obtained from MRCONEE should be
 approximately the same as the energyHF.
 But if DIRAC HF calculation was calculated with open shell orbitals,
 the two energies may be different because DIRAC calculates the HF energy
 by AOC-HF method as default.
 -------------------------------------------------------------------------
selectroot 1
 energy 1 =              (-70.802812049844519,0.0000000000000000)
 energy 2 =               (14.184863877770050,0.0000000000000000)
 energy 3 =              (-10.535701189065584,0.0000000000000000)
 energy 4 =        (3.8297013327020553,-5.31392604555987733E-017)
 t-energy(1-4)       (-63.323948028437997,-5.31392604555987733E-017)
 t-energy  -63.323948028438039     
 C the error   (-4.26325641456060112E-014,5.31392604555987733E-017)
Master rank allocated memory size:      10.17 MB
Master rank allocated memory size:       0.00 bytes
computational time = 0 day 0 h 0 min 0.713 sec
 End r4dcasci part
 
@@@@@@@@@@@@@@@@@@@@@@@@@@@@@@@@@@@@@@@@@@@@@@@@@@@@@@@@@@@@@@@@@@@@@@@@@@@@@@@@@@@@
@        ____  _____ _        _  _____ _____     _____ ____ _____ ___ ____         @
@       |  _ \| ____| |      / \|_   _|_ _\ \   / /_ _/ ___|_   _|_ _/ ___|        @
@       | |_) |  _| | |     / _ \ | |  | | \ \ / / | |\___ \ | |  | | |            @
@       |  _ <| |___| |___ / ___ \| |  | |  \ V /  | | ___) || |  | | |___         @
@       |_|_\_\_____|_____/_/___\_\_|_|___|_ \_/  |___|____/ |_| |___\____|        @
@                       / ___|  / \  / ___||  _ \_   _|___ \                       @
@                      | |     / _ \ \___ \| |_) || |   __) |                      @
@                      | |___ / ___ \ ___) |  __/ | |  / __/                       @
@                       \____/_/   \_\____/|_|    |_| |_____|                      @
@                                                                                  @
@       Developped by Kohei Noda, Yasuto Masuda, Sumika Iwamuro, Minori Abe        @
@               Hiroshima University & Tokyo Metropolitan Univeristy               @
@                     https://github.com/RQC-HU/dirac_caspt2                       @
@                                                                                  @
@@@@@@@@@@@@@@@@@@@@@@@@@@@@@@@@@@@@@@@@@@@@@@@@@@@@@@@@@@@@@@@@@@@@@@@@@@@@@@@@@@@@
@                                                                                  @
@                MMMN,                                    .MMp                     @
@               .#  ?YMa,                                dM\Tb                     @
@               .F    ,MMm,                             dM#  .W,                   @
@               (F      TMMp                           JMMt    7,                  @
@               J]       4MMp                      .dMM@       M[                  @
@               M\        ?MMh.                    .(MMMF       -N.                @
@              .M          qMMMN+.............(+gMMMMM@^ (((()  MN                 @
@              (F          .MT"^ _~?77?!~~???77"^ ``,!           JM!               @
@              M]                                                  TN,             @
@             .M}                                                  VMp             @
@             MM        .gMMMNJ.                 ..MMMMMa,          UM2            @
@            JP       .MMMMMMMMMN,              .M^MMMMN,TN,         UMp           @
@           Jb        M@.MMMMMM)?Mh           .M^ MMMMMM] ?h          MMb          @
@          .M^       .Hp 4MMMM!  .Mb          .M  (MMMM) ..9]      ...(MMNCASPT2   @
@         .Mh.(J.,     TMNMMMMNM"^ 7`         TWgJuMMNg&M"     .d"""777MM!~??`     @
@    ..gMMMM"^ .^          ?^                       ^^?                q@]         @
@  .MM#"` MF        ^^^               ......             ^^^           -b          @
@ , "     HN{                         WMMMM\   ..&,.           MNMNH96jM@          @
@         .Mh,                 .       /M@^        //              _7^WMMMMNg,.    @
@          dMugNMMMMMM9         .%      M:       ..M`                J@    74,     @
@        ..MMM&       ..        TMa....M9WNmQggN#^?          jQNgg+..MF            @
@      .M@^ .dMMo..gd ^`            `                          ?jM RASPT2.         @
@     dF      ~jMM#1.               .N,      .N=        `   ..g#      .7           @
@             .MMTTMMNm,.            -MMMWyM9-         ..+MMMT=)  dMM      mi      @
@           .dMF    7?W""9g...,                 ...J"=`y"D`         FFM            @
@          .MMF                 ^    """"""""   ^                      KK.         @
@                                                                                  @
@@@@@@@@@@@@@@@@@@@@@@@@@@@@@@@@@@@@@@@@@@@@@@@@@@@@@@@@@@@@@@@@@@@@@@@@@@@@@@@@@@@@
@                                                                                  @
@       This program is intended to be used after HF and MO transformation         @
@       calculations uisng the DIRAC software.                                     @
@       https://www.diracprogram.org/doku.php?id=start                             @
@                                                                                  @
@       You can use, redistribute and/or modify this program under the terms       @
@       of the GNU Lesser General Public License version 2.1 as published          @
@       by the Free Software Foundation.                                           @
@                                                                                  @
@       Please cite the following paper when you publish the data obtained         @
@       using this program.                                                        @
@       1. Y. Masuda, K. Noda, S. Iwamuro, M. Hada, N. Nakatani, M. Abe.           @
@          Relativistic CASPT2/RASPT2 Program along with DIRAC software.           @
@          J. Chem. Theory Comput. 2025, 21, 3, 1249â€“1258;                         @
@          https://doi.org/10.1021/acs.jctc.4c01589                                @
@                                                                                  @
@       We do not take any responsibility for the results produced                 @
@       by this program.                                                           @
@                                                                                  @
@@@@@@@@@@@@@@@@@@@@@@@@@@@@@@@@@@@@@@@@@@@@@@@@@@@@@@@@@@@@@@@@@@@@@@@@@@@@@@@@@@@@
 
 
  START RELATIVISIC CASPT2 PROGRAM
 
Master rank allocated memory size:       0.00 bytes
Present time is
YEAR  = 2025 MONTH = 2 DATE  = 27
HOUR  = 13 MIN  = 49 SEC  = 29.348
 ninact        = 6
 nact          = 8
 nsec          = 40
 nelec         = 4
 nroot         = 10
 selectroot    = 1
 totsym        = 2
 eshift        = 0.0000000000E+00
 diracver      = 22
 scheme        = 6
 ras1_max_hole = 0
 ras3_max_elec = 0
 minholeras1   = 0
 debugprint    = F
 
 Reading MDCINT (2-e integrals)
Master rank allocated memory size:       0.00 bytes
 nmo        =                   54
 Enter readint2_casci
Master rank allocated memory size:      10.26 MB
 end Read mdcint normal
computational time = 0 day 0 h 0 min 0.248 sec
 end building fock
computational time = 0 day 0 h 0 min 0.115 sec
 cdiag0 start
 nsymrpa                    1
 cdiag0 start
 nsymrpa                    1
 cdiag0 start
 nsymrpa                    1
computational time = 0 day 0 h 0 min 0.001 sec
computational time = 0 day 0 h 0 min 0.000 sec
  
 *******************************
  
IRREP =    a
  
 *******************************
  
 selectroot =                     1
computational time = 0 day 0 h 0 min 0.002 sec
----------------------------------------------------------------
 Start calcultion of A subspace 2nd order energy
----------------------------------------------------------------
Master rank allocated memory size:      10.26 MB
Master rank allocated memory size:      10.24 MB
  
 e2a(isym)
 e2a(  1) =    -0.144268700684538E-04 a.u.
 e2a       =    -0.144268700684538E-04 a.u.
 sumc2,a  =     0.589462582751178E-05
  
 End calcultion of A subspace 2nd order energy
computational time = 0 day 0 h 0 min 4.969 sec
----------------------------------------------------------------
  
----------------------------------------------------------------
 Start calcultion of B subspace 2nd order energy
----------------------------------------------------------------
Master rank allocated memory size:      10.24 MB
  
 e2b(isym)
 e2b(  1)  =    -0.116891648249158E-02 a.u.
 e2b       =    -0.116891648249158E-02 a.u.
 sumc2,b   =     0.455569398770708E-03
  
 End calcuation of B subspace 2nd order energy
computational time = 0 day 0 h 0 min 0.099 sec
----------------------------------------------------------------
  
----------------------------------------------------------------
 Start calcultion of C subspace 2nd order energy
----------------------------------------------------------------
Master rank allocated memory size:      10.51 MB
Master rank allocated memory size:      10.38 MB
Master rank allocated memory size:      10.38 MB
  
 e2c(isym)
 e2c(  1) =    -0.801583908178853E-03 a.u.
 e2c      =    -0.801583908178853E-03 a.u.
 sumc2,c  =     0.214029298231900E-03
  
 End calcuation of C subspace 2nd order energy
computational time = 0 day 0 h 0 min 14.430 sec
----------------------------------------------------------------
  
----------------------------------------------------------------
 Start calcultion of D subspace 2nd order energy
----------------------------------------------------------------
Master rank allocated memory size:      10.44 MB
Master rank allocated memory size:      10.44 MB
Master rank allocated memory size:      10.33 MB
  
 e2d(isym)
 e2d(  1) =    -0.924255765390856E-02 a.u.
 e2d      =    -0.924255765390856E-02 a.u.
 sumc2,d  =     0.288337198950440E-02
  
 End calcuation of D subspace 2nd order energy
computational time = 0 day 0 h 0 min 2.595 sec
----------------------------------------------------------------
  
----------------------------------------------------------------
 Start calcultion of E subspace 2nd order energy
----------------------------------------------------------------
Master rank allocated memory size:      10.38 MB
  
 e2e(isym)
 e2e(  1) =    -0.453810638423286E-02 a.u.
 e2e      =    -0.453810638423286E-02 a.u.
 sumc2,e  =     0.104595859980093E-02
  
 End calcuation of E subspace 2nd order energy
computational time = 0 day 0 h 0 min 0.139 sec
----------------------------------------------------------------
  
----------------------------------------------------------------
 Start calcultion of F subspace 2nd order energy
----------------------------------------------------------------
Master rank allocated memory size:      11.76 MB
  
 e2f(isym)
 e2f(  1) =    -0.320864971689203E-01 a.u.
 e2f      =    -0.320864971689203E-01 a.u.
 sumc2,f  =     0.717558831478292E-02
  
 End calcuation of F subspace 2nd order energy
computational time = 0 day 0 h 0 min 2.734 sec
----------------------------------------------------------------
  
----------------------------------------------------------------
 Start calcultion of G subspace 2nd order energy
----------------------------------------------------------------
Master rank allocated memory size:      11.37 MB
  
 e2g(isym)
 e2g(  1) =    -0.424682579045295E-01 a.u.
 e2g      =    -0.424682579045295E-01 a.u.
 sumc2,g  =     0.732487267450266E-02
  
 End calcuation of G subspace 2nd order energy
computational time = 0 day 0 h 0 min 1.059 sec
----------------------------------------------------------------
  
----------------------------------------------------------------
 Start calcultion of H subspace 2nd order energy
----------------------------------------------------------------
Master rank allocated memory size:      11.08 MB
  
 e2h      =    -0.368321391552596E-01 a.u.
 sumc2,h  =     0.378361075558023E-02
  
 End calcuation of H subspace 2nd order energy
computational time = 0 day 0 h 0 min 0.108 sec
----------------------------------------------------------------
  
 CASPT2 ENERGY FOR 2 STATE, selectroot = 1
 c^2 is                                 0.02288889565700127221
 weight of 0th wave function is         0.97762328269063891728
 Total second order energy is          -0.12715248552758973144 a.u.
 Total energy is                      -37.58769379856502723669 a.u.
  
 END OF RELATIVISTIC CASPT2 PROGRAM

================= Standard error =================

================= Calculation finished ================
User Command : /workspace/build/dcaspt2 -i /workspace/test/slow/c1_methane_slow/active.inp -o /workspace/test/slow/c1_methane_slow/c1_methane_slow.caspt2.out --omp 1
Auto-created Command :  /workspace/build/r4dcaspt2exe
Scratch directory : /home/docker/dcaspt2_scratch/active_2025-02-27_13-49-28_198s_ca2
Output file : /workspace/test/slow/c1_methane_slow/c1_methane_slow.caspt2.out
Calculation started at : 2025-02-27 13:49:28
Calculation finished at : 2025-02-27 13:49:55
Elapsed time (sec) : 27.2230 sec
Elapsed time : 0 day 0 hour 0 min 27 sec 223 millisecond
dirac-caspt2 version (commit hash) : 6d8f82ac42b69d9229775dd4c77faf0a579a665e
NORMAL END OF dirac-caspt2 CALCULATION
