initialization of mpi, rank : 0 nprocs : 1
 
@@@@@@@@@@@@@@@@@@@@@@@@@@@@@@@@@@@@@@@@@@@@@@@@@@@@@@@@@@@@@@@@@@@@@@@@@@@@@@@@@@@@
@        ____  _____ _        _  _____ _____     _____ ____ _____ ___ ____         @
@       |  _ \| ____| |      / \|_   _|_ _\ \   / /_ _/ ___|_   _|_ _/ ___|        @
@       | |_) |  _| | |     / _ \ | |  | | \ \ / / | |\___ \ | |  | | |            @
@       |  _ <| |___| |___ / ___ \| |  | |  \ V /  | | ___) || |  | | |___         @
@       |_|_\_\_____|_____/_/___\_\_|_|___|_ \_/  |___|____/ |_| |___\____|        @
@                       / ___|  / \  / ___||  _ \_   _|___ \                       @
@                      | |     / _ \ \___ \| |_) || |   __) |                      @
@                      | |___ / ___ \ ___) |  __/ | |  / __/                       @
@                       \____/_/   \_\____/|_|    |_| |_____|                      @
@                                                                                  @
@       Developped by Kohei Noda, Yasuto Masuda, Sumika Iwamuro, Minori Abe        @
@               Hiroshima University & Tokyo Metropolitan Univeristy               @
@                     https://github.com/RQC-HU/dirac_caspt2                       @
@                                                                                  @
@@@@@@@@@@@@@@@@@@@@@@@@@@@@@@@@@@@@@@@@@@@@@@@@@@@@@@@@@@@@@@@@@@@@@@@@@@@@@@@@@@@@
@                                                                                  @
@                MMMN,                                    .MMp                     @
@               .#  ?YMa,                                dM\Tb                     @
@               .F    ,MMm,                             dM#  .W,                   @
@               (F      TMMp                           JMMt    7,                  @
@               J]       4MMp                      .dMM@       M[                  @
@               M\        ?MMh.                    .(MMMF       -N.                @
@              .M          qMMMN+.............(+gMMMMM@^ (((()  MN                 @
@              (F          .MT"^ _~?77?!~~???77"^ ``,!           JM!               @
@              M]                                                  TN,             @
@             .M}                                                  VMp             @
@             MM        .gMMMNJ.                 ..MMMMMa,          UM2            @
@            JP       .MMMMMMMMMN,              .M^MMMMN,TN,         UMp           @
@           Jb        M@.MMMMMM)?Mh           .M^ MMMMMM] ?h          MMb          @
@          .M^       .Hp 4MMMM!  .Mb          .M  (MMMM) ..9]      ...(MMNCASPT2   @
@         .Mh.(J.,     TMNMMMMNM"^ 7`         TWgJuMMNg&M"     .d"""777MM!~??`     @
@    ..gMMMM"^ .^          ?^                       ^^?                q@]         @
@  .MM#"` MF        ^^^               ......             ^^^           -b          @
@ , "     HN{                         WMMMM\   ..&,.           MNMNH96jM@          @
@         .Mh,                 .       /M@^        //              _7^WMMMMNg,.    @
@          dMugNMMMMMM9         .%      M:       ..M`                J@    74,     @
@        ..MMM&       ..        TMa....M9WNmQggN#^?          jQNgg+..MF            @
@      .M@^ .dMMo..gd ^`            `                          ?jM RASPT2.         @
@     dF      ~jMM#1.               .N,      .N=        `   ..g#      .7           @
@             .MMTTMMNm,.            -MMMWyM9-         ..+MMMT=)  dMM      mi      @
@           .dMF    7?W""9g...,                 ...J"=`y"D`         FFM            @
@          .MMF                 ^    """"""""   ^                      KK.         @
@                                                                                  @
@@@@@@@@@@@@@@@@@@@@@@@@@@@@@@@@@@@@@@@@@@@@@@@@@@@@@@@@@@@@@@@@@@@@@@@@@@@@@@@@@@@@
@                                                                                  @
@       This program is intended to be used after HF and MO transformation         @
@       calculations uisng the DIRAC software.                                     @
@       https://www.diracprogram.org/doku.php?id=start                             @
@                                                                                  @
@       You can use, redistribute and/or modify this program under the terms       @
@       of the GNU Lesser General Public License version 2.1 as published          @
@       by the Free Software Foundation.                                           @
@                                                                                  @
@       Please cite the following paper when you publish the data obtained         @
@       using this program.                                                        @
@       1. Y. Masuda, K. Noda, S. Iwamuro, M. Hada, N. Nakatani, M. Abe.           @
@          Relativistic CASPT2/RASPT2 Program along with DIRAC software.           @
@          J. Chem. Theory Comput. 2025, 21, 3, 1249â€“1258;                         @
@          https://doi.org/10.1021/acs.jctc.4c01589                                @
@                                                                                  @
@       We do not take any responsibility for the results produced                 @
@       by this program.                                                           @
@                                                                                  @
@@@@@@@@@@@@@@@@@@@@@@@@@@@@@@@@@@@@@@@@@@@@@@@@@@@@@@@@@@@@@@@@@@@@@@@@@@@@@@@@@@@@
 
 
 Input file:
 ```inp
 .ninact
 6
 .nact
 6
 .nsec
 26
 .nelec
 4
 .caspt2_ciroots
 3 1
 .eshift
 0.0
 .diracver
 21
 .subprograms
 CASCI
 CASPT2
 .end
 ```
 
  
 Reading MRCONEE (1-e integrals)
 filename = MRCONEE
 DIRAC seems to be compiled with 64-bit integer.
 Information from MRCONEE
 NMO, BREIT, ECORE
                   38 F   9.1895337626396856     
  NSYMRP, (REPN(IRP),IRP=1,NSYMRP)
                    2    E  1E         E  2E      
  NSYMRPA, (REPNA(IRP),IRP=1,NSYMRPA*2)
                    2   1E  2E   a   b
 MULTB
  4  3  1  2
  3  4  2  1
  1  2  3  4
  2  1  4  3
  
----------------------------------------------------------------
        energy-order    Dirac     orbtal energy    irrep  irrep 
           index        index         (a.u.)       index  string
----------------------------------------------------------------
 inactive      1            1   -0.2057717389E+02      1      1E
 inactive      2           20   -0.2057717389E+02      2      2E
 inactive      3            2   -0.1358577125E+01      1      1E
 inactive      4           21   -0.1358577125E+01      2      2E
 inactive      5            3   -0.7096400708E+00      1      1E
 inactive      6           22   -0.7096400708E+00      2      2E
 active        7            4   -0.5622939989E+00      1      1E
 active        8           23   -0.5622939989E+00      2      2E
 active        9            5   -0.5016264948E+00      1      1E
 active       10           24   -0.5016264948E+00      2      2E
 active       11            6    0.2017445280E+00      1      1E
 active       12           25    0.2017445280E+00      2      2E
 secondary    13            7    0.2976096987E+00      1      1E
 secondary    14           26    0.2976096987E+00      2      2E
 secondary    15            8    0.8250856955E+00      1      1E
 secondary    16           27    0.8250856955E+00      2      2E
 secondary    17            9    0.9488667933E+00      1      1E
 secondary    18           28    0.9488667933E+00      2      2E
 secondary    19           10    0.1085600701E+01      1      1E
 secondary    20           29    0.1085600701E+01      2      2E
 secondary    21           11    0.1120058216E+01      1      1E
 secondary    22           30    0.1120058216E+01      2      2E
 secondary    23           12    0.1284767870E+01      1      1E
 secondary    24           31    0.1284767870E+01      2      2E
 secondary    25           13    0.1490105002E+01      1      1E
 secondary    26           32    0.1490105002E+01      2      2E
 secondary    27           14    0.4743130834E+01      1      1E
 secondary    28           33    0.4743130834E+01      2      2E
 secondary    29           15    0.4850161651E+01      1      1E
 secondary    30           34    0.4850161651E+01      2      2E
 secondary    31           16    0.5805430880E+01      1      1E
 secondary    32           35    0.5805430880E+01      2      2E
 secondary    33           17    0.5934138559E+01      1      1E
 secondary    34           36    0.5934138559E+01      2      2E
 secondary    35           18    0.6066238721E+01      1      1E
 secondary    36           37    0.6066238721E+01      2      2E
 secondary    37           19    0.7721313362E+01      1      1E
 secondary    38           38    0.7721313362E+01      2      2E
  
 MDCINT realonly =  T
 
@@@@@@@@@@@@@@@@@@@@@@@@@@@@@@@@@@@@@@@@@@@@@@@@@@@@@@@@@@@@@@@@@@@@@@@@@@@@@@@@@@@@
@        ____  _____ _        _  _____ _____     _____ ____ _____ ___ ____         @
@       |  _ \| ____| |      / \|_   _|_ _\ \   / /_ _/ ___|_   _|_ _/ ___|        @
@       | |_) |  _| | |     / _ \ | |  | | \ \ / / | |\___ \ | |  | | |            @
@       |  _ <| |___| |___ / ___ \| |  | |  \ V /  | | ___) || |  | | |___         @
@       |_|_\_\_____|_____/_/___\_\_|_|___|_ \_/  |___|____/ |_| |___\____|        @
@                         ____    _    ____   ____ ___                             @
@                        / ___|  / \  / ___| / ___|_ _|                            @
@                       | |     / _ \ \___ \| |    | |                             @
@                       | |___ / ___ \ ___) | |___ | |                             @
@                        \____/_/   \_\____/ \____|___|                            @
@                                                                                  @
@       Developped by Kohei Noda, Yasuto Masuda, Sumika Iwamuro, Minori Abe        @
@               Hiroshima University & Tokyo Metropolitan Univeristy               @
@                     https://github.com/RQC-HU/dirac_caspt2                       @
@                                                                                  @
@@@@@@@@@@@@@@@@@@@@@@@@@@@@@@@@@@@@@@@@@@@@@@@@@@@@@@@@@@@@@@@@@@@@@@@@@@@@@@@@@@@@
@                                                                                  @
@                MMMN,                                    .MMp                     @
@               .#  ?YMa,                                dM\Tb                     @
@               .F    ,MMm,                             dM#  .W,                   @
@               (F      TMMp                           JMMt    7,                  @
@               J]       4MMp                      .dMM@       M[                  @
@               M\        ?MMh.                    .(MMMF       -N.                @
@              .M          qMMMN+.............(+gMMMMM@^ (((()  MN                 @
@              (F          .MT"^ _~?77?!~~???77"^ ``,!           JM!               @
@              M]                                                  TN,             @
@             .M}                                                  VMp             @
@             MM        .gMMMNJ.                 ..MMMMMa,          UM2            @
@            JP       .MMMMMMMMMN,              .M^MMMMN,TN,         UMp           @
@           Jb        M@.MMMMMM)?Mh           .M^ MMMMMM] ?h          MMb          @
@          .M^       .Hp 4MMMM!  .Mb          .M  (MMMM) ..9]      ...(MMNCASPT2   @
@         .Mh.(J.,     TMNMMMMNM"^ 7`         TWgJuMMNg&M"     .d"""777MM!~??`     @
@    ..gMMMM"^ .^          ?^                       ^^?                q@]         @
@  .MM#"` MF        ^^^               ......             ^^^           -b          @
@ , "     HN{                         WMMMM\   ..&,.           MNMNH96jM@          @
@         .Mh,                 .       /M@^        //              _7^WMMMMNg,.    @
@          dMugNMMMMMM9         .%      M:       ..M`                J@    74,     @
@        ..MMM&       ..        TMa....M9WNmQggN#^?          jQNgg+..MF            @
@      .M@^ .dMMo..gd ^`            `                          ?jM RASPT2.         @
@     dF      ~jMM#1.               .N,      .N=        `   ..g#      .7           @
@             .MMTTMMNm,.            -MMMWyM9-         ..+MMMT=)  dMM      mi      @
@           .dMF    7?W""9g...,                 ...J"=`y"D`         FFM            @
@          .MMF                 ^    """"""""   ^                      KK.         @
@                                                                                  @
@@@@@@@@@@@@@@@@@@@@@@@@@@@@@@@@@@@@@@@@@@@@@@@@@@@@@@@@@@@@@@@@@@@@@@@@@@@@@@@@@@@@
@                                                                                  @
@       This program is intended to be used after HF and MO transformation         @
@       calculations uisng the DIRAC software.                                     @
@       https://www.diracprogram.org/doku.php?id=start                             @
@                                                                                  @
@       You can use, redistribute and/or modify this program under the terms       @
@       of the GNU Lesser General Public License version 2.1 as published          @
@       by the Free Software Foundation.                                           @
@                                                                                  @
@       Please cite the following paper when you publish the data obtained         @
@       using this program.                                                        @
@       1. Y. Masuda, K. Noda, S. Iwamuro, M. Hada, N. Nakatani, M. Abe.           @
@          Relativistic CASPT2/RASPT2 Program along with DIRAC software.           @
@          J. Chem. Theory Comput. 2025, 21, 3, 1249â€“1258;                         @
@          https://doi.org/10.1021/acs.jctc.4c01589                                @
@                                                                                  @
@       We do not take any responsibility for the results produced                 @
@       by this program.                                                           @
@                                                                                  @
@@@@@@@@@@@@@@@@@@@@@@@@@@@@@@@@@@@@@@@@@@@@@@@@@@@@@@@@@@@@@@@@@@@@@@@@@@@@@@@@@@@@
 
 
  ENTER RELATIVISTIC CASCI PROGRAM
 
Master rank allocated memory size:       0.00 bytes
Present time is
YEAR  = 2025 MONTH = 2 DATE  = 27
HOUR  = 12 MIN  = 52 SEC  = 46.733
 ninact        = 6
 nact          = 6
 nsec          = 26
 nelec         = 4
 nroot         = 10
 selectroot    = 1
 totsym        = 3
 eshift        = 0.0000000000E+00
 diracver      = 21
 scheme        = 6
 ras1_max_hole = 0
 ras3_max_elec = 0
 minholeras1   = 0
 debugprint    = F
 
computational time = 0 day 0 h 0 min 0.000 sec
 Start create_newmdcint
 End create_newmdcint
computational time = 0 day 0 h 0 min 0.055 sec
 Enter readint2_casci subroutine (realonly)
Master rank allocated memory size:       1.68 MB
 end Read mdcint normal
 nmo        =                   38
Master rank allocated memory size:       1.64 MB
  
 *******************************
  
 IREP IS      a
  
 *******************************
  
 Number of candidates for configuration of CASCI =                    15
 total symmetry of CASCI configuration =                     3
 Number of CASCI configuration =                     9
 WARNING: ndet < nroot
Cannot print 10th RASCI/CASCI energy
because the number of CASCI configuration is 9 and it is less than 10
 Therefore, replace nroot with the number of CASCI configuration.
 new nroot =                     9
 Cas mat enter
 end casmat_real
 Start mat diagonalization
 ndet before diagonalization                    9
 End mat diagonalization
computational time = 0 day 0 h 0 min 0.003 sec
CASCI ENERGY FOR 3 STATE
CASCI Total Energy ROOT1      -76.04462754192471152237 a.u.
CASCI Total Energy ROOT2      -75.71296963914107891469 a.u.
CASCI Total Energy ROOT3      -75.71296875894609001989 a.u.
CASCI Total Energy ROOT4      -75.63778694836921090427 a.u.
CASCI Total Energy ROOT5      -75.59791951388636732645 a.u.
CASCI Total Energy ROOT6      -75.02532478430073581421 a.u.
CASCI Total Energy ROOT7      -75.02531337420730039867 a.u.
CASCI Total Energy ROOT8      -74.99097946454834584529 a.u.
CASCI Total Energy ROOT9      -74.79976709086675157323 a.u.
Root =    1
 T T T T F F
   1   -0.9996892E+00 Weights  0.9993785E+00
Root =    2
 T T F T T F
   2   -0.7038874E+00 Weights  0.4954574E+00
 T T T F F T
   4   -0.7038874E+00 Weights  0.4954574E+00
Root =    3
 T T F T T F
   2    0.7038831E+00 Weights  0.4954514E+00
 T T T F F T
   4   -0.7038830E+00 Weights  0.4954513E+00
Root =    4
 F T T T T F
   3   -0.7071054E+00 Weights  0.4999980E+00
 T F T T F T
   5   -0.7071054E+00 Weights  0.4999980E+00
Root =    5
 F T T T T F
   3   -0.7008133E+00 Weights  0.4911392E+00
 T F T T F T
   5    0.7008133E+00 Weights  0.4911392E+00
 F F T T T T
   9   -0.1325716E+00 Weights  0.1757522E-01
Root =    6
 F T T F T T
   7    0.7036264E+00 Weights  0.4950902E+00
 T F F T T T
   8   -0.7036264E+00 Weights  0.4950902E+00
Root =    7
 F T T F T T
   7   -0.7038883E+00 Weights  0.4954588E+00
 T F F T T T
   8   -0.7038883E+00 Weights  0.4954588E+00
Root =    8
 T T F F T T
   6   -0.9692786E+00 Weights  0.9395011E+00
 F F T T T T
   9    0.2410537E+00 Weights  0.5810687E-01
Root =    9
 T T F F T T
   6    0.2442738E+00 Weights  0.5966970E-01
 F F T T T T
   9    0.9611136E+00 Weights  0.9237394E+00
 enter e0test
 core energy =   9.1895337626396856     
 energyHF(1)              (-123.04825792170526,0.0000000000000000)
 energyHF(2)               (37.814817330659764,0.0000000000000000)
 energyHF =              (-76.043906828405810,0.0000000000000000)
 energyHF(MRCONEE) =  -76.043906828394199     
 energyHF(MRCONEE) - energyHF =         (1.16102683023200370E-011,0.0000000000000000)
 -------------------------------------------------------------------------
 NOTE:
 If DIRAC HF calculation was calculated with closed shell orbitals,
 the energyHF obtained from MRCONEE should be
 approximately the same as the energyHF.
 But if DIRAC HF calculation was calculated with open shell orbitals,
 the two energies may be different because DIRAC calculates the HF energy
 by AOC-HF method as default.
 -------------------------------------------------------------------------
selectroot 1
 energy 1 =              (-95.067851748728927,0.0000000000000000)
 energy 2 =               (16.027306323074576,0.0000000000000000)
 energy 3 =              (-10.253424651112509,0.0000000000000000)
 energy 4 =               (4.0598087722024383,0.0000000000000000)
 t-energy(1-4)              (-85.234161304564424,0.0000000000000000)
 t-energy  -85.234161304564395     
 C the error          (2.84217094304040074E-014,0.0000000000000000)
Master rank allocated memory size:       1.64 MB
Master rank allocated memory size:     648.00 bytes
computational time = 0 day 0 h 0 min 0.072 sec
 End r4dcasci part
 
@@@@@@@@@@@@@@@@@@@@@@@@@@@@@@@@@@@@@@@@@@@@@@@@@@@@@@@@@@@@@@@@@@@@@@@@@@@@@@@@@@@@
@        ____  _____ _        _  _____ _____     _____ ____ _____ ___ ____         @
@       |  _ \| ____| |      / \|_   _|_ _\ \   / /_ _/ ___|_   _|_ _/ ___|        @
@       | |_) |  _| | |     / _ \ | |  | | \ \ / / | |\___ \ | |  | | |            @
@       |  _ <| |___| |___ / ___ \| |  | |  \ V /  | | ___) || |  | | |___         @
@       |_|_\_\_____|_____/_/___\_\_|_|___|_ \_/  |___|____/ |_| |___\____|        @
@                       / ___|  / \  / ___||  _ \_   _|___ \                       @
@                      | |     / _ \ \___ \| |_) || |   __) |                      @
@                      | |___ / ___ \ ___) |  __/ | |  / __/                       @
@                       \____/_/   \_\____/|_|    |_| |_____|                      @
@                                                                                  @
@       Developped by Kohei Noda, Yasuto Masuda, Sumika Iwamuro, Minori Abe        @
@               Hiroshima University & Tokyo Metropolitan Univeristy               @
@                     https://github.com/RQC-HU/dirac_caspt2                       @
@                                                                                  @
@@@@@@@@@@@@@@@@@@@@@@@@@@@@@@@@@@@@@@@@@@@@@@@@@@@@@@@@@@@@@@@@@@@@@@@@@@@@@@@@@@@@
@                                                                                  @
@                MMMN,                                    .MMp                     @
@               .#  ?YMa,                                dM\Tb                     @
@               .F    ,MMm,                             dM#  .W,                   @
@               (F      TMMp                           JMMt    7,                  @
@               J]       4MMp                      .dMM@       M[                  @
@               M\        ?MMh.                    .(MMMF       -N.                @
@              .M          qMMMN+.............(+gMMMMM@^ (((()  MN                 @
@              (F          .MT"^ _~?77?!~~???77"^ ``,!           JM!               @
@              M]                                                  TN,             @
@             .M}                                                  VMp             @
@             MM        .gMMMNJ.                 ..MMMMMa,          UM2            @
@            JP       .MMMMMMMMMN,              .M^MMMMN,TN,         UMp           @
@           Jb        M@.MMMMMM)?Mh           .M^ MMMMMM] ?h          MMb          @
@          .M^       .Hp 4MMMM!  .Mb          .M  (MMMM) ..9]      ...(MMNCASPT2   @
@         .Mh.(J.,     TMNMMMMNM"^ 7`         TWgJuMMNg&M"     .d"""777MM!~??`     @
@    ..gMMMM"^ .^          ?^                       ^^?                q@]         @
@  .MM#"` MF        ^^^               ......             ^^^           -b          @
@ , "     HN{                         WMMMM\   ..&,.           MNMNH96jM@          @
@         .Mh,                 .       /M@^        //              _7^WMMMMNg,.    @
@          dMugNMMMMMM9         .%      M:       ..M`                J@    74,     @
@        ..MMM&       ..        TMa....M9WNmQggN#^?          jQNgg+..MF            @
@      .M@^ .dMMo..gd ^`            `                          ?jM RASPT2.         @
@     dF      ~jMM#1.               .N,      .N=        `   ..g#      .7           @
@             .MMTTMMNm,.            -MMMWyM9-         ..+MMMT=)  dMM      mi      @
@           .dMF    7?W""9g...,                 ...J"=`y"D`         FFM            @
@          .MMF                 ^    """"""""   ^                      KK.         @
@                                                                                  @
@@@@@@@@@@@@@@@@@@@@@@@@@@@@@@@@@@@@@@@@@@@@@@@@@@@@@@@@@@@@@@@@@@@@@@@@@@@@@@@@@@@@
@                                                                                  @
@       This program is intended to be used after HF and MO transformation         @
@       calculations uisng the DIRAC software.                                     @
@       https://www.diracprogram.org/doku.php?id=start                             @
@                                                                                  @
@       You can use, redistribute and/or modify this program under the terms       @
@       of the GNU Lesser General Public License version 2.1 as published          @
@       by the Free Software Foundation.                                           @
@                                                                                  @
@       Please cite the following paper when you publish the data obtained         @
@       using this program.                                                        @
@       1. Y. Masuda, K. Noda, S. Iwamuro, M. Hada, N. Nakatani, M. Abe.           @
@          Relativistic CASPT2/RASPT2 Program along with DIRAC software.           @
@          J. Chem. Theory Comput. 2025, 21, 3, 1249â€“1258;                         @
@          https://doi.org/10.1021/acs.jctc.4c01589                                @
@                                                                                  @
@       We do not take any responsibility for the results produced                 @
@       by this program.                                                           @
@                                                                                  @
@@@@@@@@@@@@@@@@@@@@@@@@@@@@@@@@@@@@@@@@@@@@@@@@@@@@@@@@@@@@@@@@@@@@@@@@@@@@@@@@@@@@
 
 
  START RELATIVISIC CASPT2 PROGRAM
 
Master rank allocated memory size:       0.00 bytes
Present time is
YEAR  = 2025 MONTH = 2 DATE  = 27
HOUR  = 12 MIN  = 52 SEC  = 46.805
 ninact        = 6
 nact          = 6
 nsec          = 26
 nelec         = 4
 nroot         = 9
 selectroot    = 1
 totsym        = 3
 eshift        = 0.0000000000E+00
 diracver      = 21
 scheme        = 6
 ras1_max_hole = 0
 ras3_max_elec = 0
 minholeras1   = 0
 debugprint    = F
 
 Reading MDCINT (2-e integrals)
Master rank allocated memory size:       0.00 bytes
 nmo        =                   38
 Enter readint2_casci subroutine (realonly)
Master rank allocated memory size:       1.68 MB
 end Read mdcint normal
computational time = 0 day 0 h 0 min 0.033 sec
 end building fock
computational time = 0 day 0 h 0 min 0.001 sec
  
 *******************************
  
IRREP =    a
  
 *******************************
  
 selectroot =                     1
computational time = 0 day 0 h 0 min 0.001 sec
----------------------------------------------------------------
 Start calcultion of A subspace 2nd order energy
----------------------------------------------------------------
Master rank allocated memory size:       1.67 MB
Master rank allocated memory size:       1.67 MB
  
 e2a(isym)
 e2a(  1)  =    -0.337343104107312E-03 a.u.
 e2a(  2)  =    -0.337343104107296E-03 a.u.
 e2a       =    -0.674686208214608E-03 a.u.
 sumc2,a   =     0.290176077845268E-03
  
 End calcultion of A subspace 2nd order energy
computational time = 0 day 0 h 0 min 0.029 sec
----------------------------------------------------------------
  
----------------------------------------------------------------
 Start calcultion of B subspace 2nd order energy
----------------------------------------------------------------
Master rank allocated memory size:       1.66 MB
  
 e2b(isym)
 e2b(  1)  =    -0.828681042777467E-03 a.u.
 e2b       =    -0.828681042777467E-03 a.u.
 sumc2,b   =     0.338022991004932E-03
  
 End calcuation of B subspace 2nd order energy
computational time = 0 day 0 h 0 min 0.002 sec
----------------------------------------------------------------
  
----------------------------------------------------------------
 Start calcultion of C subspace 2nd order energy
----------------------------------------------------------------
Master rank allocated memory size:       1.70 MB
Master rank allocated memory size:       1.70 MB
Master rank allocated memory size:       1.70 MB
  
 e2c(isym)
 e2c(  1) =    -0.170401831256087E-02 a.u.
 e2c(  2) =    -0.170401831256081E-02 a.u.
 e2c      =    -0.340803662512169E-02 a.u.
 sumc2,c  =     0.139410942194795E-02
  
 End calcuation of C subspace 2nd order energy
computational time = 0 day 0 h 0 min 0.058 sec
----------------------------------------------------------------
  
----------------------------------------------------------------
 Start calcultion of D subspace 2nd order energy
----------------------------------------------------------------
Master rank allocated memory size:       1.70 MB
Master rank allocated memory size:       1.70 MB
Master rank allocated memory size:       1.70 MB
  
 e2d(isym)
 e2d(  1) =    -0.689080780563923E-02 a.u.
 e2d(  2) =    -0.328934369109739E-02 a.u.
 e2d      =    -0.101801514967366E-01 a.u.
 sumc2,d  =     0.359805186737096E-02
  
 End calcuation of D subspace 2nd order energy
computational time = 0 day 0 h 0 min 0.036 sec
----------------------------------------------------------------
  
----------------------------------------------------------------
 Start calcultion of E subspace 2nd order energy
----------------------------------------------------------------
Master rank allocated memory size:       1.70 MB
  
 e2e(isym)
 e2e(  1) =    -0.311793039970274E-02 a.u.
 e2e(  2) =    -0.311793039970270E-02 a.u.
 e2e      =    -0.623586079940544E-02 a.u.
 sumc2,e  =     0.186489942300313E-02
  
 End calcuation of E subspace 2nd order energy
computational time = 0 day 0 h 0 min 0.006 sec
----------------------------------------------------------------
  
----------------------------------------------------------------
 Start calcultion of F subspace 2nd order energy
----------------------------------------------------------------
Master rank allocated memory size:       1.84 MB
  
 e2f(isym)
 e2f(  1) =    -0.268987889536150E-01 a.u.
 e2f(  2) =    -0.967051754371599E-02 a.u.
 e2f      =    -0.365693064973310E-01 a.u.
 sumc2,f  =     0.954007505779132E-02
  
 End calcuation of F subspace 2nd order energy
computational time = 0 day 0 h 0 min 0.031 sec
----------------------------------------------------------------
  
----------------------------------------------------------------
 Start calcultion of G subspace 2nd order energy
----------------------------------------------------------------
Master rank allocated memory size:       1.84 MB
  
 e2g(isym)
 e2g(  1) =    -0.278090060670179E-01 a.u.
 e2g(  2) =    -0.278090060670179E-01 a.u.
 e2g      =    -0.556180121340357E-01 a.u.
 sumc2,g  =     0.136015988228331E-01
  
 End calcuation of G subspace 2nd order energy
computational time = 0 day 0 h 0 min 0.031 sec
----------------------------------------------------------------
  
----------------------------------------------------------------
 Start calcultion of H subspace 2nd order energy
----------------------------------------------------------------
Master rank allocated memory size:       1.84 MB
  
 e2h      =    -0.344317246441463E-01 a.u.
 sumc2,h  =     0.765060391648296E-02
  
 End calcuation of H subspace 2nd order energy
computational time = 0 day 0 h 0 min 0.022 sec
----------------------------------------------------------------
  
 CASPT2 ENERGY FOR 3 STATE, selectroot = 1
 c^2 is                                 0.03827753757827957043
 weight of 0th wave function is         0.96313361679040110364
 Total second order energy is          -0.14794645944776879665 a.u.
 Total energy is                      -76.19257400137247770999 a.u.
  
 END OF RELATIVISTIC CASPT2 PROGRAM

================= Standard error =================

================= Calculation finished ================
User Command : /workspace/build/dcaspt2 -i /workspace/test/dev/c2_h2o_dev/active.inp -o /workspace/test/dev/c2_h2o_dev/c2_h2o_dev.caspt2.out --omp 1
Auto-created Command :  /workspace/build/r4dcaspt2exe
Scratch directory : /home/docker/dcaspt2_scratch/active_2025-02-27_12-52-46_p7jvg235
Output file : /workspace/test/dev/c2_h2o_dev/c2_h2o_dev.caspt2.out
Calculation started at : 2025-02-27 12:52:46
Calculation finished at : 2025-02-27 12:52:47
Elapsed time (sec) : 0.3331 sec
Elapsed time : 0 day 0 hour 0 min 0 sec 333 millisecond
dirac-caspt2 version (commit hash) : e91dda0be404ad211985ff259698f8c040354219
NORMAL END OF dirac-caspt2 CALCULATION
