initialization of mpi, rank : 0 nprocs : 1
 
@@@@@@@@@@@@@@@@@@@@@@@@@@@@@@@@@@@@@@@@@@@@@@@@@@@@@@@@@@@@@@@@@@@@@@@@@@@@@@@@@@@@
@        ____  _____ _        _  _____ _____     _____ ____ _____ ___ ____         @
@       |  _ \| ____| |      / \|_   _|_ _\ \   / /_ _/ ___|_   _|_ _/ ___|        @
@       | |_) |  _| | |     / _ \ | |  | | \ \ / / | |\___ \ | |  | | |            @
@       |  _ <| |___| |___ / ___ \| |  | |  \ V /  | | ___) || |  | | |___         @
@       |_|_\_\_____|_____/_/___\_\_|_|___|_ \_/  |___|____/ |_| |___\____|        @
@                       / ___|  / \  / ___||  _ \_   _|___ \                       @
@                      | |     / _ \ \___ \| |_) || |   __) |                      @
@                      | |___ / ___ \ ___) |  __/ | |  / __/                       @
@                       \____/_/   \_\____/|_|    |_| |_____|                      @
@                                                                                  @
@       Developped by Kohei Noda, Yasuto Masuda, Sumika Iwamuro, Minori Abe        @
@               Hiroshima University & Tokyo Metropolitan Univeristy               @
@                     https://github.com/RQC-HU/dirac_caspt2                       @
@                                                                                  @
@@@@@@@@@@@@@@@@@@@@@@@@@@@@@@@@@@@@@@@@@@@@@@@@@@@@@@@@@@@@@@@@@@@@@@@@@@@@@@@@@@@@
@                                                                                  @
@                MMMN,                                    .MMp                     @
@               .#  ?YMa,                                dM\Tb                     @
@               .F    ,MMm,                             dM#  .W,                   @
@               (F      TMMp                           JMMt    7,                  @
@               J]       4MMp                      .dMM@       M[                  @
@               M\        ?MMh.                    .(MMMF       -N.                @
@              .M          qMMMN+.............(+gMMMMM@^ (((()  MN                 @
@              (F          .MT"^ _~?77?!~~???77"^ ``,!           JM!               @
@              M]                                                  TN,             @
@             .M}                                                  VMp             @
@             MM        .gMMMNJ.                 ..MMMMMa,          UM2            @
@            JP       .MMMMMMMMMN,              .M^MMMMN,TN,         UMp           @
@           Jb        M@.MMMMMM)?Mh           .M^ MMMMMM] ?h          MMb          @
@          .M^       .Hp 4MMMM!  .Mb          .M  (MMMM) ..9]      ...(MMNCASPT2   @
@         .Mh.(J.,     TMNMMMMNM"^ 7`         TWgJuMMNg&M"     .d"""777MM!~??`     @
@    ..gMMMM"^ .^          ?^                       ^^?                q@]         @
@  .MM#"` MF        ^^^               ......             ^^^           -b          @
@ , "     HN{                         WMMMM\   ..&,.           MNMNH96jM@          @
@         .Mh,                 .       /M@^        //              _7^WMMMMNg,.    @
@          dMugNMMMMMM9         .%      M:       ..M`                J@    74,     @
@        ..MMM&       ..        TMa....M9WNmQggN#^?          jQNgg+..MF            @
@      .M@^ .dMMo..gd ^`            `                          ?jM RASPT2.         @
@     dF      ~jMM#1.               .N,      .N=        `   ..g#      .7           @
@             .MMTTMMNm,.            -MMMWyM9-         ..+MMMT=)  dMM      mi      @
@           .dMF    7?W""9g...,                 ...J"=`y"D`         FFM            @
@          .MMF                 ^    """"""""   ^                      KK.         @
@                                                                                  @
@@@@@@@@@@@@@@@@@@@@@@@@@@@@@@@@@@@@@@@@@@@@@@@@@@@@@@@@@@@@@@@@@@@@@@@@@@@@@@@@@@@@
@                                                                                  @
@       This program is intended to be used after HF and MO transformation         @
@       calculations uisng the DIRAC software.                                     @
@       https://www.diracprogram.org/doku.php?id=start                             @
@                                                                                  @
@       You can use, redistribute and/or modify this program under the terms       @
@       of the GNU Lesser General Public License version 2.1 as published          @
@       by the Free Software Foundation.                                           @
@                                                                                  @
@       Please cite the following paper when you publish the data obtained         @
@       using this program.                                                        @
@       1. Y. Masuda, K. Noda, S. Iwamuro, M. Hada, N. Nakatani, M. Abe.           @
@          Relativistic CASPT2/RASPT2 Program along with DIRAC software.           @
@          J. Chem. Theory Comput. 2025, 21, 3, 1249â€“1258;                         @
@          https://doi.org/10.1021/acs.jctc.4c01589                                @
@                                                                                  @
@       We do not take any responsibility for the results produced                 @
@       by this program.                                                           @
@                                                                                  @
@@@@@@@@@@@@@@@@@@@@@@@@@@@@@@@@@@@@@@@@@@@@@@@@@@@@@@@@@@@@@@@@@@@@@@@@@@@@@@@@@@@@
 
 
 Input file:
 ```inp
 .ninact
 0
 .nact
 4
 .nsec
 8
 .nelec
 2
 .caspt2_ciroots
 33 1
 .eshift
 0.0
 .diracver
 21
 .subprograms
 CASCI
 CASPT2
 .end
 ```
 
  
 Reading MRCONEE (1-e integrals)
 filename = MRCONEE
 DIRAC seems to be compiled with 64-bit integer.
 Information from MRCONEE
 NMO, BREIT, ECORE
                   12 F  0.52917721090299996     
  NSYMRP, (REPN(IRP),IRP=1,NSYMRP)
                    4   Eg 1Eg        Eg 2Eg        Eu 1Eu        Eu 2Eu      
  NSYMRPA, (REPNA(IRP),IRP=1,NSYMRPA*2)
                   32   1g -1g  3g -3g  5g -5g  7g -7g  9g -9g 11g-11g 13g-13g 15g-15g  1u -1u  3u -3u  5u -5u  7u -7u  9u -9u 11u-11u 13u-13u 15u-15u  0g  2g -2g  4g -4g  6g -6g  8g -8g 10g-10g 12g-12g 14g-14g 16g  0u  2u -2u  4u -4u  6u -6u  8u -8u 10u-10u 12u-12u 14u-14u 16u
 MULTB
 34 33 36 35 38 37 40 39 42 41 44 43 46 45 48 47 50 49 52 51 54 53 56 55 58 57 60 59 62 61 64 63  1  3  2  5  4  7  6  9  8 11 10 13 12 15 14 16 17 19 18 21 20 23 22 25 24 27 26 29 28 31 30 32
 33 35 34 37 36 39 38 41 40 43 42 45 44 47 46 48 49 51 50 53 52 55 54 57 56 59 58 61 60 63 62 64  2  1  4  3  6  5  8  7 10  9 12 11 14 13 16 15 18 17 20 19 22 21 24 23 26 25 28 27 30 29 32 31
 36 34 38 33 40 35 42 37 44 39 46 41 48 43 47 45 52 50 54 49 56 51 58 53 60 55 62 57 64 59 63 61  3  5  1  7  2  9  4 11  6 13  8 15 10 16 12 14 19 21 17 23 18 25 20 27 22 29 24 31 26 32 28 30
 35 37 33 39 34 41 36 43 38 45 40 47 42 48 44 46 51 53 49 55 50 57 52 59 54 61 56 63 58 64 60 62  4  2  6  1  8  3 10  5 12  7 14  9 16 11 15 13 20 18 22 17 24 19 26 21 28 23 30 25 32 27 31 29
 38 36 40 34 42 33 44 35 46 37 48 39 47 41 45 43 54 52 56 50 58 49 60 51 62 53 64 55 63 57 61 59  5  7  3  9  1 11  2 13  4 15  6 16  8 14 10 12 21 23 19 25 17 27 18 29 20 31 22 32 24 30 26 28
 37 39 35 41 33 43 34 45 36 47 38 48 40 46 42 44 53 55 51 57 49 59 50 61 52 63 54 64 56 62 58 60  6  4  8  2 10  1 12  3 14  5 16  7 15  9 13 11 22 20 24 18 26 17 28 19 30 21 32 23 31 25 29 27
 40 38 42 36 44 34 46 33 48 35 47 37 45 39 43 41 56 54 58 52 60 50 62 49 64 51 63 53 61 55 59 57  7  9  5 11  3 13  1 15  2 16  4 14  6 12  8 10 23 25 21 27 19 29 17 31 18 32 20 30 22 28 24 26
 39 41 37 43 35 45 33 47 34 48 36 46 38 44 40 42 55 57 53 59 51 61 49 63 50 64 52 62 54 60 56 58  8  6 10  4 12  2 14  1 16  3 15  5 13  7 11  9 24 22 26 20 28 18 30 17 32 19 31 21 29 23 27 25
 42 40 44 38 46 36 48 34 47 33 45 35 43 37 41 39 58 56 60 54 62 52 64 50 63 49 61 51 59 53 57 55  9 11  7 13  5 15  3 16  1 14  2 12  4 10  6  8 25 27 23 29 21 31 19 32 17 30 18 28 20 26 22 24
 41 43 39 45 37 47 35 48 33 46 34 44 36 42 38 40 57 59 55 61 53 63 51 64 49 62 50 60 52 58 54 56 10  8 12  6 14  4 16  2 15  1 13  3 11  5  9  7 26 24 28 22 30 20 32 18 31 17 29 19 27 21 25 23
 44 42 46 40 48 38 47 36 45 34 43 33 41 35 39 37 60 58 62 56 64 54 63 52 61 50 59 49 57 51 55 53 11 13  9 15  7 16  5 14  3 12  1 10  2  8  4  6 27 29 25 31 23 32 21 30 19 28 17 26 18 24 20 22
 43 45 41 47 39 48 37 46 35 44 33 42 34 40 36 38 59 61 57 63 55 64 53 62 51 60 49 58 50 56 52 54 12 10 14  8 16  6 15  4 13  2 11  1  9  3  7  5 28 26 30 24 32 22 31 20 29 18 27 17 25 19 23 21
 46 44 48 42 47 40 45 38 43 36 41 34 39 33 37 35 62 60 64 58 63 56 61 54 59 52 57 50 55 49 53 51 13 15 11 16  9 14  7 12  5 10  3  8  1  6  2  4 29 31 27 32 25 30 23 28 21 26 19 24 17 22 18 20
 45 47 43 48 41 46 39 44 37 42 35 40 33 38 34 36 61 63 59 64 57 62 55 60 53 58 51 56 49 54 50 52 14 12 16 10 15  8 13  6 11  4  9  2  7  1  5  3 30 28 32 26 31 24 29 22 27 20 25 18 23 17 21 19
 48 46 47 44 45 42 43 40 41 38 39 36 37 34 35 33 64 62 63 60 61 58 59 56 57 54 55 52 53 50 51 49 15 16 13 14 11 12  9 10  7  8  5  6  3  4  1  2 31 32 29 30 27 28 25 26 23 24 21 22 19 20 17 18
 47 48 45 46 43 44 41 42 39 40 37 38 35 36 33 34 63 64 61 62 59 60 57 58 55 56 53 54 51 52 49 50 16 14 15 12 13 10 11  8  9  6  7  4  5  2  3  1 32 30 31 28 29 26 27 24 25 22 23 20 21 18 19 17
 50 49 52 51 54 53 56 55 58 57 60 59 62 61 64 63 34 33 36 35 38 37 40 39 42 41 44 43 46 45 48 47 17 19 18 21 20 23 22 25 24 27 26 29 28 31 30 32  1  3  2  5  4  7  6  9  8 11 10 13 12 15 14 16
 49 51 50 53 52 55 54 57 56 59 58 61 60 63 62 64 33 35 34 37 36 39 38 41 40 43 42 45 44 47 46 48 18 17 20 19 22 21 24 23 26 25 28 27 30 29 32 31  2  1  4  3  6  5  8  7 10  9 12 11 14 13 16 15
 52 50 54 49 56 51 58 53 60 55 62 57 64 59 63 61 36 34 38 33 40 35 42 37 44 39 46 41 48 43 47 45 19 21 17 23 18 25 20 27 22 29 24 31 26 32 28 30  3  5  1  7  2  9  4 11  6 13  8 15 10 16 12 14
 51 53 49 55 50 57 52 59 54 61 56 63 58 64 60 62 35 37 33 39 34 41 36 43 38 45 40 47 42 48 44 46 20 18 22 17 24 19 26 21 28 23 30 25 32 27 31 29  4  2  6  1  8  3 10  5 12  7 14  9 16 11 15 13
 54 52 56 50 58 49 60 51 62 53 64 55 63 57 61 59 38 36 40 34 42 33 44 35 46 37 48 39 47 41 45 43 21 23 19 25 17 27 18 29 20 31 22 32 24 30 26 28  5  7  3  9  1 11  2 13  4 15  6 16  8 14 10 12
 53 55 51 57 49 59 50 61 52 63 54 64 56 62 58 60 37 39 35 41 33 43 34 45 36 47 38 48 40 46 42 44 22 20 24 18 26 17 28 19 30 21 32 23 31 25 29 27  6  4  8  2 10  1 12  3 14  5 16  7 15  9 13 11
 56 54 58 52 60 50 62 49 64 51 63 53 61 55 59 57 40 38 42 36 44 34 46 33 48 35 47 37 45 39 43 41 23 25 21 27 19 29 17 31 18 32 20 30 22 28 24 26  7  9  5 11  3 13  1 15  2 16  4 14  6 12  8 10
 55 57 53 59 51 61 49 63 50 64 52 62 54 60 56 58 39 41 37 43 35 45 33 47 34 48 36 46 38 44 40 42 24 22 26 20 28 18 30 17 32 19 31 21 29 23 27 25  8  6 10  4 12  2 14  1 16  3 15  5 13  7 11  9
 58 56 60 54 62 52 64 50 63 49 61 51 59 53 57 55 42 40 44 38 46 36 48 34 47 33 45 35 43 37 41 39 25 27 23 29 21 31 19 32 17 30 18 28 20 26 22 24  9 11  7 13  5 15  3 16  1 14  2 12  4 10  6  8
 57 59 55 61 53 63 51 64 49 62 50 60 52 58 54 56 41 43 39 45 37 47 35 48 33 46 34 44 36 42 38 40 26 24 28 22 30 20 32 18 31 17 29 19 27 21 25 23 10  8 12  6 14  4 16  2 15  1 13  3 11  5  9  7
 60 58 62 56 64 54 63 52 61 50 59 49 57 51 55 53 44 42 46 40 48 38 47 36 45 34 43 33 41 35 39 37 27 29 25 31 23 32 21 30 19 28 17 26 18 24 20 22 11 13  9 15  7 16  5 14  3 12  1 10  2  8  4  6
 59 61 57 63 55 64 53 62 51 60 49 58 50 56 52 54 43 45 41 47 39 48 37 46 35 44 33 42 34 40 36 38 28 26 30 24 32 22 31 20 29 18 27 17 25 19 23 21 12 10 14  8 16  6 15  4 13  2 11  1  9  3  7  5
 62 60 64 58 63 56 61 54 59 52 57 50 55 49 53 51 46 44 48 42 47 40 45 38 43 36 41 34 39 33 37 35 29 31 27 32 25 30 23 28 21 26 19 24 17 22 18 20 13 15 11 16  9 14  7 12  5 10  3  8  1  6  2  4
 61 63 59 64 57 62 55 60 53 58 51 56 49 54 50 52 45 47 43 48 41 46 39 44 37 42 35 40 33 38 34 36 30 28 32 26 31 24 29 22 27 20 25 18 23 17 21 19 14 12 16 10 15  8 13  6 11  4  9  2  7  1  5  3
 64 62 63 60 61 58 59 56 57 54 55 52 53 50 51 49 48 46 47 44 45 42 43 40 41 38 39 36 37 34 35 33 31 32 29 30 27 28 25 26 23 24 21 22 19 20 17 18 15 16 13 14 11 12  9 10  7  8  5  6  3  4  1  2
 63 64 61 62 59 60 57 58 55 56 53 54 51 52 49 50 47 48 45 46 43 44 41 42 39 40 37 38 35 36 33 34 32 30 31 28 29 26 27 24 25 22 23 20 21 18 19 17 16 14 15 12 13 10 11  8  9  6  7  4  5  2  3  1
  1  2  3  4  5  6  7  8  9 10 11 12 13 14 15 16 17 18 19 20 21 22 23 24 25 26 27 28 29 30 31 32 33 34 35 36 37 38 39 40 41 42 43 44 45 46 47 48 49 50 51 52 53 54 55 56 57 58 59 60 61 62 63 64
  3  1  5  2  7  4  9  6 11  8 13 10 15 12 16 14 19 17 21 18 23 20 25 22 27 24 29 26 31 28 32 30 34 36 33 38 35 40 37 42 39 44 41 46 43 48 45 47 50 52 49 54 51 56 53 58 55 60 57 62 59 64 61 63
  2  4  1  6  3  8  5 10  7 12  9 14 11 16 13 15 18 20 17 22 19 24 21 26 23 28 25 30 27 32 29 31 35 33 37 34 39 36 41 38 43 40 45 42 47 44 48 46 51 49 53 50 55 52 57 54 59 56 61 58 63 60 64 62
  5  3  7  1  9  2 11  4 13  6 15  8 16 10 14 12 21 19 23 17 25 18 27 20 29 22 31 24 32 26 30 28 36 38 34 40 33 42 35 44 37 46 39 48 41 47 43 45 52 54 50 56 49 58 51 60 53 62 55 64 57 63 59 61
  4  6  2  8  1 10  3 12  5 14  7 16  9 15 11 13 20 22 18 24 17 26 19 28 21 30 23 32 25 31 27 29 37 35 39 33 41 34 43 36 45 38 47 40 48 42 46 44 53 51 55 49 57 50 59 52 61 54 63 56 64 58 62 60
  7  5  9  3 11  1 13  2 15  4 16  6 14  8 12 10 23 21 25 19 27 17 29 18 31 20 32 22 30 24 28 26 38 40 36 42 34 44 33 46 35 48 37 47 39 45 41 43 54 56 52 58 50 60 49 62 51 64 53 63 55 61 57 59
  6  8  4 10  2 12  1 14  3 16  5 15  7 13  9 11 22 24 20 26 18 28 17 30 19 32 21 31 23 29 25 27 39 37 41 35 43 33 45 34 47 36 48 38 46 40 44 42 55 53 57 51 59 49 61 50 63 52 64 54 62 56 60 58
  9  7 11  5 13  3 15  1 16  2 14  4 12  6 10  8 25 23 27 21 29 19 31 17 32 18 30 20 28 22 26 24 40 42 38 44 36 46 34 48 33 47 35 45 37 43 39 41 56 58 54 60 52 62 50 64 49 63 51 61 53 59 55 57
  8 10  6 12  4 14  2 16  1 15  3 13  5 11  7  9 24 26 22 28 20 30 18 32 17 31 19 29 21 27 23 25 41 39 43 37 45 35 47 33 48 34 46 36 44 38 42 40 57 55 59 53 61 51 63 49 64 50 62 52 60 54 58 56
 11  9 13  7 15  5 16  3 14  1 12  2 10  4  8  6 27 25 29 23 31 21 32 19 30 17 28 18 26 20 24 22 42 44 40 46 38 48 36 47 34 45 33 43 35 41 37 39 58 60 56 62 54 64 52 63 50 61 49 59 51 57 53 55
 10 12  8 14  6 16  4 15  2 13  1 11  3  9  5  7 26 28 24 30 22 32 20 31 18 29 17 27 19 25 21 23 43 41 45 39 47 37 48 35 46 33 44 34 42 36 40 38 59 57 61 55 63 53 64 51 62 49 60 50 58 52 56 54
 13 11 15  9 16  7 14  5 12  3 10  1  8  2  6  4 29 27 31 25 32 23 30 21 28 19 26 17 24 18 22 20 44 46 42 48 40 47 38 45 36 43 34 41 33 39 35 37 60 62 58 64 56 63 54 61 52 59 50 57 49 55 51 53
 12 14 10 16  8 15  6 13  4 11  2  9  1  7  3  5 28 30 26 32 24 31 22 29 20 27 18 25 17 23 19 21 45 43 47 41 48 39 46 37 44 35 42 33 40 34 38 36 61 59 63 57 64 55 62 53 60 51 58 49 56 50 54 52
 15 13 16 11 14  9 12  7 10  5  8  3  6  1  4  2 31 29 32 27 30 25 28 23 26 21 24 19 22 17 20 18 46 48 44 47 42 45 40 43 38 41 36 39 34 37 33 35 62 64 60 63 58 61 56 59 54 57 52 55 50 53 49 51
 14 16 12 15 10 13  8 11  6  9  4  7  2  5  1  3 30 32 28 31 26 29 24 27 22 25 20 23 18 21 17 19 47 45 48 43 46 41 44 39 42 37 40 35 38 33 36 34 63 61 64 59 62 57 60 55 58 53 56 51 54 49 52 50
 16 15 14 13 12 11 10  9  8  7  6  5  4  3  2  1 32 31 30 29 28 27 26 25 24 23 22 21 20 19 18 17 48 47 46 45 44 43 42 41 40 39 38 37 36 35 34 33 64 63 62 61 60 59 58 57 56 55 54 53 52 51 50 49
 17 18 19 20 21 22 23 24 25 26 27 28 29 30 31 32  1  2  3  4  5  6  7  8  9 10 11 12 13 14 15 16 49 50 51 52 53 54 55 56 57 58 59 60 61 62 63 64 33 34 35 36 37 38 39 40 41 42 43 44 45 46 47 48
 19 17 21 18 23 20 25 22 27 24 29 26 31 28 32 30  3  1  5  2  7  4  9  6 11  8 13 10 15 12 16 14 50 52 49 54 51 56 53 58 55 60 57 62 59 64 61 63 34 36 33 38 35 40 37 42 39 44 41 46 43 48 45 47
 18 20 17 22 19 24 21 26 23 28 25 30 27 32 29 31  2  4  1  6  3  8  5 10  7 12  9 14 11 16 13 15 51 49 53 50 55 52 57 54 59 56 61 58 63 60 64 62 35 33 37 34 39 36 41 38 43 40 45 42 47 44 48 46
 21 19 23 17 25 18 27 20 29 22 31 24 32 26 30 28  5  3  7  1  9  2 11  4 13  6 15  8 16 10 14 12 52 54 50 56 49 58 51 60 53 62 55 64 57 63 59 61 36 38 34 40 33 42 35 44 37 46 39 48 41 47 43 45
 20 22 18 24 17 26 19 28 21 30 23 32 25 31 27 29  4  6  2  8  1 10  3 12  5 14  7 16  9 15 11 13 53 51 55 49 57 50 59 52 61 54 63 56 64 58 62 60 37 35 39 33 41 34 43 36 45 38 47 40 48 42 46 44
 23 21 25 19 27 17 29 18 31 20 32 22 30 24 28 26  7  5  9  3 11  1 13  2 15  4 16  6 14  8 12 10 54 56 52 58 50 60 49 62 51 64 53 63 55 61 57 59 38 40 36 42 34 44 33 46 35 48 37 47 39 45 41 43
 22 24 20 26 18 28 17 30 19 32 21 31 23 29 25 27  6  8  4 10  2 12  1 14  3 16  5 15  7 13  9 11 55 53 57 51 59 49 61 50 63 52 64 54 62 56 60 58 39 37 41 35 43 33 45 34 47 36 48 38 46 40 44 42
 25 23 27 21 29 19 31 17 32 18 30 20 28 22 26 24  9  7 11  5 13  3 15  1 16  2 14  4 12  6 10  8 56 58 54 60 52 62 50 64 49 63 51 61 53 59 55 57 40 42 38 44 36 46 34 48 33 47 35 45 37 43 39 41
 24 26 22 28 20 30 18 32 17 31 19 29 21 27 23 25  8 10  6 12  4 14  2 16  1 15  3 13  5 11  7  9 57 55 59 53 61 51 63 49 64 50 62 52 60 54 58 56 41 39 43 37 45 35 47 33 48 34 46 36 44 38 42 40
 27 25 29 23 31 21 32 19 30 17 28 18 26 20 24 22 11  9 13  7 15  5 16  3 14  1 12  2 10  4  8  6 58 60 56 62 54 64 52 63 50 61 49 59 51 57 53 55 42 44 40 46 38 48 36 47 34 45 33 43 35 41 37 39
 26 28 24 30 22 32 20 31 18 29 17 27 19 25 21 23 10 12  8 14  6 16  4 15  2 13  1 11  3  9  5  7 59 57 61 55 63 53 64 51 62 49 60 50 58 52 56 54 43 41 45 39 47 37 48 35 46 33 44 34 42 36 40 38
 29 27 31 25 32 23 30 21 28 19 26 17 24 18 22 20 13 11 15  9 16  7 14  5 12  3 10  1  8  2  6  4 60 62 58 64 56 63 54 61 52 59 50 57 49 55 51 53 44 46 42 48 40 47 38 45 36 43 34 41 33 39 35 37
 28 30 26 32 24 31 22 29 20 27 18 25 17 23 19 21 12 14 10 16  8 15  6 13  4 11  2  9  1  7  3  5 61 59 63 57 64 55 62 53 60 51 58 49 56 50 54 52 45 43 47 41 48 39 46 37 44 35 42 33 40 34 38 36
 31 29 32 27 30 25 28 23 26 21 24 19 22 17 20 18 15 13 16 11 14  9 12  7 10  5  8  3  6  1  4  2 62 64 60 63 58 61 56 59 54 57 52 55 50 53 49 51 46 48 44 47 42 45 40 43 38 41 36 39 34 37 33 35
 30 32 28 31 26 29 24 27 22 25 20 23 18 21 17 19 14 16 12 15 10 13  8 11  6  9  4  7  2  5  1  3 63 61 64 59 62 57 60 55 58 53 56 51 54 49 52 50 47 45 48 43 46 41 44 39 42 37 40 35 38 33 36 34
 32 31 30 29 28 27 26 25 24 23 22 21 20 19 18 17 16 15 14 13 12 11 10  9  8  7  6  5  4  3  2  1 64 63 62 61 60 59 58 57 56 55 54 53 52 51 50 49 48 47 46 45 44 43 42 41 40 39 38 37 36 35 34 33
  
----------------------------------------------------------------
        energy-order    Dirac     orbtal energy    irrep  irrep 
           index        index         (a.u.)       index  string
----------------------------------------------------------------
 active        1            1   -0.5221774933E+00      1      1g
 active        2            4   -0.5221774933E+00      2     -1g
 active        3            7    0.1771185369E+00     17      1u
 active        4           10    0.1771185369E+00     18     -1u
 secondary     5            2    0.7121134247E+00      1      1g
 secondary     6            5    0.7121134247E+00      2     -1g
 secondary     7            8    0.9822395669E+00     17      1u
 secondary     8           11    0.9822395669E+00     18     -1u
 secondary     9            9    0.5537332161E+01     17      1u
 secondary    10           12    0.5537332161E+01     18     -1u
 secondary    11            3    0.5566439099E+01      1      1g
 secondary    12            6    0.5566439099E+01      2     -1g
  
 MDCINT realonly =  T
 
@@@@@@@@@@@@@@@@@@@@@@@@@@@@@@@@@@@@@@@@@@@@@@@@@@@@@@@@@@@@@@@@@@@@@@@@@@@@@@@@@@@@
@        ____  _____ _        _  _____ _____     _____ ____ _____ ___ ____         @
@       |  _ \| ____| |      / \|_   _|_ _\ \   / /_ _/ ___|_   _|_ _/ ___|        @
@       | |_) |  _| | |     / _ \ | |  | | \ \ / / | |\___ \ | |  | | |            @
@       |  _ <| |___| |___ / ___ \| |  | |  \ V /  | | ___) || |  | | |___         @
@       |_|_\_\_____|_____/_/___\_\_|_|___|_ \_/  |___|____/ |_| |___\____|        @
@                         ____    _    ____   ____ ___                             @
@                        / ___|  / \  / ___| / ___|_ _|                            @
@                       | |     / _ \ \___ \| |    | |                             @
@                       | |___ / ___ \ ___) | |___ | |                             @
@                        \____/_/   \_\____/ \____|___|                            @
@                                                                                  @
@       Developped by Kohei Noda, Yasuto Masuda, Sumika Iwamuro, Minori Abe        @
@               Hiroshima University & Tokyo Metropolitan Univeristy               @
@                     https://github.com/RQC-HU/dirac_caspt2                       @
@                                                                                  @
@@@@@@@@@@@@@@@@@@@@@@@@@@@@@@@@@@@@@@@@@@@@@@@@@@@@@@@@@@@@@@@@@@@@@@@@@@@@@@@@@@@@
@                                                                                  @
@                MMMN,                                    .MMp                     @
@               .#  ?YMa,                                dM\Tb                     @
@               .F    ,MMm,                             dM#  .W,                   @
@               (F      TMMp                           JMMt    7,                  @
@               J]       4MMp                      .dMM@       M[                  @
@               M\        ?MMh.                    .(MMMF       -N.                @
@              .M          qMMMN+.............(+gMMMMM@^ (((()  MN                 @
@              (F          .MT"^ _~?77?!~~???77"^ ``,!           JM!               @
@              M]                                                  TN,             @
@             .M}                                                  VMp             @
@             MM        .gMMMNJ.                 ..MMMMMa,          UM2            @
@            JP       .MMMMMMMMMN,              .M^MMMMN,TN,         UMp           @
@           Jb        M@.MMMMMM)?Mh           .M^ MMMMMM] ?h          MMb          @
@          .M^       .Hp 4MMMM!  .Mb          .M  (MMMM) ..9]      ...(MMNCASPT2   @
@         .Mh.(J.,     TMNMMMMNM"^ 7`         TWgJuMMNg&M"     .d"""777MM!~??`     @
@    ..gMMMM"^ .^          ?^                       ^^?                q@]         @
@  .MM#"` MF        ^^^               ......             ^^^           -b          @
@ , "     HN{                         WMMMM\   ..&,.           MNMNH96jM@          @
@         .Mh,                 .       /M@^        //              _7^WMMMMNg,.    @
@          dMugNMMMMMM9         .%      M:       ..M`                J@    74,     @
@        ..MMM&       ..        TMa....M9WNmQggN#^?          jQNgg+..MF            @
@      .M@^ .dMMo..gd ^`            `                          ?jM RASPT2.         @
@     dF      ~jMM#1.               .N,      .N=        `   ..g#      .7           @
@             .MMTTMMNm,.            -MMMWyM9-         ..+MMMT=)  dMM      mi      @
@           .dMF    7?W""9g...,                 ...J"=`y"D`         FFM            @
@          .MMF                 ^    """"""""   ^                      KK.         @
@                                                                                  @
@@@@@@@@@@@@@@@@@@@@@@@@@@@@@@@@@@@@@@@@@@@@@@@@@@@@@@@@@@@@@@@@@@@@@@@@@@@@@@@@@@@@
@                                                                                  @
@       This program is intended to be used after HF and MO transformation         @
@       calculations uisng the DIRAC software.                                     @
@       https://www.diracprogram.org/doku.php?id=start                             @
@                                                                                  @
@       You can use, redistribute and/or modify this program under the terms       @
@       of the GNU Lesser General Public License version 2.1 as published          @
@       by the Free Software Foundation.                                           @
@                                                                                  @
@       Please cite the following paper when you publish the data obtained         @
@       using this program.                                                        @
@       1. Y. Masuda, K. Noda, S. Iwamuro, M. Hada, N. Nakatani, M. Abe.           @
@          Relativistic CASPT2/RASPT2 Program along with DIRAC software.           @
@          J. Chem. Theory Comput. 2025, 21, 3, 1249â€“1258;                         @
@          https://doi.org/10.1021/acs.jctc.4c01589                                @
@                                                                                  @
@       We do not take any responsibility for the results produced                 @
@       by this program.                                                           @
@                                                                                  @
@@@@@@@@@@@@@@@@@@@@@@@@@@@@@@@@@@@@@@@@@@@@@@@@@@@@@@@@@@@@@@@@@@@@@@@@@@@@@@@@@@@@
 
 
  ENTER RELATIVISTIC CASCI PROGRAM
 
Master rank allocated memory size:       0.00 bytes
Present time is
YEAR  = 2025 MONTH = 2 DATE  = 27
HOUR  = 12 MIN  = 52 SEC  = 51.064
 ninact        = 0
 nact          = 4
 nsec          = 8
 nelec         = 2
 nroot         = 10
 selectroot    = 1
 totsym        = 33
 eshift        = 0.0000000000E+00
 diracver      = 21
 scheme        = 6
 ras1_max_hole = 0
 ras3_max_elec = 0
 minholeras1   = 0
 debugprint    = F
 
computational time = 0 day 0 h 0 min 0.000 sec
 Start create_newmdcint
 End create_newmdcint
computational time = 0 day 0 h 0 min 0.000 sec
 Enter readint2_casci subroutine (realonly)
Master rank allocated memory size:      21.48 KB
 end Read mdcint normal
 nmo        =                   12
Master rank allocated memory size:      18.00 KB
  
 *******************************
  
 IREP IS     0g
  
 *******************************
  
 Number of candidates for configuration of CASCI =                     6
 total symmetry of CASCI configuration =                    33
 Number of CASCI configuration =                     2
 WARNING: ndet < nroot
Cannot print 10th RASCI/CASCI energy
because the number of CASCI configuration is 2 and it is less than 10
 Therefore, replace nroot with the number of CASCI configuration.
 new nroot =                     2
 Cas mat enter
 end casmat_real
 Start mat diagonalization
 ndet before diagonalization                    2
 End mat diagonalization
computational time = 0 day 0 h 0 min 0.003 sec
CASCI ENERGY FOR 33 STATE
CASCI Total Energy ROOT1       -1.10337941228927016724 a.u.
CASCI Total Energy ROOT2       -0.25349554175962807356 a.u.
Root =    1
 T T F F
   1   -0.9922183E+00 Weights  0.9844971E+00
 F F T T
   2    0.1245106E+00 Weights  0.1550290E-01
Root =    2
 T T F F
   1   -0.1245106E+00 Weights  0.1550290E-01
 F F T T
   2   -0.9922183E+00 Weights  0.9844971E+00
 enter e0test
 core energy =  0.52917721090299996     
 energyHF(1)              (-2.1944069591955699,0.0000000000000000)
 energyHF(2)              (0.57502600202370191,0.0000000000000000)
 energyHF =              (-1.0902037462688681,0.0000000000000000)
 energyHF(MRCONEE) =  -1.0902037462372618     
 energyHF(MRCONEE) - energyHF =         (3.16062731542388065E-011,0.0000000000000000)
 -------------------------------------------------------------------------
 NOTE:
 If DIRAC HF calculation was calculated with closed shell orbitals,
 the energyHF obtained from MRCONEE should be
 approximately the same as the energyHF.
 But if DIRAC HF calculation was calculated with open shell orbitals,
 the two energies may be different because DIRAC calculates the HF energy
 by AOC-HF method as default.
 -------------------------------------------------------------------------
selectroot 1
 energy 1 =               (0.0000000000000000,0.0000000000000000)
 energy 2 =               (0.0000000000000000,0.0000000000000000)
 energy 3 =              (-2.1789217618809618,0.0000000000000000)
 energy 4 =              (0.54636513868869196,0.0000000000000000)
 t-energy(1-4)              (-1.6325566231922699,0.0000000000000000)
 t-energy  -1.6325566231922701     
 C the error         (-2.22044604925031308E-016,0.0000000000000000)
Master rank allocated memory size:      18.08 KB
Master rank allocated memory size:      32.00 bytes
computational time = 0 day 0 h 0 min 0.003 sec
 End r4dcasci part
 
@@@@@@@@@@@@@@@@@@@@@@@@@@@@@@@@@@@@@@@@@@@@@@@@@@@@@@@@@@@@@@@@@@@@@@@@@@@@@@@@@@@@
@        ____  _____ _        _  _____ _____     _____ ____ _____ ___ ____         @
@       |  _ \| ____| |      / \|_   _|_ _\ \   / /_ _/ ___|_   _|_ _/ ___|        @
@       | |_) |  _| | |     / _ \ | |  | | \ \ / / | |\___ \ | |  | | |            @
@       |  _ <| |___| |___ / ___ \| |  | |  \ V /  | | ___) || |  | | |___         @
@       |_|_\_\_____|_____/_/___\_\_|_|___|_ \_/  |___|____/ |_| |___\____|        @
@                       / ___|  / \  / ___||  _ \_   _|___ \                       @
@                      | |     / _ \ \___ \| |_) || |   __) |                      @
@                      | |___ / ___ \ ___) |  __/ | |  / __/                       @
@                       \____/_/   \_\____/|_|    |_| |_____|                      @
@                                                                                  @
@       Developped by Kohei Noda, Yasuto Masuda, Sumika Iwamuro, Minori Abe        @
@               Hiroshima University & Tokyo Metropolitan Univeristy               @
@                     https://github.com/RQC-HU/dirac_caspt2                       @
@                                                                                  @
@@@@@@@@@@@@@@@@@@@@@@@@@@@@@@@@@@@@@@@@@@@@@@@@@@@@@@@@@@@@@@@@@@@@@@@@@@@@@@@@@@@@
@                                                                                  @
@                MMMN,                                    .MMp                     @
@               .#  ?YMa,                                dM\Tb                     @
@               .F    ,MMm,                             dM#  .W,                   @
@               (F      TMMp                           JMMt    7,                  @
@               J]       4MMp                      .dMM@       M[                  @
@               M\        ?MMh.                    .(MMMF       -N.                @
@              .M          qMMMN+.............(+gMMMMM@^ (((()  MN                 @
@              (F          .MT"^ _~?77?!~~???77"^ ``,!           JM!               @
@              M]                                                  TN,             @
@             .M}                                                  VMp             @
@             MM        .gMMMNJ.                 ..MMMMMa,          UM2            @
@            JP       .MMMMMMMMMN,              .M^MMMMN,TN,         UMp           @
@           Jb        M@.MMMMMM)?Mh           .M^ MMMMMM] ?h          MMb          @
@          .M^       .Hp 4MMMM!  .Mb          .M  (MMMM) ..9]      ...(MMNCASPT2   @
@         .Mh.(J.,     TMNMMMMNM"^ 7`         TWgJuMMNg&M"     .d"""777MM!~??`     @
@    ..gMMMM"^ .^          ?^                       ^^?                q@]         @
@  .MM#"` MF        ^^^               ......             ^^^           -b          @
@ , "     HN{                         WMMMM\   ..&,.           MNMNH96jM@          @
@         .Mh,                 .       /M@^        //              _7^WMMMMNg,.    @
@          dMugNMMMMMM9         .%      M:       ..M`                J@    74,     @
@        ..MMM&       ..        TMa....M9WNmQggN#^?          jQNgg+..MF            @
@      .M@^ .dMMo..gd ^`            `                          ?jM RASPT2.         @
@     dF      ~jMM#1.               .N,      .N=        `   ..g#      .7           @
@             .MMTTMMNm,.            -MMMWyM9-         ..+MMMT=)  dMM      mi      @
@           .dMF    7?W""9g...,                 ...J"=`y"D`         FFM            @
@          .MMF                 ^    """"""""   ^                      KK.         @
@                                                                                  @
@@@@@@@@@@@@@@@@@@@@@@@@@@@@@@@@@@@@@@@@@@@@@@@@@@@@@@@@@@@@@@@@@@@@@@@@@@@@@@@@@@@@
@                                                                                  @
@       This program is intended to be used after HF and MO transformation         @
@       calculations uisng the DIRAC software.                                     @
@       https://www.diracprogram.org/doku.php?id=start                             @
@                                                                                  @
@       You can use, redistribute and/or modify this program under the terms       @
@       of the GNU Lesser General Public License version 2.1 as published          @
@       by the Free Software Foundation.                                           @
@                                                                                  @
@       Please cite the following paper when you publish the data obtained         @
@       using this program.                                                        @
@       1. Y. Masuda, K. Noda, S. Iwamuro, M. Hada, N. Nakatani, M. Abe.           @
@          Relativistic CASPT2/RASPT2 Program along with DIRAC software.           @
@          J. Chem. Theory Comput. 2025, 21, 3, 1249â€“1258;                         @
@          https://doi.org/10.1021/acs.jctc.4c01589                                @
@                                                                                  @
@       We do not take any responsibility for the results produced                 @
@       by this program.                                                           @
@                                                                                  @
@@@@@@@@@@@@@@@@@@@@@@@@@@@@@@@@@@@@@@@@@@@@@@@@@@@@@@@@@@@@@@@@@@@@@@@@@@@@@@@@@@@@
 
 
  START RELATIVISIC CASPT2 PROGRAM
 
Master rank allocated memory size:       0.00 bytes
Present time is
YEAR  = 2025 MONTH = 2 DATE  = 27
HOUR  = 12 MIN  = 52 SEC  = 51.067
 ninact        = 0
 nact          = 4
 nsec          = 8
 nelec         = 2
 nroot         = 2
 selectroot    = 1
 totsym        = 33
 eshift        = 0.0000000000E+00
 diracver      = 21
 scheme        = 6
 ras1_max_hole = 0
 ras3_max_elec = 0
 minholeras1   = 0
 debugprint    = F
 
 Reading MDCINT (2-e integrals)
Master rank allocated memory size:       0.00 bytes
 nmo        =                   12
 Enter readint2_casci subroutine (realonly)
Master rank allocated memory size:      21.55 KB
 end Read mdcint normal
computational time = 0 day 0 h 0 min 0.001 sec
 end building fock
computational time = 0 day 0 h 0 min 0.000 sec
  
 *******************************
  
IRREP =   0g
  
 *******************************
  
 selectroot =                     1
computational time = 0 day 0 h 0 min 0.000 sec
 Skip the calculation of A subspace 2nd order energy         because the 2nd order energy of A subspace cannot be defined when ninact = 0.
----------------------------------------------------------------
 Skip the calculation of B subspace 2nd order energy         because the 2nd order energy of B subspace cannot be defined when ninact = 0.
----------------------------------------------------------------
 Start calcultion of C subspace 2nd order energy
----------------------------------------------------------------
Master rank allocated memory size:      30.05 KB
Master rank allocated memory size:      26.05 KB
Master rank allocated memory size:      26.05 KB
  
 e2c(isym)
 e2c(  1) =    -0.905278927931252E-06 a.u.
 e2c(  2) =    -0.905278927931284E-06 a.u.
 e2c( 17) =    -0.415285430798861E-02 a.u.
 e2c( 18) =    -0.415285430798861E-02 a.u.
 e2c      =    -0.830751917383308E-02 a.u.
 sumc2,c  =     0.381249739854439E-02
  
 End calcuation of C subspace 2nd order energy
computational time = 0 day 0 h 0 min 0.001 sec
----------------------------------------------------------------
  
 Skip the calculation of D subspace 2nd order energy         because the 2nd order energy of D subspace cannot be defined when ninact = 0 or nsec = 0.
 Skip the calculation of E subspace 2nd order energy         because the 2nd order energy of E subspace cannot be defined when ninact = 0 or nsec = 0.
----------------------------------------------------------------
 Start calcultion of F subspace 2nd order energy
----------------------------------------------------------------
Master rank allocated memory size:      34.05 KB
  
 e2f(isym)
 e2f(  1) =    -0.598600068094910E-02 a.u.
 e2f      =    -0.598600068094910E-02 a.u.
 sumc2,f  =     0.197577328977703E-02
  
 End calcuation of F subspace 2nd order energy
computational time = 0 day 0 h 0 min 0.000 sec
----------------------------------------------------------------
  
 Skip the calculation of G subspace 2nd order energy         because the 2nd order energy of G subspace cannot be defined when ninact = 0 or nsec = 0.
 Skip the calculation of H subspace 2nd order energy         because the 2nd order energy of H subspace cannot be defined when ninact = 0 or nsec = 0.
 CASPT2 ENERGY FOR 33 STATE, selectroot = 1
 c^2 is                                 0.00578827068832142057
 weight of 0th wave function is         0.99424504057463292117
 Total second order energy is          -0.01429351985478217492 a.u.
 Total energy is                       -1.11767293214405238899 a.u.
  
 END OF RELATIVISTIC CASPT2 PROGRAM

================= Standard error =================

================= Calculation finished ================
User Command : /workspace/build/dcaspt2 -i /workspace/test/dev/ninact_0_h2_dev/active.inp -o /workspace/test/dev/ninact_0_h2_dev/ninact_0_h2_dev.caspt2.out --omp 1
Auto-created Command :  /workspace/build/r4dcaspt2exe
Scratch directory : /home/docker/dcaspt2_scratch/active_2025-02-27_12-52-51_dx9gdg0n
Output file : /workspace/test/dev/ninact_0_h2_dev/ninact_0_h2_dev.caspt2.out
Calculation started at : 2025-02-27 12:52:51
Calculation finished at : 2025-02-27 12:52:51
Elapsed time (sec) : 0.0158 sec
Elapsed time : 0 day 0 hour 0 min 0 sec 015 millisecond
dirac-caspt2 version (commit hash) : e91dda0be404ad211985ff259698f8c040354219
NORMAL END OF dirac-caspt2 CALCULATION
