initialization of mpi, rank : 0 nprocs : 1
 
@@@@@@@@@@@@@@@@@@@@@@@@@@@@@@@@@@@@@@@@@@@@@@@@@@@@@@@@@@@@@@@@@@@@@@@@@@@@@@@@@@@@
@        ____  _____ _        _  _____ _____     _____ ____ _____ ___ ____         @
@       |  _ \| ____| |      / \|_   _|_ _\ \   / /_ _/ ___|_   _|_ _/ ___|        @
@       | |_) |  _| | |     / _ \ | |  | | \ \ / / | |\___ \ | |  | | |            @
@       |  _ <| |___| |___ / ___ \| |  | |  \ V /  | | ___) || |  | | |___         @
@       |_|_\_\_____|_____/_/___\_\_|_|___|_ \_/  |___|____/ |_| |___\____|        @
@                       / ___|  / \  / ___||  _ \_   _|___ \                       @
@                      | |     / _ \ \___ \| |_) || |   __) |                      @
@                      | |___ / ___ \ ___) |  __/ | |  / __/                       @
@                       \____/_/   \_\____/|_|    |_| |_____|                      @
@                                                                                  @
@       Developped by Kohei Noda, Yasuto Masuda, Sumika Iwamuro, Minori Abe        @
@               Hiroshima University & Tokyo Metropolitan Univeristy               @
@                     https://github.com/RQC-HU/dirac_caspt2                       @
@                                                                                  @
@@@@@@@@@@@@@@@@@@@@@@@@@@@@@@@@@@@@@@@@@@@@@@@@@@@@@@@@@@@@@@@@@@@@@@@@@@@@@@@@@@@@
@                                                                                  @
@                MMMN,                                    .MMp                     @
@               .#  ?YMa,                                dM\Tb                     @
@               .F    ,MMm,                             dM#  .W,                   @
@               (F      TMMp                           JMMt    7,                  @
@               J]       4MMp                      .dMM@       M[                  @
@               M\        ?MMh.                    .(MMMF       -N.                @
@              .M          qMMMN+.............(+gMMMMM@^ (((()  MN                 @
@              (F          .MT"^ _~?77?!~~???77"^ ``,!           JM!               @
@              M]                                                  TN,             @
@             .M}                                                  VMp             @
@             MM        .gMMMNJ.                 ..MMMMMa,          UM2            @
@            JP       .MMMMMMMMMN,              .M^MMMMN,TN,         UMp           @
@           Jb        M@.MMMMMM)?Mh           .M^ MMMMMM] ?h          MMb          @
@          .M^       .Hp 4MMMM!  .Mb          .M  (MMMM) ..9]      ...(MMNCASPT2   @
@         .Mh.(J.,     TMNMMMMNM"^ 7`         TWgJuMMNg&M"     .d"""777MM!~??`     @
@    ..gMMMM"^ .^          ?^                       ^^?                q@]         @
@  .MM#"` MF        ^^^               ......             ^^^           -b          @
@ , "     HN{                         WMMMM\   ..&,.           MNMNH96jM@          @
@         .Mh,                 .       /M@^        //              _7^WMMMMNg,.    @
@          dMugNMMMMMM9         .%      M:       ..M`                J@    74,     @
@        ..MMM&       ..        TMa....M9WNmQggN#^?          jQNgg+..MF            @
@      .M@^ .dMMo..gd ^`            `                          ?jM RASPT2.         @
@     dF      ~jMM#1.               .N,      .N=        `   ..g#      .7           @
@             .MMTTMMNm,.            -MMMWyM9-         ..+MMMT=)  dMM      mi      @
@           .dMF    7?W""9g...,                 ...J"=`y"D`         FFM            @
@          .MMF                 ^    """"""""   ^                      KK.         @
@                                                                                  @
@@@@@@@@@@@@@@@@@@@@@@@@@@@@@@@@@@@@@@@@@@@@@@@@@@@@@@@@@@@@@@@@@@@@@@@@@@@@@@@@@@@@
@                                                                                  @
@       This program is intended to be used after HF and MO transformation         @
@       calculations uisng the DIRAC software.                                     @
@       https://www.diracprogram.org/doku.php?id=start                             @
@                                                                                  @
@       You can use, redistribute and/or modify this program under the terms       @
@       of the GNU Lesser General Public License version 2.1 as published          @
@       by the Free Software Foundation.                                           @
@                                                                                  @
@       Please cite the following paper when you publish the data obtained         @
@       using this program.                                                        @
@       1. Y. Masuda, K. Noda, S. Iwamuro, M. Hada, N. Nakatani, M. Abe.           @
@          Relativistic CASPT2/RASPT2 Program along with DIRAC software.           @
@          J. Chem. Theory Comput. 2025, 21, 3, 1249â€“1258;                         @
@          https://doi.org/10.1021/acs.jctc.4c01589                                @
@                                                                                  @
@       We do not take any responsibility for the results produced                 @
@       by this program.                                                           @
@                                                                                  @
@@@@@@@@@@@@@@@@@@@@@@@@@@@@@@@@@@@@@@@@@@@@@@@@@@@@@@@@@@@@@@@@@@@@@@@@@@@@@@@@@@@@
 
 
 Input file:
 ```inp
 .ninact
 14
 .nact
 10
 .nsec
 60
 .nelec
 4
 .caspt2_ciroots
 3 1
 .eshift
 0.0
 .diracver
 22
 .subprograms
 CASCI
 CASPT2
 .end
 0
 ```
 
  
 Reading MRCONEE (1-e integrals)
 filename = MRCONEE
 DIRAC seems to be compiled with 64-bit integer.
 Information from MRCONEE
 NMO, BREIT, ECORE
                   84 F   76.125214703031148     
  NSYMRP, (REPN(IRP),IRP=1,NSYMRP)
                    2   1E            2E          
  NSYMRPA, (REPNA(IRP),IRP=1,NSYMRPA*2)
                    2   1E  2E   a   b
 MULTB
  4  3  1  2
  3  4  2  1
  1  2  3  4
  2  1  4  3
  
----------------------------------------------------------------
        energy-order    Dirac     orbtal energy    irrep  irrep 
           index        index         (a.u.)       index  string
----------------------------------------------------------------
 inactive      1            1   -0.2028614535E+02      1      1E
 inactive      2           43   -0.2028614535E+02      2      2E
 inactive      3            2   -0.1115097314E+02      1      1E
 inactive      4           44   -0.1115097314E+02      2      2E
 inactive      5            3   -0.1890223044E+01      1      1E
 inactive      6           45   -0.1890223044E+01      2      2E
 inactive      7            4   -0.1240294525E+01      1      1E
 inactive      8           46   -0.1240294525E+01      2      2E
 inactive      9            5   -0.1062127395E+01      1      1E
 inactive     10           47   -0.1062127395E+01      2      2E
 inactive     11            6   -0.1014968536E+01      1      1E
 inactive     12           48   -0.1014968536E+01      2      2E
 inactive     13            7   -0.8458095256E+00      1      1E
 inactive     14           49   -0.8458095256E+00      2      2E
 active       15            8   -0.3819254365E+00      1      1E
 active       16           50   -0.3819254365E+00      2      2E
 active       17            9   -0.2757093061E+00      1      1E
 active       18           51   -0.2757093061E+00      2      2E
 active       19           10    0.2875501992E+00      1      1E
 active       20           52    0.2875501992E+00      2      2E
 active       21           11    0.3649363590E+00      1      1E
 active       22           53    0.3649363590E+00      2      2E
 active       23           12    0.3906192713E+00      1      1E
 active       24           54    0.3906192713E+00      2      2E
 secondary    25           13    0.4334013762E+00      1      1E
 secondary    26           55    0.4334013762E+00      2      2E
 secondary    27           14    0.6266740064E+00      1      1E
 secondary    28           56    0.6266740064E+00      2      2E
 secondary    29           15    0.7844824201E+00      1      1E
 secondary    30           57    0.7844824201E+00      2      2E
 secondary    31           16    0.8365764559E+00      1      1E
 secondary    32           58    0.8365764559E+00      2      2E
 secondary    33           17    0.1294170023E+01      1      1E
 secondary    34           59    0.1294170023E+01      2      2E
 secondary    35           18    0.1328517393E+01      1      1E
 secondary    36           60    0.1328517393E+01      2      2E
 secondary    37           19    0.1393110626E+01      1      1E
 secondary    38           61    0.1393110626E+01      2      2E
 secondary    39           20    0.1399095886E+01      1      1E
 secondary    40           62    0.1399095886E+01      2      2E
 secondary    41           21    0.1564730004E+01      1      1E
 secondary    42           63    0.1564730004E+01      2      2E
 secondary    43           22    0.1752449252E+01      1      1E
 secondary    44           64    0.1752449252E+01      2      2E
 secondary    45           23    0.1763879742E+01      1      1E
 secondary    46           65    0.1763879742E+01      2      2E
 secondary    47           24    0.1912731220E+01      1      1E
 secondary    48           66    0.1912731220E+01      2      2E
 secondary    49           25    0.2445317847E+01      1      1E
 secondary    50           67    0.2445317847E+01      2      2E
 secondary    51           26    0.2668123278E+01      1      1E
 secondary    52           68    0.2668123278E+01      2      2E
 secondary    53           27    0.4499473010E+01      1      1E
 secondary    54           69    0.4499473010E+01      2      2E
 secondary    55           28    0.4562529285E+01      1      1E
 secondary    56           70    0.4562529285E+01      2      2E
 secondary    57           29    0.5075369481E+01      1      1E
 secondary    58           71    0.5075369481E+01      2      2E
 secondary    59           30    0.5743921158E+01      1      1E
 secondary    60           72    0.5743921158E+01      2      2E
 secondary    61           31    0.5900484982E+01      1      1E
 secondary    62           73    0.5900484982E+01      2      2E
 secondary    63           32    0.5923091532E+01      1      1E
 secondary    64           74    0.5923091532E+01      2      2E
 secondary    65           33    0.6152473647E+01      1      1E
 secondary    66           75    0.6152473647E+01      2      2E
 secondary    67           34    0.7482053446E+01      1      1E
 secondary    68           76    0.7482053446E+01      2      2E
 secondary    69           35    0.8069476369E+01      1      1E
 secondary    70           77    0.8069476369E+01      2      2E
 secondary    71           36    0.8077748611E+01      1      1E
 secondary    72           78    0.8077748611E+01      2      2E
 secondary    73           37    0.8372908791E+01      1      1E
 secondary    74           79    0.8372908791E+01      2      2E
 secondary    75           38    0.1185936411E+02      1      1E
 secondary    76           80    0.1185936411E+02      2      2E
 secondary    77           39    0.2375768142E+02      1      1E
 secondary    78           81    0.2375768142E+02      2      2E
 secondary    79           40    0.4032146090E+02      1      1E
 secondary    80           82    0.4032146090E+02      2      2E
 secondary    81           41    0.1071018823E+03      1      1E
 secondary    82           83    0.1071018823E+03      2      2E
 secondary    83           42    0.1907431565E+03      1      1E
 secondary    84           84    0.1907431565E+03      2      2E
  
 MDCINT realonly =  F
 
@@@@@@@@@@@@@@@@@@@@@@@@@@@@@@@@@@@@@@@@@@@@@@@@@@@@@@@@@@@@@@@@@@@@@@@@@@@@@@@@@@@@
@        ____  _____ _        _  _____ _____     _____ ____ _____ ___ ____         @
@       |  _ \| ____| |      / \|_   _|_ _\ \   / /_ _/ ___|_   _|_ _/ ___|        @
@       | |_) |  _| | |     / _ \ | |  | | \ \ / / | |\___ \ | |  | | |            @
@       |  _ <| |___| |___ / ___ \| |  | |  \ V /  | | ___) || |  | | |___         @
@       |_|_\_\_____|_____/_/___\_\_|_|___|_ \_/  |___|____/ |_| |___\____|        @
@                         ____    _    ____   ____ ___                             @
@                        / ___|  / \  / ___| / ___|_ _|                            @
@                       | |     / _ \ \___ \| |    | |                             @
@                       | |___ / ___ \ ___) | |___ | |                             @
@                        \____/_/   \_\____/ \____|___|                            @
@                                                                                  @
@       Developped by Kohei Noda, Yasuto Masuda, Sumika Iwamuro, Minori Abe        @
@               Hiroshima University & Tokyo Metropolitan Univeristy               @
@                     https://github.com/RQC-HU/dirac_caspt2                       @
@                                                                                  @
@@@@@@@@@@@@@@@@@@@@@@@@@@@@@@@@@@@@@@@@@@@@@@@@@@@@@@@@@@@@@@@@@@@@@@@@@@@@@@@@@@@@
@                                                                                  @
@                MMMN,                                    .MMp                     @
@               .#  ?YMa,                                dM\Tb                     @
@               .F    ,MMm,                             dM#  .W,                   @
@               (F      TMMp                           JMMt    7,                  @
@               J]       4MMp                      .dMM@       M[                  @
@               M\        ?MMh.                    .(MMMF       -N.                @
@              .M          qMMMN+.............(+gMMMMM@^ (((()  MN                 @
@              (F          .MT"^ _~?77?!~~???77"^ ``,!           JM!               @
@              M]                                                  TN,             @
@             .M}                                                  VMp             @
@             MM        .gMMMNJ.                 ..MMMMMa,          UM2            @
@            JP       .MMMMMMMMMN,              .M^MMMMN,TN,         UMp           @
@           Jb        M@.MMMMMM)?Mh           .M^ MMMMMM] ?h          MMb          @
@          .M^       .Hp 4MMMM!  .Mb          .M  (MMMM) ..9]      ...(MMNCASPT2   @
@         .Mh.(J.,     TMNMMMMNM"^ 7`         TWgJuMMNg&M"     .d"""777MM!~??`     @
@    ..gMMMM"^ .^          ?^                       ^^?                q@]         @
@  .MM#"` MF        ^^^               ......             ^^^           -b          @
@ , "     HN{                         WMMMM\   ..&,.           MNMNH96jM@          @
@         .Mh,                 .       /M@^        //              _7^WMMMMNg,.    @
@          dMugNMMMMMM9         .%      M:       ..M`                J@    74,     @
@        ..MMM&       ..        TMa....M9WNmQggN#^?          jQNgg+..MF            @
@      .M@^ .dMMo..gd ^`            `                          ?jM RASPT2.         @
@     dF      ~jMM#1.               .N,      .N=        `   ..g#      .7           @
@             .MMTTMMNm,.            -MMMWyM9-         ..+MMMT=)  dMM      mi      @
@           .dMF    7?W""9g...,                 ...J"=`y"D`         FFM            @
@          .MMF                 ^    """"""""   ^                      KK.         @
@                                                                                  @
@@@@@@@@@@@@@@@@@@@@@@@@@@@@@@@@@@@@@@@@@@@@@@@@@@@@@@@@@@@@@@@@@@@@@@@@@@@@@@@@@@@@
@                                                                                  @
@       This program is intended to be used after HF and MO transformation         @
@       calculations uisng the DIRAC software.                                     @
@       https://www.diracprogram.org/doku.php?id=start                             @
@                                                                                  @
@       You can use, redistribute and/or modify this program under the terms       @
@       of the GNU Lesser General Public License version 2.1 as published          @
@       by the Free Software Foundation.                                           @
@                                                                                  @
@       Please cite the following paper when you publish the data obtained         @
@       using this program.                                                        @
@       1. Y. Masuda, K. Noda, S. Iwamuro, M. Hada, N. Nakatani, M. Abe.           @
@          Relativistic CASPT2/RASPT2 Program along with DIRAC software.           @
@          J. Chem. Theory Comput. 2025, 21, 3, 1249â€“1258;                         @
@          https://doi.org/10.1021/acs.jctc.4c01589                                @
@                                                                                  @
@       We do not take any responsibility for the results produced                 @
@       by this program.                                                           @
@                                                                                  @
@@@@@@@@@@@@@@@@@@@@@@@@@@@@@@@@@@@@@@@@@@@@@@@@@@@@@@@@@@@@@@@@@@@@@@@@@@@@@@@@@@@@
 
 
  ENTER RELATIVISTIC CASCI PROGRAM
 
Master rank allocated memory size:       0.00 bytes
Present time is
YEAR  = 2025 MONTH = 2 DATE  = 27
HOUR  = 12 MIN  = 54 SEC  = 40.188
 ninact        = 14
 nact          = 10
 nsec          = 60
 nelec         = 4
 nroot         = 10
 selectroot    = 1
 totsym        = 3
 eshift        = 0.0000000000E+00
 diracver      = 22
 scheme        = 6
 ras1_max_hole = 0
 ras3_max_elec = 0
 minholeras1   = 0
 debugprint    = F
 
computational time = 0 day 0 h 0 min 0.000 sec
 Start create_newmdcint
 End create_newmdcint
computational time = 0 day 0 h 0 min 1.975 sec
 Enter readint2_casci
Master rank allocated memory size:      68.56 MB
 end Read mdcint normal
 nmo        =                   84
Master rank allocated memory size:      68.34 MB
  
 *******************************
  
 IREP IS      a
  
 *******************************
  
 Number of candidates for configuration of CASCI =                   210
 total symmetry of CASCI configuration =                     3
 Number of CASCI configuration =                   110
 Cas mat enter
 end casmat_complex
 Start mat diagonalization
 ndet before diagonalization                  110
 End mat diagonalization
computational time = 0 day 0 h 0 min 0.005 sec
CASCI ENERGY FOR 3 STATE
CASCI Total Energy ROOT1     -109.67249475904527855619 a.u.
CASCI Total Energy ROOT2     -109.42861737147318024199 a.u.
CASCI Total Energy ROOT3     -109.42861732603354596449 a.u.
CASCI Total Energy ROOT4     -109.33004989373783644169 a.u.
CASCI Total Energy ROOT5     -109.32393108738217790687 a.u.
CASCI Total Energy ROOT6     -109.32393098345526993853 a.u.
CASCI Total Energy ROOT7     -109.30584105285176121924 a.u.
CASCI Total Energy ROOT8     -109.30123902996938056731 a.u.
CASCI Total Energy ROOT9     -109.29059795613382277679 a.u.
CASCI Total Energy ROOT10     -109.24283424091514405063 a.u.
Root =    1
 T T T T F F F F F F
   1    0.9994410E+00   -0.7323459E-13 Weights  0.9988823E+00
Root =    2
 T T F T T F F F F F
   2   -0.6937451E+00    0.7478631E-01 Weights  0.4868753E+00
 T T T F F T F F F F
   4    0.6937471E+00    0.7478694E-01 Weights  0.4868782E+00
Root =    3
 T T F T T F F F F F
   2    0.7478173E-01    0.6937476E+00 Weights  0.4868780E+00
 T T T F F T F F F F
   4   -0.7479140E-01    0.6937445E+00 Weights  0.4868752E+00
Root =    4
 F T T T T F F F F F
   3    0.1619753E+00   -0.7946311E-01 Weights  0.3255037E-01
 T F T T F T F F F F
   5   -0.1619753E+00   -0.7946311E-01 Weights  0.3255037E-01
 T T F T F F F F T F
  39    0.2971887E-03    0.6819900E+00 Weights  0.4651104E+00
 T T T F F F F F F T
  67   -0.2971790E-03    0.6819900E+00 Weights  0.4651104E+00
Root =    5
 T T F T F F T F F F
  10    0.4838149E+00   -0.5023247E+00 Weights  0.4864070E+00
 T T T F F F F T F F
  20   -0.4838189E+00   -0.5023203E+00 Weights  0.4864064E+00
Root =    6
 T T F T F F T F F F
  10   -0.5023228E+00   -0.4838158E+00 Weights  0.4864059E+00
 T T T F F F F T F F
  20    0.5023231E+00   -0.4838161E+00 Weights  0.4864065E+00
Root =    7
 F T T T T F F F F F
   3    0.6089125E+00   -0.2987725E+00 Weights  0.4600394E+00
 T F T T F T F F F F
   5   -0.6089125E+00   -0.2987725E+00 Weights  0.4600394E+00
 T T F T F F F F T F
  39   -0.7609110E-03   -0.1791171E+00 Weights  0.3208352E-01
 T T T F F F F F F T
  67    0.7609106E-03   -0.1791171E+00 Weights  0.3208352E-01
Root =    8
 F T T T T F F F F F
   3   -0.1632314E+00   -0.3339536E+00 Weights  0.1381695E+00
 T F T T F T F F F F
   5    0.1632314E+00   -0.3339536E+00 Weights  0.1381695E+00
 T T F T F F F F T F
  39    0.5884156E+00   -0.3960248E-03 Weights  0.3462331E+00
 T T T F F F F F F T
  67   -0.5884156E+00   -0.3960248E-03 Weights  0.3462331E+00
 T T F F F F F F T T
  95    0.1156189E+00   -0.8301383E-14 Weights  0.1336774E-01
Root =    9
 F T T T T F F F F F
   3    0.2621377E+00    0.5334659E+00 Weights  0.3533020E+00
 T F T T F T F F F F
   5   -0.2621377E+00    0.5334659E+00 Weights  0.3533020E+00
 T T F T F F F F T F
  39    0.3637721E+00   -0.2604628E-03 Weights  0.1323302E+00
 T T T F F F F F F T
  67   -0.3637721E+00   -0.2604628E-03 Weights  0.1323302E+00
Root =   10
 F T T T F F T F F F
  11   -0.5370726E+00    0.4525394E+00 Weights  0.4932389E+00
 T F T T F F F T F F
  21    0.5370726E+00    0.4525394E+00 Weights  0.4932389E+00
 enter e0test
 core energy =   76.125214703031148     
 energyHF(1)              (-295.29692619738984,0.0000000000000000)
 energyHF(2)               (109.50030313152990,0.0000000000000000)
 energyHF =              (-109.67140836282879,0.0000000000000000)
 energyHF(MRCONEE) =  -109.67140836139201     
 energyHF(MRCONEE) - energyHF =         (1.43677425512578338E-009,0.0000000000000000)
 -------------------------------------------------------------------------
 NOTE:
 If DIRAC HF calculation was calculated with closed shell orbitals,
 the energyHF obtained from MRCONEE should be
 approximately the same as the energyHF.
 But if DIRAC HF calculation was calculated with open shell orbitals,
 the two energies may be different because DIRAC calculates the HF energy
 by AOC-HF method as default.
 -------------------------------------------------------------------------
selectroot 1
 energy 1 =              (-253.31220456852651,0.0000000000000000)
 energy 2 =               (72.168735983018607,0.0000000000000000)
 energy 3 =              (-7.9839544977606618,0.0000000000000000)
 energy 4 =         (3.3297136211921345,2.89435336372863584E-017)
 t-energy(1-4)        (-185.79770946207643,2.89435336372863584E-017)
 t-energy  -185.79770946207643     
 C the error         (0.0000000000000000,-2.89435336372863584E-017)
Master rank allocated memory size:      68.36 MB
Master rank allocated memory size:       0.00 bytes
computational time = 0 day 0 h 0 min 2.376 sec
 End r4dcasci part
 
@@@@@@@@@@@@@@@@@@@@@@@@@@@@@@@@@@@@@@@@@@@@@@@@@@@@@@@@@@@@@@@@@@@@@@@@@@@@@@@@@@@@
@        ____  _____ _        _  _____ _____     _____ ____ _____ ___ ____         @
@       |  _ \| ____| |      / \|_   _|_ _\ \   / /_ _/ ___|_   _|_ _/ ___|        @
@       | |_) |  _| | |     / _ \ | |  | | \ \ / / | |\___ \ | |  | | |            @
@       |  _ <| |___| |___ / ___ \| |  | |  \ V /  | | ___) || |  | | |___         @
@       |_|_\_\_____|_____/_/___\_\_|_|___|_ \_/  |___|____/ |_| |___\____|        @
@                       / ___|  / \  / ___||  _ \_   _|___ \                       @
@                      | |     / _ \ \___ \| |_) || |   __) |                      @
@                      | |___ / ___ \ ___) |  __/ | |  / __/                       @
@                       \____/_/   \_\____/|_|    |_| |_____|                      @
@                                                                                  @
@       Developped by Kohei Noda, Yasuto Masuda, Sumika Iwamuro, Minori Abe        @
@               Hiroshima University & Tokyo Metropolitan Univeristy               @
@                     https://github.com/RQC-HU/dirac_caspt2                       @
@                                                                                  @
@@@@@@@@@@@@@@@@@@@@@@@@@@@@@@@@@@@@@@@@@@@@@@@@@@@@@@@@@@@@@@@@@@@@@@@@@@@@@@@@@@@@
@                                                                                  @
@                MMMN,                                    .MMp                     @
@               .#  ?YMa,                                dM\Tb                     @
@               .F    ,MMm,                             dM#  .W,                   @
@               (F      TMMp                           JMMt    7,                  @
@               J]       4MMp                      .dMM@       M[                  @
@               M\        ?MMh.                    .(MMMF       -N.                @
@              .M          qMMMN+.............(+gMMMMM@^ (((()  MN                 @
@              (F          .MT"^ _~?77?!~~???77"^ ``,!           JM!               @
@              M]                                                  TN,             @
@             .M}                                                  VMp             @
@             MM        .gMMMNJ.                 ..MMMMMa,          UM2            @
@            JP       .MMMMMMMMMN,              .M^MMMMN,TN,         UMp           @
@           Jb        M@.MMMMMM)?Mh           .M^ MMMMMM] ?h          MMb          @
@          .M^       .Hp 4MMMM!  .Mb          .M  (MMMM) ..9]      ...(MMNCASPT2   @
@         .Mh.(J.,     TMNMMMMNM"^ 7`         TWgJuMMNg&M"     .d"""777MM!~??`     @
@    ..gMMMM"^ .^          ?^                       ^^?                q@]         @
@  .MM#"` MF        ^^^               ......             ^^^           -b          @
@ , "     HN{                         WMMMM\   ..&,.           MNMNH96jM@          @
@         .Mh,                 .       /M@^        //              _7^WMMMMNg,.    @
@          dMugNMMMMMM9         .%      M:       ..M`                J@    74,     @
@        ..MMM&       ..        TMa....M9WNmQggN#^?          jQNgg+..MF            @
@      .M@^ .dMMo..gd ^`            `                          ?jM RASPT2.         @
@     dF      ~jMM#1.               .N,      .N=        `   ..g#      .7           @
@             .MMTTMMNm,.            -MMMWyM9-         ..+MMMT=)  dMM      mi      @
@           .dMF    7?W""9g...,                 ...J"=`y"D`         FFM            @
@          .MMF                 ^    """"""""   ^                      KK.         @
@                                                                                  @
@@@@@@@@@@@@@@@@@@@@@@@@@@@@@@@@@@@@@@@@@@@@@@@@@@@@@@@@@@@@@@@@@@@@@@@@@@@@@@@@@@@@
@                                                                                  @
@       This program is intended to be used after HF and MO transformation         @
@       calculations uisng the DIRAC software.                                     @
@       https://www.diracprogram.org/doku.php?id=start                             @
@                                                                                  @
@       You can use, redistribute and/or modify this program under the terms       @
@       of the GNU Lesser General Public License version 2.1 as published          @
@       by the Free Software Foundation.                                           @
@                                                                                  @
@       Please cite the following paper when you publish the data obtained         @
@       using this program.                                                        @
@       1. Y. Masuda, K. Noda, S. Iwamuro, M. Hada, N. Nakatani, M. Abe.           @
@          Relativistic CASPT2/RASPT2 Program along with DIRAC software.           @
@          J. Chem. Theory Comput. 2025, 21, 3, 1249â€“1258;                         @
@          https://doi.org/10.1021/acs.jctc.4c01589                                @
@                                                                                  @
@       We do not take any responsibility for the results produced                 @
@       by this program.                                                           @
@                                                                                  @
@@@@@@@@@@@@@@@@@@@@@@@@@@@@@@@@@@@@@@@@@@@@@@@@@@@@@@@@@@@@@@@@@@@@@@@@@@@@@@@@@@@@
 
 
  START RELATIVISIC CASPT2 PROGRAM
 
Master rank allocated memory size:       0.00 bytes
Present time is
YEAR  = 2025 MONTH = 2 DATE  = 27
HOUR  = 12 MIN  = 54 SEC  = 42.564
 ninact        = 14
 nact          = 10
 nsec          = 60
 nelec         = 4
 nroot         = 10
 selectroot    = 1
 totsym        = 3
 eshift        = 0.0000000000E+00
 diracver      = 22
 scheme        = 6
 ras1_max_hole = 0
 ras3_max_elec = 0
 minholeras1   = 0
 debugprint    = F
 
 Reading MDCINT (2-e integrals)
Master rank allocated memory size:       0.00 bytes
 nmo        =                   84
 Enter readint2_casci
Master rank allocated memory size:      68.58 MB
 end Read mdcint normal
computational time = 0 day 0 h 0 min 0.742 sec
 end building fock
computational time = 0 day 0 h 0 min 1.201 sec
 cdiag0 start
 nsymrpa                    2
 cdiag0 start
 nsymrpa                    2
 cdiag0 start
 nsymrpa                    2
computational time = 0 day 0 h 0 min 0.003 sec
computational time = 0 day 0 h 0 min 0.001 sec
  
 *******************************
  
IRREP =    a
  
 *******************************
  
 selectroot =                     1
computational time = 0 day 0 h 0 min 0.005 sec
----------------------------------------------------------------
 Start calcultion of A subspace 2nd order energy
----------------------------------------------------------------
Master rank allocated memory size:      68.69 MB
Master rank allocated memory size:      68.89 MB
  
 e2a(isym)
 e2a(  1) =    -0.670965948372678E-03 a.u.
 e2a(  2) =    -0.670965948372681E-03 a.u.
 e2a       =    -0.134193189674536E-02 a.u.
 sumc2,a  =     0.646067967579953E-03
  
 End calcultion of A subspace 2nd order energy
computational time = 0 day 0 h 0 min 21.924 sec
----------------------------------------------------------------
  
----------------------------------------------------------------
 Start calcultion of B subspace 2nd order energy
----------------------------------------------------------------
Master rank allocated memory size:      68.75 MB
  
 e2b(isym)
 e2b(  1)  =    -0.116804617367632E-02 a.u.
 e2b(  2)  =    -0.496349782911922E-03 a.u.
 e2b       =    -0.166439595658825E-02 a.u.
 sumc2,b   =     0.589231696303578E-03
  
 End calcuation of B subspace 2nd order energy
computational time = 0 day 0 h 0 min 0.979 sec
----------------------------------------------------------------
  
----------------------------------------------------------------
 Start calcultion of C subspace 2nd order energy
----------------------------------------------------------------
Master rank allocated memory size:      69.36 MB
Master rank allocated memory size:      70.24 MB
Master rank allocated memory size:      70.24 MB
  
 e2c(isym)
 e2c(  1) =    -0.121138993430798E-02 a.u.
 e2c(  2) =    -0.121138993430803E-02 a.u.
 e2c      =    -0.242277986861602E-02 a.u.
 sumc2,c  =     0.977149630987290E-03
  
 End calcuation of C subspace 2nd order energy
computational time = 0 day 0 h 0 min 46.852 sec
----------------------------------------------------------------
  
----------------------------------------------------------------
 Start calcultion of D subspace 2nd order energy
----------------------------------------------------------------
Master rank allocated memory size:      69.73 MB
Master rank allocated memory size:      69.73 MB
Master rank allocated memory size:      70.96 MB
  
 e2d(isym)
 e2d(  1) =    -0.618641545392373E-02 a.u.
 e2d(  2) =    -0.375266170952531E-02 a.u.
 e2d      =    -0.993907716344904E-02 a.u.
 sumc2,d  =     0.291252972985099E-02
  
 End calcuation of D subspace 2nd order energy
computational time = 0 day 0 h 0 min 24.844 sec
----------------------------------------------------------------
  
----------------------------------------------------------------
 Start calcultion of E subspace 2nd order energy
----------------------------------------------------------------
Master rank allocated memory size:      70.24 MB
  
 e2e(isym)
 e2e(  1) =    -0.692960200892110E-02 a.u.
 e2e(  2) =    -0.692960200891122E-02 a.u.
 e2e      =    -0.138592040178323E-01 a.u.
 sumc2,e  =     0.301954076944752E-02
  
 End calcuation of E subspace 2nd order energy
computational time = 0 day 0 h 0 min 1.857 sec
----------------------------------------------------------------
  
----------------------------------------------------------------
 Start calcultion of F subspace 2nd order energy
----------------------------------------------------------------
Master rank allocated memory size:      73.94 MB
  
 e2f(isym)
 e2f(  1) =    -0.168558167883480E-01 a.u.
 e2f(  2) =    -0.513192605624841E-02 a.u.
 e2f      =    -0.219877428445965E-01 a.u.
 sumc2,f  =     0.491375116588350E-02
  
 End calcuation of F subspace 2nd order energy
computational time = 0 day 0 h 0 min 9.919 sec
----------------------------------------------------------------
  
----------------------------------------------------------------
 Start calcultion of G subspace 2nd order energy
----------------------------------------------------------------
Master rank allocated memory size:      76.14 MB
  
 e2g(isym)
 e2g(  1) =    -0.362870588424758E-01 a.u.
 e2g(  2) =    -0.362870588424757E-01 a.u.
 e2g      =    -0.725741176849515E-01 a.u.
 sumc2,g  =     0.122848836119281E-01
  
 End calcuation of G subspace 2nd order energy
computational time = 0 day 0 h 0 min 8.704 sec
----------------------------------------------------------------
  
----------------------------------------------------------------
 Start calcultion of H subspace 2nd order energy
----------------------------------------------------------------
Master rank allocated memory size:      79.21 MB
  
 e2h      =    -0.121413902582513E+00 a.u.
 sumc2,h  =     0.127845426827281E-01
  
 End calcuation of H subspace 2nd order energy
computational time = 0 day 0 h 0 min 0.680 sec
----------------------------------------------------------------
  
 CASPT2 ENERGY FOR 3 STATE, selectroot = 1
 c^2 is                                 0.03812769725470906840
 weight of 0th wave function is         0.96327263268715745959
 Total second order energy is          -0.24520315201529196969 a.u.
 Total energy is                     -109.91769791106057141405 a.u.
  
 END OF RELATIVISTIC CASPT2 PROGRAM

================= Standard error =================

================= Calculation finished ================
User Command : /workspace/build/dcaspt2 -i /workspace/test/slow/cs_methanol_slow/active.inp -o /workspace/test/slow/cs_methanol_slow/cs_methanol_slow.caspt2.out --omp 1
Auto-created Command :  /workspace/build/r4dcaspt2exe
Scratch directory : /home/docker/dcaspt2_scratch/active_2025-02-27_12-54-40_p68nqzcs
Output file : /workspace/test/slow/cs_methanol_slow/cs_methanol_slow.caspt2.out
Calculation started at : 2025-02-27 12:54:40
Calculation finished at : 2025-02-27 12:56:40
Elapsed time (sec) : 120.0992 sec
Elapsed time : 0 day 0 hour 2 min 0 sec 099 millisecond
dirac-caspt2 version (commit hash) : e91dda0be404ad211985ff259698f8c040354219
NORMAL END OF dirac-caspt2 CALCULATION
