initialization of mpi, rank : 0 nprocs : 1
 
@@@@@@@@@@@@@@@@@@@@@@@@@@@@@@@@@@@@@@@@@@@@@@@@@@@@@@@@@@@@@@@@@@@@@@@@@@@@@@@@@@@@
@        ____  _____ _        _  _____ _____     _____ ____ _____ ___ ____         @
@       |  _ \| ____| |      / \|_   _|_ _\ \   / /_ _/ ___|_   _|_ _/ ___|        @
@       | |_) |  _| | |     / _ \ | |  | | \ \ / / | |\___ \ | |  | | |            @
@       |  _ <| |___| |___ / ___ \| |  | |  \ V /  | | ___) || |  | | |___         @
@       |_|_\_\_____|_____/_/___\_\_|_|___|_ \_/  |___|____/ |_| |___\____|        @
@                       / ___|  / \  / ___||  _ \_   _|___ \                       @
@                      | |     / _ \ \___ \| |_) || |   __) |                      @
@                      | |___ / ___ \ ___) |  __/ | |  / __/                       @
@                       \____/_/   \_\____/|_|    |_| |_____|                      @
@                                                                                  @
@       Developped by Kohei Noda, Yasuto Masuda, Sumika Iwamuro, Minori Abe        @
@               Hiroshima University & Tokyo Metropolitan Univeristy               @
@                     https://github.com/RQC-HU/dirac_caspt2                       @
@                                                                                  @
@@@@@@@@@@@@@@@@@@@@@@@@@@@@@@@@@@@@@@@@@@@@@@@@@@@@@@@@@@@@@@@@@@@@@@@@@@@@@@@@@@@@
@                                                                                  @
@                MMMN,                                    .MMp                     @
@               .#  ?YMa,                                dM\Tb                     @
@               .F    ,MMm,                             dM#  .W,                   @
@               (F      TMMp                           JMMt    7,                  @
@               J]       4MMp                      .dMM@       M[                  @
@               M\        ?MMh.                    .(MMMF       -N.                @
@              .M          qMMMN+.............(+gMMMMM@^ (((()  MN                 @
@              (F          .MT"^ _~?77?!~~???77"^ ``,!           JM!               @
@              M]                                                  TN,             @
@             .M}                                                  VMp             @
@             MM        .gMMMNJ.                 ..MMMMMa,          UM2            @
@            JP       .MMMMMMMMMN,              .M^MMMMN,TN,         UMp           @
@           Jb        M@.MMMMMM)?Mh           .M^ MMMMMM] ?h          MMb          @
@          .M^       .Hp 4MMMM!  .Mb          .M  (MMMM) ..9]      ...(MMNCASPT2   @
@         .Mh.(J.,     TMNMMMMNM"^ 7`         TWgJuMMNg&M"     .d"""777MM!~??`     @
@    ..gMMMM"^ .^          ?^                       ^^?                q@]         @
@  .MM#"` MF        ^^^               ......             ^^^           -b          @
@ , "     HN{                         WMMMM\   ..&,.           MNMNH96jM@          @
@         .Mh,                 .       /M@^        //              _7^WMMMMNg,.    @
@          dMugNMMMMMM9         .%      M:       ..M`                J@    74,     @
@        ..MMM&       ..        TMa....M9WNmQggN#^?          jQNgg+..MF            @
@      .M@^ .dMMo..gd ^`            `                          ?jM RASPT2.         @
@     dF      ~jMM#1.               .N,      .N=        `   ..g#      .7           @
@             .MMTTMMNm,.            -MMMWyM9-         ..+MMMT=)  dMM      mi      @
@           .dMF    7?W""9g...,                 ...J"=`y"D`         FFM            @
@          .MMF                 ^    """"""""   ^                      KK.         @
@                                                                                  @
@@@@@@@@@@@@@@@@@@@@@@@@@@@@@@@@@@@@@@@@@@@@@@@@@@@@@@@@@@@@@@@@@@@@@@@@@@@@@@@@@@@@
@                                                                                  @
@       This program is intended to be used after HF and MO transformation         @
@       calculations uisng the DIRAC software.                                     @
@       https://www.diracprogram.org/doku.php?id=start                             @
@                                                                                  @
@       You can use, redistribute and/or modify this program under the terms       @
@       of the GNU Lesser General Public License version 2.1 as published          @
@       by the Free Software Foundation.                                           @
@                                                                                  @
@       Please cite the following paper when you publish the data obtained         @
@       using this program.                                                        @
@       1. Y. Masuda, K. Noda, S. Iwamuro, M. Hada, N. Nakatani, M. Abe.           @
@          Relativistic CASPT2/RASPT2 Program along with DIRAC software.           @
@          J. Chem. Theory Comput. 2025, 21, 3, 1249â€“1258;                         @
@          https://doi.org/10.1021/acs.jctc.4c01589                                @
@                                                                                  @
@       We do not take any responsibility for the results produced                 @
@       by this program.                                                           @
@                                                                                  @
@@@@@@@@@@@@@@@@@@@@@@@@@@@@@@@@@@@@@@@@@@@@@@@@@@@@@@@@@@@@@@@@@@@@@@@@@@@@@@@@@@@@
 
 
 Input file:
 ```inp
 .ninact
 6
 .nact
 6
 .nsec
 48
 .nelec
 4
 .caspt2_ciroots
 3 1
 .diracver
 21
 .subprograms
 CASCI
 CASPT2
 .end
 ```
 
  
 Reading MRCONEE (1-e integrals)
 filename = MRCONEE
 DIRAC seems to be compiled with 64-bit integer.
 Information from MRCONEE
 NMO, BREIT, ECORE
                   60 F   9.1895337626396856     
  NSYMRP, (REPN(IRP),IRP=1,NSYMRP)
                    2    E  1E         E  2E      
  NSYMRPA, (REPNA(IRP),IRP=1,NSYMRPA*2)
                    2   1E  2E   a   b
 MULTB
  4  3  1  2
  3  4  2  1
  1  2  3  4
  2  1  4  3
  
----------------------------------------------------------------
        energy-order    Dirac     orbtal energy    irrep  irrep 
           index        index         (a.u.)       index  string
----------------------------------------------------------------
 inactive      1            1   -0.2057717389E+02      1      1E
 inactive      2           31   -0.2057717389E+02      2      2E
 inactive      3            2   -0.1358577125E+01      1      1E
 inactive      4           32   -0.1358577125E+01      2      2E
 inactive      5            3   -0.7096400708E+00      1      1E
 inactive      6           33   -0.7096400708E+00      2      2E
 active        7            4   -0.5622939989E+00      1      1E
 active        8           34   -0.5622939989E+00      2      2E
 active        9            5   -0.5016264948E+00      1      1E
 active       10           35   -0.5016264948E+00      2      2E
 active       11            6    0.2017445280E+00      1      1E
 active       12           36    0.2017445280E+00      2      2E
 secondary    13            7    0.2976096987E+00      1      1E
 secondary    14           37    0.2976096987E+00      2      2E
 secondary    15            8    0.8250856955E+00      1      1E
 secondary    16           38    0.8250856955E+00      2      2E
 secondary    17            9    0.9488667933E+00      1      1E
 secondary    18           39    0.9488667933E+00      2      2E
 secondary    19           10    0.1085600701E+01      1      1E
 secondary    20           40    0.1085600701E+01      2      2E
 secondary    21           11    0.1120058216E+01      1      1E
 secondary    22           41    0.1120058216E+01      2      2E
 secondary    23           12    0.1284767870E+01      1      1E
 secondary    24           42    0.1284767870E+01      2      2E
 secondary    25           13    0.1490105002E+01      1      1E
 secondary    26           43    0.1490105002E+01      2      2E
 secondary    27           14    0.4743130834E+01      1      1E
 secondary    28           44    0.4743130834E+01      2      2E
 secondary    29           15    0.4850161651E+01      1      1E
 secondary    30           45    0.4850161651E+01      2      2E
 secondary    31           16    0.5805430880E+01      1      1E
 secondary    32           46    0.5805430880E+01      2      2E
 secondary    33           17    0.5934138559E+01      1      1E
 secondary    34           47    0.5934138559E+01      2      2E
 secondary    35           18    0.6066238721E+01      1      1E
 secondary    36           48    0.6066238721E+01      2      2E
 secondary    37           19    0.7721313362E+01      1      1E
 secondary    38           49    0.7721313362E+01      2      2E
 secondary    39           20    0.2512341240E+02      1      1E
 secondary    40           50    0.2512341240E+02      2      2E
 secondary    41           21    0.2965542172E+02      1      1E
 secondary    42           51    0.2965542172E+02      2      2E
 secondary    43           22    0.2968659422E+02      1      1E
 secondary    44           52    0.2968659422E+02      2      2E
 secondary    45           23    0.2975433953E+02      1      1E
 secondary    46           53    0.2975433953E+02      2      2E
 secondary    47           24    0.3268593029E+02      1      1E
 secondary    48           54    0.3268593029E+02      2      2E
 secondary    49           25    0.3273773981E+02      1      1E
 secondary    50           55    0.3273773981E+02      2      2E
 secondary    51           26    0.6385228968E+02      1      1E
 secondary    52           56    0.6385228968E+02      2      2E
 secondary    53           27    0.1511338819E+03      1      1E
 secondary    54           57    0.1511338819E+03      2      2E
 secondary    55           28    0.4302814568E+03      1      1E
 secondary    56           58    0.4302814568E+03      2      2E
 secondary    57           29    0.1648491832E+04      1      1E
 secondary    58           59    0.1648491832E+04      2      2E
 secondary    59           30    0.8274286112E+04      1      1E
 secondary    60           60    0.8274286112E+04      2      2E
  
 MDCINT realonly =  T
 
@@@@@@@@@@@@@@@@@@@@@@@@@@@@@@@@@@@@@@@@@@@@@@@@@@@@@@@@@@@@@@@@@@@@@@@@@@@@@@@@@@@@
@        ____  _____ _        _  _____ _____     _____ ____ _____ ___ ____         @
@       |  _ \| ____| |      / \|_   _|_ _\ \   / /_ _/ ___|_   _|_ _/ ___|        @
@       | |_) |  _| | |     / _ \ | |  | | \ \ / / | |\___ \ | |  | | |            @
@       |  _ <| |___| |___ / ___ \| |  | |  \ V /  | | ___) || |  | | |___         @
@       |_|_\_\_____|_____/_/___\_\_|_|___|_ \_/  |___|____/ |_| |___\____|        @
@                         ____    _    ____   ____ ___                             @
@                        / ___|  / \  / ___| / ___|_ _|                            @
@                       | |     / _ \ \___ \| |    | |                             @
@                       | |___ / ___ \ ___) | |___ | |                             @
@                        \____/_/   \_\____/ \____|___|                            @
@                                                                                  @
@       Developped by Kohei Noda, Yasuto Masuda, Sumika Iwamuro, Minori Abe        @
@               Hiroshima University & Tokyo Metropolitan Univeristy               @
@                     https://github.com/RQC-HU/dirac_caspt2                       @
@                                                                                  @
@@@@@@@@@@@@@@@@@@@@@@@@@@@@@@@@@@@@@@@@@@@@@@@@@@@@@@@@@@@@@@@@@@@@@@@@@@@@@@@@@@@@
@                                                                                  @
@                MMMN,                                    .MMp                     @
@               .#  ?YMa,                                dM\Tb                     @
@               .F    ,MMm,                             dM#  .W,                   @
@               (F      TMMp                           JMMt    7,                  @
@               J]       4MMp                      .dMM@       M[                  @
@               M\        ?MMh.                    .(MMMF       -N.                @
@              .M          qMMMN+.............(+gMMMMM@^ (((()  MN                 @
@              (F          .MT"^ _~?77?!~~???77"^ ``,!           JM!               @
@              M]                                                  TN,             @
@             .M}                                                  VMp             @
@             MM        .gMMMNJ.                 ..MMMMMa,          UM2            @
@            JP       .MMMMMMMMMN,              .M^MMMMN,TN,         UMp           @
@           Jb        M@.MMMMMM)?Mh           .M^ MMMMMM] ?h          MMb          @
@          .M^       .Hp 4MMMM!  .Mb          .M  (MMMM) ..9]      ...(MMNCASPT2   @
@         .Mh.(J.,     TMNMMMMNM"^ 7`         TWgJuMMNg&M"     .d"""777MM!~??`     @
@    ..gMMMM"^ .^          ?^                       ^^?                q@]         @
@  .MM#"` MF        ^^^               ......             ^^^           -b          @
@ , "     HN{                         WMMMM\   ..&,.           MNMNH96jM@          @
@         .Mh,                 .       /M@^        //              _7^WMMMMNg,.    @
@          dMugNMMMMMM9         .%      M:       ..M`                J@    74,     @
@        ..MMM&       ..        TMa....M9WNmQggN#^?          jQNgg+..MF            @
@      .M@^ .dMMo..gd ^`            `                          ?jM RASPT2.         @
@     dF      ~jMM#1.               .N,      .N=        `   ..g#      .7           @
@             .MMTTMMNm,.            -MMMWyM9-         ..+MMMT=)  dMM      mi      @
@           .dMF    7?W""9g...,                 ...J"=`y"D`         FFM            @
@          .MMF                 ^    """"""""   ^                      KK.         @
@                                                                                  @
@@@@@@@@@@@@@@@@@@@@@@@@@@@@@@@@@@@@@@@@@@@@@@@@@@@@@@@@@@@@@@@@@@@@@@@@@@@@@@@@@@@@
@                                                                                  @
@       This program is intended to be used after HF and MO transformation         @
@       calculations uisng the DIRAC software.                                     @
@       https://www.diracprogram.org/doku.php?id=start                             @
@                                                                                  @
@       You can use, redistribute and/or modify this program under the terms       @
@       of the GNU Lesser General Public License version 2.1 as published          @
@       by the Free Software Foundation.                                           @
@                                                                                  @
@       Please cite the following paper when you publish the data obtained         @
@       using this program.                                                        @
@       1. Y. Masuda, K. Noda, S. Iwamuro, M. Hada, N. Nakatani, M. Abe.           @
@          Relativistic CASPT2/RASPT2 Program along with DIRAC software.           @
@          J. Chem. Theory Comput. 2025, 21, 3, 1249â€“1258;                         @
@          https://doi.org/10.1021/acs.jctc.4c01589                                @
@                                                                                  @
@       We do not take any responsibility for the results produced                 @
@       by this program.                                                           @
@                                                                                  @
@@@@@@@@@@@@@@@@@@@@@@@@@@@@@@@@@@@@@@@@@@@@@@@@@@@@@@@@@@@@@@@@@@@@@@@@@@@@@@@@@@@@
 
 
  ENTER RELATIVISTIC CASCI PROGRAM
 
Master rank allocated memory size:       0.00 bytes
Present time is
YEAR  = 2025 MONTH = 2 DATE  = 27
HOUR  = 12 MIN  = 56 SEC  = 42.157
 ninact        = 6
 nact          = 6
 nsec          = 48
 nelec         = 4
 nroot         = 10
 selectroot    = 1
 totsym        = 3
 eshift        = 0.0000000000E+00
 diracver      = 21
 scheme        = 6
 ras1_max_hole = 0
 ras3_max_elec = 0
 minholeras1   = 0
 debugprint    = F
 
computational time = 0 day 0 h 0 min 0.000 sec
 Start create_newmdcint
 End create_newmdcint
computational time = 0 day 0 h 0 min 0.348 sec
 Enter readint2_casci subroutine (realonly)
Master rank allocated memory size:       5.30 MB
 end Read mdcint normal
 nmo        =                   60
Master rank allocated memory size:       5.22 MB
  
 *******************************
  
 IREP IS      a
  
 *******************************
  
 Number of candidates for configuration of CASCI =                    15
 total symmetry of CASCI configuration =                     3
 Number of CASCI configuration =                     9
 WARNING: ndet < nroot
Cannot print 10th RASCI/CASCI energy
because the number of CASCI configuration is 9 and it is less than 10
 Therefore, replace nroot with the number of CASCI configuration.
 new nroot =                     9
 Cas mat enter
 end casmat_real
 Start mat diagonalization
 ndet before diagonalization                    9
 End mat diagonalization
computational time = 0 day 0 h 0 min 0.003 sec
CASCI ENERGY FOR 3 STATE
CASCI Total Energy ROOT1      -76.04462754192466888981 a.u.
CASCI Total Energy ROOT2      -75.71296963914156208375 a.u.
CASCI Total Energy ROOT3      -75.71296875894667266493 a.u.
CASCI Total Energy ROOT4      -75.63778694836990723616 a.u.
CASCI Total Energy ROOT5      -75.59791951388724839944 a.u.
CASCI Total Energy ROOT6      -75.02532478429840523404 a.u.
CASCI Total Energy ROOT7      -75.02531337420494139678 a.u.
CASCI Total Energy ROOT8      -74.99097946454500629443 a.u.
CASCI Total Energy ROOT9      -74.79976709086477626443 a.u.
Root =    1
 T T T T F F
   1   -0.9996892E+00 Weights  0.9993785E+00
Root =    2
 T T F T T F
   2   -0.7038874E+00 Weights  0.4954574E+00
 T T T F F T
   4   -0.7038874E+00 Weights  0.4954574E+00
Root =    3
 T T F T T F
   2   -0.7038831E+00 Weights  0.4954513E+00
 T T T F F T
   4    0.7038830E+00 Weights  0.4954513E+00
Root =    4
 F T T T T F
   3   -0.7071054E+00 Weights  0.4999980E+00
 T F T T F T
   5   -0.7071054E+00 Weights  0.4999980E+00
Root =    5
 F T T T T F
   3   -0.7008133E+00 Weights  0.4911392E+00
 T F T T F T
   5    0.7008133E+00 Weights  0.4911392E+00
 F F T T T T
   9   -0.1325716E+00 Weights  0.1757522E-01
Root =    6
 F T T F T T
   7    0.7036264E+00 Weights  0.4950902E+00
 T F F T T T
   8   -0.7036264E+00 Weights  0.4950902E+00
Root =    7
 F T T F T T
   7    0.7038883E+00 Weights  0.4954588E+00
 T F F T T T
   8    0.7038883E+00 Weights  0.4954588E+00
Root =    8
 T T F F T T
   6   -0.9692786E+00 Weights  0.9395011E+00
 F F T T T T
   9    0.2410537E+00 Weights  0.5810687E-01
Root =    9
 T T F F T T
   6    0.2442738E+00 Weights  0.5966970E-01
 F F T T T T
   9    0.9611136E+00 Weights  0.9237394E+00
 enter e0test
 core energy =   9.1895337626396856     
 energyHF(1)              (-123.04825792176744,0.0000000000000000)
 energyHF(2)               (37.814817330722036,0.0000000000000000)
 energyHF =              (-76.043906828405724,0.0000000000000000)
 energyHF(MRCONEE) =  -76.043906828394213     
 energyHF(MRCONEE) - energyHF =         (1.15107923193136230E-011,0.0000000000000000)
 -------------------------------------------------------------------------
 NOTE:
 If DIRAC HF calculation was calculated with closed shell orbitals,
 the energyHF obtained from MRCONEE should be
 approximately the same as the energyHF.
 But if DIRAC HF calculation was calculated with open shell orbitals,
 the two energies may be different because DIRAC calculates the HF energy
 by AOC-HF method as default.
 -------------------------------------------------------------------------
selectroot 1
 energy 1 =              (-95.067851748726454,0.0000000000000000)
 energy 2 =               (16.027306323072992,0.0000000000000000)
 energy 3 =              (-10.253424651124796,0.0000000000000000)
 energy 4 =               (4.0598087722139189,0.0000000000000000)
 t-energy(1-4)              (-85.234161304564353,0.0000000000000000)
 t-energy  -85.234161304564353     
 C the error                (0.0000000000000000,0.0000000000000000)
Master rank allocated memory size:       5.22 MB
Master rank allocated memory size:     648.00 bytes
computational time = 0 day 0 h 0 min 0.433 sec
 End r4dcasci part
 
@@@@@@@@@@@@@@@@@@@@@@@@@@@@@@@@@@@@@@@@@@@@@@@@@@@@@@@@@@@@@@@@@@@@@@@@@@@@@@@@@@@@
@        ____  _____ _        _  _____ _____     _____ ____ _____ ___ ____         @
@       |  _ \| ____| |      / \|_   _|_ _\ \   / /_ _/ ___|_   _|_ _/ ___|        @
@       | |_) |  _| | |     / _ \ | |  | | \ \ / / | |\___ \ | |  | | |            @
@       |  _ <| |___| |___ / ___ \| |  | |  \ V /  | | ___) || |  | | |___         @
@       |_|_\_\_____|_____/_/___\_\_|_|___|_ \_/  |___|____/ |_| |___\____|        @
@                       / ___|  / \  / ___||  _ \_   _|___ \                       @
@                      | |     / _ \ \___ \| |_) || |   __) |                      @
@                      | |___ / ___ \ ___) |  __/ | |  / __/                       @
@                       \____/_/   \_\____/|_|    |_| |_____|                      @
@                                                                                  @
@       Developped by Kohei Noda, Yasuto Masuda, Sumika Iwamuro, Minori Abe        @
@               Hiroshima University & Tokyo Metropolitan Univeristy               @
@                     https://github.com/RQC-HU/dirac_caspt2                       @
@                                                                                  @
@@@@@@@@@@@@@@@@@@@@@@@@@@@@@@@@@@@@@@@@@@@@@@@@@@@@@@@@@@@@@@@@@@@@@@@@@@@@@@@@@@@@
@                                                                                  @
@                MMMN,                                    .MMp                     @
@               .#  ?YMa,                                dM\Tb                     @
@               .F    ,MMm,                             dM#  .W,                   @
@               (F      TMMp                           JMMt    7,                  @
@               J]       4MMp                      .dMM@       M[                  @
@               M\        ?MMh.                    .(MMMF       -N.                @
@              .M          qMMMN+.............(+gMMMMM@^ (((()  MN                 @
@              (F          .MT"^ _~?77?!~~???77"^ ``,!           JM!               @
@              M]                                                  TN,             @
@             .M}                                                  VMp             @
@             MM        .gMMMNJ.                 ..MMMMMa,          UM2            @
@            JP       .MMMMMMMMMN,              .M^MMMMN,TN,         UMp           @
@           Jb        M@.MMMMMM)?Mh           .M^ MMMMMM] ?h          MMb          @
@          .M^       .Hp 4MMMM!  .Mb          .M  (MMMM) ..9]      ...(MMNCASPT2   @
@         .Mh.(J.,     TMNMMMMNM"^ 7`         TWgJuMMNg&M"     .d"""777MM!~??`     @
@    ..gMMMM"^ .^          ?^                       ^^?                q@]         @
@  .MM#"` MF        ^^^               ......             ^^^           -b          @
@ , "     HN{                         WMMMM\   ..&,.           MNMNH96jM@          @
@         .Mh,                 .       /M@^        //              _7^WMMMMNg,.    @
@          dMugNMMMMMM9         .%      M:       ..M`                J@    74,     @
@        ..MMM&       ..        TMa....M9WNmQggN#^?          jQNgg+..MF            @
@      .M@^ .dMMo..gd ^`            `                          ?jM RASPT2.         @
@     dF      ~jMM#1.               .N,      .N=        `   ..g#      .7           @
@             .MMTTMMNm,.            -MMMWyM9-         ..+MMMT=)  dMM      mi      @
@           .dMF    7?W""9g...,                 ...J"=`y"D`         FFM            @
@          .MMF                 ^    """"""""   ^                      KK.         @
@                                                                                  @
@@@@@@@@@@@@@@@@@@@@@@@@@@@@@@@@@@@@@@@@@@@@@@@@@@@@@@@@@@@@@@@@@@@@@@@@@@@@@@@@@@@@
@                                                                                  @
@       This program is intended to be used after HF and MO transformation         @
@       calculations uisng the DIRAC software.                                     @
@       https://www.diracprogram.org/doku.php?id=start                             @
@                                                                                  @
@       You can use, redistribute and/or modify this program under the terms       @
@       of the GNU Lesser General Public License version 2.1 as published          @
@       by the Free Software Foundation.                                           @
@                                                                                  @
@       Please cite the following paper when you publish the data obtained         @
@       using this program.                                                        @
@       1. Y. Masuda, K. Noda, S. Iwamuro, M. Hada, N. Nakatani, M. Abe.           @
@          Relativistic CASPT2/RASPT2 Program along with DIRAC software.           @
@          J. Chem. Theory Comput. 2025, 21, 3, 1249â€“1258;                         @
@          https://doi.org/10.1021/acs.jctc.4c01589                                @
@                                                                                  @
@       We do not take any responsibility for the results produced                 @
@       by this program.                                                           @
@                                                                                  @
@@@@@@@@@@@@@@@@@@@@@@@@@@@@@@@@@@@@@@@@@@@@@@@@@@@@@@@@@@@@@@@@@@@@@@@@@@@@@@@@@@@@
 
 
  START RELATIVISIC CASPT2 PROGRAM
 
Master rank allocated memory size:       0.00 bytes
Present time is
YEAR  = 2025 MONTH = 2 DATE  = 27
HOUR  = 12 MIN  = 56 SEC  = 42.590
 ninact        = 6
 nact          = 6
 nsec          = 48
 nelec         = 4
 nroot         = 9
 selectroot    = 1
 totsym        = 3
 eshift        = 0.0000000000E+00
 diracver      = 21
 scheme        = 6
 ras1_max_hole = 0
 ras3_max_elec = 0
 minholeras1   = 0
 debugprint    = F
 
 Reading MDCINT (2-e integrals)
Master rank allocated memory size:       0.00 bytes
 nmo        =                   60
 Enter readint2_casci subroutine (realonly)
Master rank allocated memory size:       5.30 MB
 end Read mdcint normal
computational time = 0 day 0 h 0 min 0.173 sec
 end building fock
computational time = 0 day 0 h 0 min 0.006 sec
  
 *******************************
  
IRREP =    a
  
 *******************************
  
 selectroot =                     1
computational time = 0 day 0 h 0 min 0.000 sec
----------------------------------------------------------------
 Start calcultion of A subspace 2nd order energy
----------------------------------------------------------------
Master rank allocated memory size:       5.26 MB
Master rank allocated memory size:       5.26 MB
  
 e2a(isym)
 e2a(  1)  =    -0.337343104099816E-03 a.u.
 e2a(  2)  =    -0.337343104099806E-03 a.u.
 e2a       =    -0.674686208199623E-03 a.u.
 sumc2,a   =     0.290176077839297E-03
  
 End calcultion of A subspace 2nd order energy
computational time = 0 day 0 h 0 min 0.030 sec
----------------------------------------------------------------
  
----------------------------------------------------------------
 Start calcultion of B subspace 2nd order energy
----------------------------------------------------------------
Master rank allocated memory size:       5.26 MB
  
 e2b(isym)
 e2b(  1)  =    -0.828681042750985E-03 a.u.
 e2b       =    -0.828681042750985E-03 a.u.
 sumc2,b   =     0.338022990996297E-03
  
 End calcuation of B subspace 2nd order energy
computational time = 0 day 0 h 0 min 0.002 sec
----------------------------------------------------------------
  
----------------------------------------------------------------
 Start calcultion of C subspace 2nd order energy
----------------------------------------------------------------
Master rank allocated memory size:       5.33 MB
Master rank allocated memory size:       5.33 MB
Master rank allocated memory size:       5.33 MB
  
 e2c(isym)
 e2c(  1) =    -0.170435231000298E-02 a.u.
 e2c(  2) =    -0.170435231000297E-02 a.u.
 e2c      =    -0.340870462000595E-02 a.u.
 sumc2,c  =     0.139413132077416E-02
  
 End calcuation of C subspace 2nd order energy
computational time = 0 day 0 h 0 min 0.092 sec
----------------------------------------------------------------
  
----------------------------------------------------------------
 Start calcultion of D subspace 2nd order energy
----------------------------------------------------------------
Master rank allocated memory size:       5.33 MB
Master rank allocated memory size:       5.33 MB
Master rank allocated memory size:       5.33 MB
  
 e2d(isym)
 e2d(  1) =    -0.690705484401570E-02 a.u.
 e2d(  2) =    -0.332641739585573E-02 a.u.
 e2d      =    -0.102334722398714E-01 a.u.
 sumc2,d  =     0.359926629954136E-02
  
 End calcuation of D subspace 2nd order energy
computational time = 0 day 0 h 0 min 0.066 sec
----------------------------------------------------------------
  
----------------------------------------------------------------
 Start calcultion of E subspace 2nd order energy
----------------------------------------------------------------
Master rank allocated memory size:       5.33 MB
  
 e2e(isym)
 e2e(  1) =    -0.322791997527993E-02 a.u.
 e2e(  2) =    -0.322791997527990E-02 a.u.
 e2e      =    -0.645583995055983E-02 a.u.
 sumc2,e  =     0.186826920630449E-02
  
 End calcuation of E subspace 2nd order energy
computational time = 0 day 0 h 0 min 0.013 sec
----------------------------------------------------------------
  
----------------------------------------------------------------
 Start calcultion of F subspace 2nd order energy
----------------------------------------------------------------
Master rank allocated memory size:       5.88 MB
  
 e2f(isym)
 e2f(  1) =    -0.270893999063159E-01 a.u.
 e2f(  2) =    -0.973353509228903E-02 a.u.
 e2f      =    -0.368229349986049E-01 a.u.
 sumc2,f  =     0.954576564347974E-02
  
 End calcuation of F subspace 2nd order energy
computational time = 0 day 0 h 0 min 0.107 sec
----------------------------------------------------------------
  
----------------------------------------------------------------
 Start calcultion of G subspace 2nd order energy
----------------------------------------------------------------
Master rank allocated memory size:       5.88 MB
  
 e2g(isym)
 e2g(  1) =    -0.290353736637534E-01 a.u.
 e2g(  2) =    -0.290353736637534E-01 a.u.
 e2g      =    -0.580707473275068E-01 a.u.
 sumc2,g  =     0.136454988258678E-01
  
 End calcuation of G subspace 2nd order energy
computational time = 0 day 0 h 0 min 0.106 sec
----------------------------------------------------------------
  
----------------------------------------------------------------
 Start calcultion of H subspace 2nd order energy
----------------------------------------------------------------
Master rank allocated memory size:       5.88 MB
  
 e2h      =    -0.611879697454880E-01 a.u.
 sumc2,h  =     0.793021740185344E-02
  
 End calcuation of H subspace 2nd order energy
computational time = 0 day 0 h 0 min 0.076 sec
----------------------------------------------------------------
  
 CASPT2 ENERGY FOR 3 STATE, selectroot = 1
 c^2 is                                 0.03861134776665662433
 weight of 0th wave function is         0.96282406518118335281
 Total second order energy is          -0.17768303613298763732 a.u.
 Total energy is                      -76.22231057805765885860 a.u.
  
 END OF RELATIVISTIC CASPT2 PROGRAM

================= Standard error =================

================= Calculation finished ================
User Command : /workspace/build/dcaspt2 -i /workspace/test/unmarked/c2_h2o/active.inp -o /workspace/test/unmarked/c2_h2o/c2_h2o.caspt2.out --omp 1
Auto-created Command :  /workspace/build/r4dcaspt2exe
Scratch directory : /home/docker/dcaspt2_scratch/active_2025-02-27_12-56-42_0m6eaoxo
Output file : /workspace/test/unmarked/c2_h2o/c2_h2o.caspt2.out
Calculation started at : 2025-02-27 12:56:42
Calculation finished at : 2025-02-27 12:56:43
Elapsed time (sec) : 1.1180 sec
Elapsed time : 0 day 0 hour 0 min 1 sec 117 millisecond
dirac-caspt2 version (commit hash) : e91dda0be404ad211985ff259698f8c040354219
NORMAL END OF dirac-caspt2 CALCULATION
